<?xml version="1.0"?>
<link_info>
   <banner>TI ARM Linker PC v5.1.10</banner>
   <copyright>Copyright (c) 1996-2015 Texas Instruments Incorporated</copyright>
   <link_time>0x55049b34</link_time>
   <link_errors>0x0</link_errors>
   <output_file>airstrike.out</output_file>
   <entry_point>
      <name>_c_int00</name>
      <address>0x20009c91</address>
   </entry_point>
   <input_file_list>
      <input_file id="fl-2">
         <path>.\</path>
         <kind>object</kind>
         <file>main.obj</file>
         <name>main.obj</name>
      </input_file>
      <input_file id="fl-3">
         <path>.\</path>
         <kind>object</kind>
         <file>network.obj</file>
         <name>network.obj</name>
      </input_file>
      <input_file id="fl-4">
         <path>.\</path>
         <kind>object</kind>
         <file>pwm.obj</file>
         <name>pwm.obj</name>
      </input_file>
      <input_file id="fl-5">
         <path>.\</path>
         <kind>object</kind>
         <file>rom_pin_mux_config.obj</file>
         <name>rom_pin_mux_config.obj</name>
      </input_file>
      <input_file id="fl-6">
         <path>.\</path>
         <kind>object</kind>
         <file>startup_ccs.obj</file>
         <name>startup_ccs.obj</name>
      </input_file>
      <input_file id="fl-135">
         <path>c:\ti\ccsv6\tools\compiler\arm_5.1.10\lib\</path>
         <kind>archive</kind>
         <file>rtsv7M4_T_le_v4SPD16_eabi.lib</file>
         <name>boot.obj</name>
      </input_file>
      <input_file id="fl-136">
         <path>c:\ti\ccsv6\tools\compiler\arm_5.1.10\lib\</path>
         <kind>archive</kind>
         <file>rtsv7M4_T_le_v4SPD16_eabi.lib</file>
         <name>copy_decompress_none.obj</name>
      </input_file>
      <input_file id="fl-137">
         <path>c:\ti\ccsv6\tools\compiler\arm_5.1.10\lib\</path>
         <kind>archive</kind>
         <file>rtsv7M4_T_le_v4SPD16_eabi.lib</file>
         <name>copy_decompress_rle.obj</name>
      </input_file>
      <input_file id="fl-138">
         <path>c:\ti\ccsv6\tools\compiler\arm_5.1.10\lib\</path>
         <kind>archive</kind>
         <file>rtsv7M4_T_le_v4SPD16_eabi.lib</file>
         <name>copy_zero_init.obj</name>
      </input_file>
      <input_file id="fl-139">
         <path>c:\ti\ccsv6\tools\compiler\arm_5.1.10\lib\</path>
         <kind>archive</kind>
         <file>rtsv7M4_T_le_v4SPD16_eabi.lib</file>
         <name>exit.obj</name>
      </input_file>
      <input_file id="fl-13a">
         <path>c:\ti\ccsv6\tools\compiler\arm_5.1.10\lib\</path>
         <kind>archive</kind>
         <file>rtsv7M4_T_le_v4SPD16_eabi.lib</file>
         <name>memcmp.obj</name>
      </input_file>
      <input_file id="fl-13b">
         <path>c:\ti\ccsv6\tools\compiler\arm_5.1.10\lib\</path>
         <kind>archive</kind>
         <file>rtsv7M4_T_le_v4SPD16_eabi.lib</file>
         <name>memcpy_t2.obj</name>
      </input_file>
      <input_file id="fl-13c">
         <path>c:\ti\ccsv6\tools\compiler\arm_5.1.10\lib\</path>
         <kind>archive</kind>
         <file>rtsv7M4_T_le_v4SPD16_eabi.lib</file>
         <name>memory.obj</name>
      </input_file>
      <input_file id="fl-13d">
         <path>c:\ti\ccsv6\tools\compiler\arm_5.1.10\lib\</path>
         <kind>archive</kind>
         <file>rtsv7M4_T_le_v4SPD16_eabi.lib</file>
         <name>memset_t2.obj</name>
      </input_file>
      <input_file id="fl-13e">
         <path>c:\ti\ccsv6\tools\compiler\arm_5.1.10\lib\</path>
         <kind>archive</kind>
         <file>rtsv7M4_T_le_v4SPD16_eabi.lib</file>
         <name>printf.obj</name>
      </input_file>
      <input_file id="fl-13f">
         <path>c:\ti\ccsv6\tools\compiler\arm_5.1.10\lib\</path>
         <kind>archive</kind>
         <file>rtsv7M4_T_le_v4SPD16_eabi.lib</file>
         <name>stkdepth_vars.obj</name>
      </input_file>
      <input_file id="fl-140">
         <path>c:\ti\ccsv6\tools\compiler\arm_5.1.10\lib\</path>
         <kind>archive</kind>
         <file>rtsv7M4_T_le_v4SPD16_eabi.lib</file>
         <name>strcpy.obj</name>
      </input_file>
      <input_file id="fl-141">
         <path>c:\ti\ccsv6\tools\compiler\arm_5.1.10\lib\</path>
         <kind>archive</kind>
         <file>rtsv7M4_T_le_v4SPD16_eabi.lib</file>
         <name>strlen.obj</name>
      </input_file>
      <input_file id="fl-142">
         <path>c:\ti\ccsv6\tools\compiler\arm_5.1.10\lib\</path>
         <kind>archive</kind>
         <file>rtsv7M4_T_le_v4SPD16_eabi.lib</file>
         <name>_lock.obj</name>
      </input_file>
      <input_file id="fl-143">
         <path>c:\ti\ccsv6\tools\compiler\arm_5.1.10\lib\</path>
         <kind>archive</kind>
         <file>rtsv7M4_T_le_v4SPD16_eabi.lib</file>
         <name>_printfi.obj</name>
      </input_file>
      <input_file id="fl-144">
         <path>c:\ti\ccsv6\tools\compiler\arm_5.1.10\lib\</path>
         <kind>archive</kind>
         <file>rtsv7M4_T_le_v4SPD16_eabi.lib</file>
         <name>args_main.obj</name>
      </input_file>
      <input_file id="fl-145">
         <path>c:\ti\ccsv6\tools\compiler\arm_5.1.10\lib\</path>
         <kind>archive</kind>
         <file>rtsv7M4_T_le_v4SPD16_eabi.lib</file>
         <name>atoi.obj</name>
      </input_file>
      <input_file id="fl-146">
         <path>c:\ti\ccsv6\tools\compiler\arm_5.1.10\lib\</path>
         <kind>archive</kind>
         <file>rtsv7M4_T_le_v4SPD16_eabi.lib</file>
         <name>auto_init.obj</name>
      </input_file>
      <input_file id="fl-147">
         <path>c:\ti\ccsv6\tools\compiler\arm_5.1.10\lib\</path>
         <kind>archive</kind>
         <file>rtsv7M4_T_le_v4SPD16_eabi.lib</file>
         <name>cpy_tbl.obj</name>
      </input_file>
      <input_file id="fl-148">
         <path>c:\ti\ccsv6\tools\compiler\arm_5.1.10\lib\</path>
         <kind>archive</kind>
         <file>rtsv7M4_T_le_v4SPD16_eabi.lib</file>
         <name>ctype.obj</name>
      </input_file>
      <input_file id="fl-149">
         <path>c:\ti\ccsv6\tools\compiler\arm_5.1.10\lib\</path>
         <kind>archive</kind>
         <file>rtsv7M4_T_le_v4SPD16_eabi.lib</file>
         <name>defs.obj</name>
      </input_file>
      <input_file id="fl-14a">
         <path>c:\ti\ccsv6\tools\compiler\arm_5.1.10\lib\</path>
         <kind>archive</kind>
         <file>rtsv7M4_T_le_v4SPD16_eabi.lib</file>
         <name>fd_add_t2.obj</name>
      </input_file>
      <input_file id="fl-14b">
         <path>c:\ti\ccsv6\tools\compiler\arm_5.1.10\lib\</path>
         <kind>archive</kind>
         <file>rtsv7M4_T_le_v4SPD16_eabi.lib</file>
         <name>fd_cmp_t2.obj</name>
      </input_file>
      <input_file id="fl-14c">
         <path>c:\ti\ccsv6\tools\compiler\arm_5.1.10\lib\</path>
         <kind>archive</kind>
         <file>rtsv7M4_T_le_v4SPD16_eabi.lib</file>
         <name>fd_div_t2.obj</name>
      </input_file>
      <input_file id="fl-14d">
         <path>c:\ti\ccsv6\tools\compiler\arm_5.1.10\lib\</path>
         <kind>archive</kind>
         <file>rtsv7M4_T_le_v4SPD16_eabi.lib</file>
         <name>fd_mul_t2.obj</name>
      </input_file>
      <input_file id="fl-14e">
         <path>c:\ti\ccsv6\tools\compiler\arm_5.1.10\lib\</path>
         <kind>archive</kind>
         <file>rtsv7M4_T_le_v4SPD16_eabi.lib</file>
         <name>fd_toi_t2.obj</name>
      </input_file>
      <input_file id="fl-14f">
         <path>c:\ti\ccsv6\tools\compiler\arm_5.1.10\lib\</path>
         <kind>archive</kind>
         <file>rtsv7M4_T_le_v4SPD16_eabi.lib</file>
         <name>fputc.obj</name>
      </input_file>
      <input_file id="fl-150">
         <path>c:\ti\ccsv6\tools\compiler\arm_5.1.10\lib\</path>
         <kind>archive</kind>
         <file>rtsv7M4_T_le_v4SPD16_eabi.lib</file>
         <name>fputs.obj</name>
      </input_file>
      <input_file id="fl-151">
         <path>c:\ti\ccsv6\tools\compiler\arm_5.1.10\lib\</path>
         <kind>archive</kind>
         <file>rtsv7M4_T_le_v4SPD16_eabi.lib</file>
         <name>i_tofd_t2.obj</name>
      </input_file>
      <input_file id="fl-152">
         <path>c:\ti\ccsv6\tools\compiler\arm_5.1.10\lib\</path>
         <kind>archive</kind>
         <file>rtsv7M4_T_le_v4SPD16_eabi.lib</file>
         <name>ll_mul_t2.obj</name>
      </input_file>
      <input_file id="fl-153">
         <path>c:\ti\ccsv6\tools\compiler\arm_5.1.10\lib\</path>
         <kind>archive</kind>
         <file>rtsv7M4_T_le_v4SPD16_eabi.lib</file>
         <name>lowlev.obj</name>
      </input_file>
      <input_file id="fl-154">
         <path>c:\ti\ccsv6\tools\compiler\arm_5.1.10\lib\</path>
         <kind>archive</kind>
         <file>rtsv7M4_T_le_v4SPD16_eabi.lib</file>
         <name>ltoa.obj</name>
      </input_file>
      <input_file id="fl-155">
         <path>c:\ti\ccsv6\tools\compiler\arm_5.1.10\lib\</path>
         <kind>archive</kind>
         <file>rtsv7M4_T_le_v4SPD16_eabi.lib</file>
         <name>memccpy.obj</name>
      </input_file>
      <input_file id="fl-156">
         <path>c:\ti\ccsv6\tools\compiler\arm_5.1.10\lib\</path>
         <kind>archive</kind>
         <file>rtsv7M4_T_le_v4SPD16_eabi.lib</file>
         <name>memchr.obj</name>
      </input_file>
      <input_file id="fl-157">
         <path>c:\ti\ccsv6\tools\compiler\arm_5.1.10\lib\</path>
         <kind>archive</kind>
         <file>rtsv7M4_T_le_v4SPD16_eabi.lib</file>
         <name>strchr.obj</name>
      </input_file>
      <input_file id="fl-158">
         <path>c:\ti\ccsv6\tools\compiler\arm_5.1.10\lib\</path>
         <kind>archive</kind>
         <file>rtsv7M4_T_le_v4SPD16_eabi.lib</file>
         <name>strcmp.obj</name>
      </input_file>
      <input_file id="fl-159">
         <path>c:\ti\ccsv6\tools\compiler\arm_5.1.10\lib\</path>
         <kind>archive</kind>
         <file>rtsv7M4_T_le_v4SPD16_eabi.lib</file>
         <name>strncpy.obj</name>
      </input_file>
      <input_file id="fl-15a">
         <path>c:\ti\ccsv6\tools\compiler\arm_5.1.10\lib\</path>
         <kind>archive</kind>
         <file>rtsv7M4_T_le_v4SPD16_eabi.lib</file>
         <name>trgdrv.obj</name>
      </input_file>
      <input_file id="fl-15b">
         <path>c:\ti\ccsv6\tools\compiler\arm_5.1.10\lib\</path>
         <kind>archive</kind>
         <file>rtsv7M4_T_le_v4SPD16_eabi.lib</file>
         <name>trgmsg.obj</name>
      </input_file>
      <input_file id="fl-15c">
         <path>c:\ti\ccsv6\tools\compiler\arm_5.1.10\lib\</path>
         <kind>archive</kind>
         <file>rtsv7M4_T_le_v4SPD16_eabi.lib</file>
         <name>ull_div_t2.obj</name>
      </input_file>
      <input_file id="fl-15d">
         <path>c:\ti\ccsv6\tools\compiler\arm_5.1.10\lib\</path>
         <kind>archive</kind>
         <file>rtsv7M4_T_le_v4SPD16_eabi.lib</file>
         <name>xdclass.obj</name>
      </input_file>
      <input_file id="fl-15e">
         <path>c:\ti\ccsv6\tools\compiler\arm_5.1.10\lib\</path>
         <kind>archive</kind>
         <file>rtsv7M4_T_le_v4SPD16_eabi.lib</file>
         <name>xdtest.obj</name>
      </input_file>
      <input_file id="fl-15f">
         <path>c:\ti\ccsv6\tools\compiler\arm_5.1.10\lib\</path>
         <kind>archive</kind>
         <file>rtsv7M4_T_le_v4SPD16_eabi.lib</file>
         <name>_io_perm.obj</name>
      </input_file>
      <input_file id="fl-160">
         <path>c:\ti\ccsv6\tools\compiler\arm_5.1.10\lib\</path>
         <kind>archive</kind>
         <file>rtsv7M4_T_le_v4SPD16_eabi.lib</file>
         <name>fflush.obj</name>
      </input_file>
      <input_file id="fl-161">
         <path>c:\ti\ccsv6\tools\compiler\arm_5.1.10\lib\</path>
         <kind>archive</kind>
         <file>rtsv7M4_T_le_v4SPD16_eabi.lib</file>
         <name>fseek.obj</name>
      </input_file>
      <input_file id="fl-162">
         <path>c:\ti\ccsv6\tools\compiler\arm_5.1.10\lib\</path>
         <kind>archive</kind>
         <file>rtsv7M4_T_le_v4SPD16_eabi.lib</file>
         <name>setvbuf.obj</name>
      </input_file>
      <input_file id="fl-163">
         <path>c:\ti\ccsv6\tools\compiler\arm_5.1.10\lib\</path>
         <kind>archive</kind>
         <file>rtsv7M4_T_le_v4SPD16_eabi.lib</file>
         <name>fopen.obj</name>
      </input_file>
      <input_file id="fl-164">
         <path>c:\ti\ccsv6\tools\compiler\arm_5.1.10\lib\</path>
         <kind>archive</kind>
         <file>rtsv7M4_T_le_v4SPD16_eabi.lib</file>
         <name>fclose.obj</name>
      </input_file>
      <input_file id="fl-165">
         <path>c:\ti\ccsv6\tools\compiler\arm_5.1.10\lib\</path>
         <kind>archive</kind>
         <file>rtsv7M4_T_le_v4SPD16_eabi.lib</file>
         <name>remove.obj</name>
      </input_file>
      <input_file id="fl-166">
         <path>C:\ti\CC3200SDK_1.0.0\cc3200-sdk\simplelink\ccs\NON_OS\</path>
         <kind>archive</kind>
         <file>simplelink.a</file>
         <name>device.obj</name>
      </input_file>
      <input_file id="fl-167">
         <path>C:\ti\CC3200SDK_1.0.0\cc3200-sdk\simplelink\ccs\NON_OS\</path>
         <kind>archive</kind>
         <file>simplelink.a</file>
         <name>driver.obj</name>
      </input_file>
      <input_file id="fl-168">
         <path>C:\ti\CC3200SDK_1.0.0\cc3200-sdk\simplelink\ccs\NON_OS\</path>
         <kind>archive</kind>
         <file>simplelink.a</file>
         <name>flowcont.obj</name>
      </input_file>
      <input_file id="fl-169">
         <path>C:\ti\CC3200SDK_1.0.0\cc3200-sdk\simplelink\ccs\NON_OS\</path>
         <kind>archive</kind>
         <file>simplelink.a</file>
         <name>netapp.obj</name>
      </input_file>
      <input_file id="fl-16a">
         <path>C:\ti\CC3200SDK_1.0.0\cc3200-sdk\simplelink\ccs\NON_OS\</path>
         <kind>archive</kind>
         <file>simplelink.a</file>
         <name>netcfg.obj</name>
      </input_file>
      <input_file id="fl-16b">
         <path>C:\ti\CC3200SDK_1.0.0\cc3200-sdk\simplelink\ccs\NON_OS\</path>
         <kind>archive</kind>
         <file>simplelink.a</file>
         <name>nonos.obj</name>
      </input_file>
      <input_file id="fl-16c">
         <path>C:\ti\CC3200SDK_1.0.0\cc3200-sdk\simplelink\ccs\NON_OS\</path>
         <kind>archive</kind>
         <file>simplelink.a</file>
         <name>socket.obj</name>
      </input_file>
      <input_file id="fl-16d">
         <path>C:\ti\CC3200SDK_1.0.0\cc3200-sdk\simplelink\ccs\NON_OS\</path>
         <kind>archive</kind>
         <file>simplelink.a</file>
         <name>wlan.obj</name>
      </input_file>
      <input_file id="fl-16e">
         <path>C:\ti\CC3200SDK_1.0.0\cc3200-sdk\simplelink\ccs\NON_OS\</path>
         <kind>archive</kind>
         <file>simplelink.a</file>
         <name>cc_pal.obj</name>
      </input_file>
      <input_file id="fl-16f">
         <path>C:\ti\CC3200SDK_1.0.0\cc3200-sdk\driverlib\ccs\Release\</path>
         <kind>archive</kind>
         <file>driverlib.a</file>
         <name>gpio.obj</name>
      </input_file>
      <input_file id="fl-170">
         <path>C:\ti\CC3200SDK_1.0.0\cc3200-sdk\driverlib\ccs\Release\</path>
         <kind>archive</kind>
         <file>driverlib.a</file>
         <name>interrupt.obj</name>
      </input_file>
      <input_file id="fl-171">
         <path>C:\ti\CC3200SDK_1.0.0\cc3200-sdk\driverlib\ccs\Release\</path>
         <kind>archive</kind>
         <file>driverlib.a</file>
         <name>pin.obj</name>
      </input_file>
      <input_file id="fl-172">
         <path>C:\ti\CC3200SDK_1.0.0\cc3200-sdk\driverlib\ccs\Release\</path>
         <kind>archive</kind>
         <file>driverlib.a</file>
         <name>prcm.obj</name>
      </input_file>
      <input_file id="fl-173">
         <path>C:\ti\CC3200SDK_1.0.0\cc3200-sdk\driverlib\ccs\Release\</path>
         <kind>archive</kind>
         <file>driverlib.a</file>
         <name>spi.obj</name>
      </input_file>
      <input_file id="fl-174">
         <path>C:\ti\CC3200SDK_1.0.0\cc3200-sdk\driverlib\ccs\Release\</path>
         <kind>archive</kind>
         <file>driverlib.a</file>
         <name>timer.obj</name>
      </input_file>
      <input_file id="fl-175">
         <path>C:\ti\CC3200SDK_1.0.0\cc3200-sdk\driverlib\ccs\Release\</path>
         <kind>archive</kind>
         <file>driverlib.a</file>
         <name>udma.obj</name>
      </input_file>
      <input_file id="fl-176">
         <path>C:\ti\CC3200SDK_1.0.0\cc3200-sdk\driverlib\ccs\Release\</path>
         <kind>archive</kind>
         <file>driverlib.a</file>
         <name>utils.obj</name>
      </input_file>
      <input_file id="fl-177">
         <path>C:\ti\CC3200SDK_1.0.0\cc3200-sdk\driverlib\ccs\Release\</path>
         <kind>archive</kind>
         <file>driverlib.a</file>
         <name>cpu.obj</name>
      </input_file>
      <input_file id="fl-178">
         <path>C:\ti\CC3200SDK_1.0.0\cc3200-sdk\driverlib\ccs\Release\</path>
         <kind>archive</kind>
         <file>driverlib.a</file>
         <name>flash.obj</name>
      </input_file>
      <input_file id="fl-179">
         <path>c:\ti\ccsv6\tools\compiler\arm_5.1.10\lib\</path>
         <kind>archive</kind>
         <file>rtsv7M4_T_le_v4SPD16_eabi.lib</file>
         <name>ll_lsr_t2.obj</name>
      </input_file>
   </input_file_list>
   <object_component_list>
      <object_component id="oc-e">
         <name>.intvecs</name>
         <load_address>0x20004000</load_address>
         <run_address>0x20004000</run_address>
         <size>0x400</size>
         <input_file_ref idref="fl-6"/>
      </object_component>
      <object_component id="oc-169">
         <name>.text</name>
         <load_address>0x20004400</load_address>
         <run_address>0x20004400</run_address>
         <size>0xec0</size>
         <input_file_ref idref="fl-143"/>
      </object_component>
      <object_component id="oc-7d">
         <name>.text</name>
         <load_address>0x200052c0</load_address>
         <run_address>0x200052c0</run_address>
         <size>0x4e0</size>
         <input_file_ref idref="fl-2"/>
      </object_component>
      <object_component id="oc-d2">
         <name>.text</name>
         <load_address>0x200057a0</load_address>
         <run_address>0x200057a0</run_address>
         <size>0x3dc</size>
         <input_file_ref idref="fl-13c"/>
      </object_component>
      <object_component id="oc-587">
         <name>.text:_SlDrvMsgRead</name>
         <load_address>0x20005b7c</load_address>
         <run_address>0x20005b7c</run_address>
         <size>0x3b4</size>
         <input_file_ref idref="fl-167"/>
      </object_component>
      <object_component id="oc-58d">
         <name>.text:_SlAsyncEventGenericHandler</name>
         <load_address>0x20005f30</load_address>
         <run_address>0x20005f30</run_address>
         <size>0x34c</size>
         <input_file_ref idref="fl-167"/>
      </object_component>
      <object_component id="oc-10d">
         <name>.text</name>
         <load_address>0x2000627c</load_address>
         <run_address>0x2000627c</run_address>
         <size>0x34c</size>
         <input_file_ref idref="fl-3"/>
      </object_component>
      <object_component id="oc-280">
         <name>.text</name>
         <load_address>0x200065c8</load_address>
         <run_address>0x200065c8</run_address>
         <size>0x310</size>
         <input_file_ref idref="fl-153"/>
      </object_component>
      <object_component id="oc-53a">
         <name>.text</name>
         <load_address>0x200068d8</load_address>
         <run_address>0x200068d8</run_address>
         <size>0x2d4</size>
         <input_file_ref idref="fl-15a"/>
      </object_component>
      <object_component id="oc-290">
         <name>.text</name>
         <load_address>0x20006bac</load_address>
         <run_address>0x20006bac</run_address>
         <size>0x1f4</size>
         <input_file_ref idref="fl-15c"/>
      </object_component>
      <object_component id="oc-521">
         <name>.text</name>
         <load_address>0x20006da0</load_address>
         <run_address>0x20006da0</run_address>
         <size>0x1c0</size>
         <input_file_ref idref="fl-163"/>
      </object_component>
      <object_component id="oc-2be">
         <name>.text</name>
         <load_address>0x20006f60</load_address>
         <run_address>0x20006f60</run_address>
         <size>0x1b6</size>
         <input_file_ref idref="fl-14a"/>
      </object_component>
      <object_component id="oc-57c">
         <name>.text:IntDefaultHandler</name>
         <load_address>0x20007116</load_address>
         <run_address>0x20007116</run_address>
         <size>0x2</size>
         <input_file_ref idref="fl-170"/>
      </object_component>
      <object_component id="oc-5da">
         <name>.text:_SlDrvRxHdrRead</name>
         <load_address>0x20007118</load_address>
         <run_address>0x20007118</run_address>
         <size>0x140</size>
         <input_file_ref idref="fl-167"/>
      </object_component>
      <object_component id="oc-2a4">
         <name>.text</name>
         <load_address>0x20007258</load_address>
         <run_address>0x20007258</run_address>
         <size>0x136</size>
         <input_file_ref idref="fl-14c"/>
      </object_component>
      <object_component id="oc-fb">
         <name>.text:PRCMCC3200MCUInit</name>
         <load_address>0x20007390</load_address>
         <run_address>0x20007390</run_address>
         <size>0x134</size>
         <input_file_ref idref="fl-172"/>
      </object_component>
      <object_component id="oc-163">
         <name>.text</name>
         <load_address>0x200074c4</load_address>
         <run_address>0x200074c4</run_address>
         <size>0x134</size>
         <input_file_ref idref="fl-150"/>
      </object_component>
      <object_component id="oc-324">
         <name>.text:spi_Open</name>
         <load_address>0x200075f8</load_address>
         <run_address>0x200075f8</run_address>
         <size>0x128</size>
         <input_file_ref idref="fl-16e"/>
      </object_component>
      <object_component id="oc-32a">
         <name>.text:_SlDrvWaitForPoolObj</name>
         <load_address>0x20007720</load_address>
         <run_address>0x20007720</run_address>
         <size>0x118</size>
         <input_file_ref idref="fl-167"/>
      </object_component>
      <object_component id="oc-4e1">
         <name>.text:_SlDrvMsgWrite</name>
         <load_address>0x20007838</load_address>
         <run_address>0x20007838</run_address>
         <size>0x114</size>
         <input_file_ref idref="fl-167"/>
      </object_component>
      <object_component id="oc-34e">
         <name>.text:_SlDrvReleasePoolObj</name>
         <load_address>0x2000794c</load_address>
         <run_address>0x2000794c</run_address>
         <size>0x10c</size>
         <input_file_ref idref="fl-167"/>
      </object_component>
      <object_component id="oc-107">
         <name>.text</name>
         <load_address>0x20007a58</load_address>
         <run_address>0x20007a58</run_address>
         <size>0x100</size>
         <input_file_ref idref="fl-4"/>
      </object_component>
      <object_component id="oc-29f">
         <name>.text</name>
         <load_address>0x20007b58</load_address>
         <run_address>0x20007b58</run_address>
         <size>0xfc</size>
         <input_file_ref idref="fl-14d"/>
      </object_component>
      <object_component id="oc-612">
         <name>.text:uDMAChannelTransferSet</name>
         <load_address>0x20007c54</load_address>
         <run_address>0x20007c54</run_address>
         <size>0xf0</size>
         <input_file_ref idref="fl-175"/>
      </object_component>
      <object_component id="oc-594">
         <name>.text:spi_Write</name>
         <load_address>0x20007d44</load_address>
         <run_address>0x20007d44</run_address>
         <size>0xec</size>
         <input_file_ref idref="fl-16e"/>
      </object_component>
      <object_component id="oc-3dc">
         <name>.text</name>
         <load_address>0x20007e30</load_address>
         <run_address>0x20007e30</run_address>
         <size>0xdc</size>
         <input_file_ref idref="fl-162"/>
      </object_component>
      <object_component id="oc-14c">
         <name>.text:SPITransfer32</name>
         <load_address>0x20007f0c</load_address>
         <run_address>0x20007f0c</run_address>
         <size>0xd0</size>
         <input_file_ref idref="fl-173"/>
      </object_component>
      <object_component id="oc-146">
         <name>.text:SPITransfer16</name>
         <load_address>0x20007fdc</load_address>
         <run_address>0x20007fdc</run_address>
         <size>0xce</size>
         <input_file_ref idref="fl-173"/>
      </object_component>
      <object_component id="oc-21b">
         <name>.text:sl_Stop</name>
         <load_address>0x200080ac</load_address>
         <run_address>0x200080ac</run_address>
         <size>0xcc</size>
         <input_file_ref idref="fl-166"/>
      </object_component>
      <object_component id="oc-5e6">
         <name>.text:spi_Read</name>
         <load_address>0x20008178</load_address>
         <run_address>0x20008178</run_address>
         <size>0xcc</size>
         <input_file_ref idref="fl-16e"/>
      </object_component>
      <object_component id="oc-20f">
         <name>.text:sl_Start</name>
         <load_address>0x20008244</load_address>
         <run_address>0x20008244</run_address>
         <size>0xc8</size>
         <input_file_ref idref="fl-166"/>
      </object_component>
      <object_component id="oc-27a">
         <name>.text</name>
         <load_address>0x2000830c</load_address>
         <run_address>0x2000830c</run_address>
         <size>0xc0</size>
         <input_file_ref idref="fl-160"/>
      </object_component>
      <object_component id="oc-4e7">
         <name>.text:_SlDrvMsgReadCmdCtx</name>
         <load_address>0x200083cc</load_address>
         <run_address>0x200083cc</run_address>
         <size>0xbc</size>
         <input_file_ref idref="fl-167"/>
      </object_component>
      <object_component id="oc-140">
         <name>.text:SPITransfer8</name>
         <load_address>0x20008488</load_address>
         <run_address>0x20008488</run_address>
         <size>0xb8</size>
         <input_file_ref idref="fl-173"/>
      </object_component>
      <object_component id="oc-667">
         <name>.text:_SlDrvNetAppEventHandler</name>
         <load_address>0x20008540</load_address>
         <run_address>0x20008540</run_address>
         <size>0xb2</size>
         <input_file_ref idref="fl-169"/>
      </object_component>
      <object_component id="oc-274">
         <name>.text</name>
         <load_address>0x200085f2</load_address>
         <run_address>0x200085f2</run_address>
         <size>0xac</size>
         <input_file_ref idref="fl-15f"/>
      </object_component>
      <object_component id="oc-4b0">
         <name>.text:IntDisable</name>
         <load_address>0x200086a0</load_address>
         <run_address>0x200086a0</run_address>
         <size>0xa8</size>
         <input_file_ref idref="fl-170"/>
      </object_component>
      <object_component id="oc-f5">
         <name>.text:IntEnable</name>
         <load_address>0x20008748</load_address>
         <run_address>0x20008748</run_address>
         <size>0xa8</size>
         <input_file_ref idref="fl-170"/>
      </object_component>
      <object_component id="oc-c6">
         <name>.text:SPIConfigSetExpClk</name>
         <load_address>0x200087f0</load_address>
         <run_address>0x200087f0</run_address>
         <size>0xa0</size>
         <input_file_ref idref="fl-173"/>
      </object_component>
      <object_component id="oc-15d">
         <name>.text</name>
         <load_address>0x20008890</load_address>
         <run_address>0x20008890</run_address>
         <size>0x9c</size>
         <input_file_ref idref="fl-14f"/>
      </object_component>
      <object_component id="oc-4a">
         <name>.text</name>
         <load_address>0x2000892c</load_address>
         <run_address>0x2000892c</run_address>
         <size>0x9c</size>
         <input_file_ref idref="fl-13b"/>
      </object_component>
      <object_component id="oc-5ec">
         <name>.text:_SlFindAndSetActiveObj</name>
         <load_address>0x200089c8</load_address>
         <run_address>0x200089c8</run_address>
         <size>0x98</size>
         <input_file_ref idref="fl-167"/>
      </object_component>
      <object_component id="oc-5ac">
         <name>.text</name>
         <load_address>0x20008a60</load_address>
         <run_address>0x20008a60</run_address>
         <size>0x98</size>
         <input_file_ref idref="fl-164"/>
      </object_component>
      <object_component id="oc-c0">
         <name>.text:PRCMPeripheralClockGet</name>
         <load_address>0x20008af8</load_address>
         <run_address>0x20008af8</run_address>
         <size>0x94</size>
         <input_file_ref idref="fl-172"/>
      </object_component>
      <object_component id="oc-5e0">
         <name>.text:_SlDrvClassifyRxMsg</name>
         <load_address>0x20008b8c</load_address>
         <run_address>0x20008b8c</run_address>
         <size>0x94</size>
         <input_file_ref idref="fl-167"/>
      </object_component>
      <object_component id="oc-4d8">
         <name>.text:_SlDrvMsgReadSpawnCtx</name>
         <load_address>0x20008c20</load_address>
         <run_address>0x20008c20</run_address>
         <size>0x94</size>
         <input_file_ref idref="fl-167"/>
      </object_component>
      <object_component id="oc-101">
         <name>.text</name>
         <load_address>0x20008cb4</load_address>
         <run_address>0x20008cb4</run_address>
         <size>0x94</size>
         <input_file_ref idref="fl-5"/>
      </object_component>
      <object_component id="oc-35">
         <name>.text</name>
         <load_address>0x20008d48</load_address>
         <run_address>0x20008d48</run_address>
         <size>0x94</size>
         <input_file_ref idref="fl-146"/>
      </object_component>
      <object_component id="oc-31e">
         <name>.text:_SlDrvDriverCBInit</name>
         <load_address>0x20008ddc</load_address>
         <run_address>0x20008ddc</run_address>
         <size>0x90</size>
         <input_file_ref idref="fl-167"/>
      </object_component>
      <object_component id="oc-2fa">
         <name>.text:PinConfigSet</name>
         <load_address>0x20008e6c</load_address>
         <run_address>0x20008e6c</run_address>
         <size>0x88</size>
         <input_file_ref idref="fl-171"/>
      </object_component>
      <object_component id="oc-b4">
         <name>.text:SPITransfer</name>
         <load_address>0x20008ef4</load_address>
         <run_address>0x20008ef4</run_address>
         <size>0x88</size>
         <input_file_ref idref="fl-173"/>
      </object_component>
      <object_component id="oc-368">
         <name>.text:_SlDrvCmdOp</name>
         <load_address>0x20008f7c</load_address>
         <run_address>0x20008f7c</run_address>
         <size>0x88</size>
         <input_file_ref idref="fl-167"/>
      </object_component>
      <object_component id="oc-29a">
         <name>.text:__aeabi_cdcmple</name>
         <load_address>0x20009004</load_address>
         <run_address>0x20009004</run_address>
         <size>0x86</size>
         <input_file_ref idref="fl-14b"/>
      </object_component>
      <object_component id="oc-2a9">
         <name>.text:__aeabi_cdrcmple</name>
         <load_address>0x2000908a</load_address>
         <run_address>0x2000908a</run_address>
         <size>0x86</size>
         <input_file_ref idref="fl-14b"/>
      </object_component>
      <object_component id="oc-638">
         <name>.text:_sl_HandleAsync_DnsGetHostByName</name>
         <load_address>0x20009110</load_address>
         <run_address>0x20009110</run_address>
         <size>0x84</size>
         <input_file_ref idref="fl-169"/>
      </object_component>
      <object_component id="oc-318">
         <name>.text:NwpPowerOnPreamble</name>
         <load_address>0x20009194</load_address>
         <run_address>0x20009194</run_address>
         <size>0x80</size>
         <input_file_ref idref="fl-16e"/>
      </object_component>
      <object_component id="oc-d8">
         <name>.text</name>
         <load_address>0x20009214</load_address>
         <run_address>0x20009214</run_address>
         <size>0x7a</size>
         <input_file_ref idref="fl-13d"/>
      </object_component>
      <object_component id="oc-674">
         <name>.text:SetupDMAReceive</name>
         <load_address>0x20009290</load_address>
         <run_address>0x20009290</run_address>
         <size>0x78</size>
         <input_file_ref idref="fl-16e"/>
      </object_component>
      <object_component id="oc-6a6">
         <name>.text:_sl_HandleAsync_InitComplete</name>
         <load_address>0x20009308</load_address>
         <run_address>0x20009308</run_address>
         <size>0x78</size>
         <input_file_ref idref="fl-166"/>
      </object_component>
      <object_component id="oc-5f9">
         <name>.text:_sl_HandleAsync_PingResponse</name>
         <load_address>0x20009380</load_address>
         <run_address>0x20009380</run_address>
         <size>0x78</size>
         <input_file_ref idref="fl-169"/>
      </object_component>
      <object_component id="oc-379">
         <name>.text:spi_Close</name>
         <load_address>0x200093f8</load_address>
         <run_address>0x200093f8</run_address>
         <size>0x74</size>
         <input_file_ref idref="fl-16e"/>
      </object_component>
      <object_component id="oc-dd">
         <name>.text</name>
         <load_address>0x2000946c</load_address>
         <run_address>0x2000946c</run_address>
         <size>0x70</size>
         <input_file_ref idref="fl-13e"/>
      </object_component>
      <object_component id="oc-62c">
         <name>.text:_sl_HandleAsync_Connect</name>
         <load_address>0x200094dc</load_address>
         <run_address>0x200094dc</run_address>
         <size>0x6c</size>
         <input_file_ref idref="fl-16c"/>
      </object_component>
      <object_component id="oc-626">
         <name>.text:_sl_HandleAsync_Accept</name>
         <load_address>0x20009548</load_address>
         <run_address>0x20009548</run_address>
         <size>0x68</size>
         <input_file_ref idref="fl-16c"/>
      </object_component>
      <object_component id="oc-63e">
         <name>.text:_sl_HandleAsync_DnsGetHostByService</name>
         <load_address>0x200095b0</load_address>
         <run_address>0x200095b0</run_address>
         <size>0x68</size>
         <input_file_ref idref="fl-169"/>
      </object_component>
      <object_component id="oc-3d6">
         <name>.text</name>
         <load_address>0x20009618</load_address>
         <run_address>0x20009618</run_address>
         <size>0x64</size>
         <input_file_ref idref="fl-161"/>
      </object_component>
      <object_component id="oc-46f">
         <name>.text:uDMAChannelAttributeDisable</name>
         <load_address>0x2000967c</load_address>
         <run_address>0x2000967c</run_address>
         <size>0x64</size>
         <input_file_ref idref="fl-175"/>
      </object_component>
      <object_component id="oc-60c">
         <name>.text:uDMAChannelAttributeEnable</name>
         <load_address>0x200096e0</load_address>
         <run_address>0x200096e0</run_address>
         <size>0x64</size>
         <input_file_ref idref="fl-175"/>
      </object_component>
      <object_component id="oc-37f">
         <name>.text:_SlDrvDriverCBDeinit</name>
         <load_address>0x20009744</load_address>
         <run_address>0x20009744</run_address>
         <size>0x60</size>
         <input_file_ref idref="fl-167"/>
      </object_component>
      <object_component id="oc-5bd">
         <name>.text</name>
         <load_address>0x200097a4</load_address>
         <run_address>0x200097a4</run_address>
         <size>0x60</size>
         <input_file_ref idref="fl-15b"/>
      </object_component>
      <object_component id="oc-5d">
         <name>.text</name>
         <load_address>0x20009804</load_address>
         <run_address>0x20009804</run_address>
         <size>0x5e</size>
         <input_file_ref idref="fl-137"/>
      </object_component>
      <object_component id="oc-632">
         <name>.text:_sl_HandleAsync_Select</name>
         <load_address>0x20009864</load_address>
         <run_address>0x20009864</run_address>
         <size>0x5c</size>
         <input_file_ref idref="fl-16c"/>
      </object_component>
      <object_component id="oc-2b3">
         <name>.text</name>
         <load_address>0x200098c0</load_address>
         <run_address>0x200098c0</run_address>
         <size>0x5a</size>
         <input_file_ref idref="fl-154"/>
      </object_component>
      <object_component id="oc-4bc">
         <name>.text:IntPendClear</name>
         <load_address>0x2000991c</load_address>
         <run_address>0x2000991c</run_address>
         <size>0x58</size>
         <input_file_ref idref="fl-170"/>
      </object_component>
      <object_component id="oc-1a0">
         <name>.text:PRCMPeripheralReset</name>
         <load_address>0x20009974</load_address>
         <run_address>0x20009974</run_address>
         <size>0x58</size>
         <input_file_ref idref="fl-172"/>
      </object_component>
      <object_component id="oc-644">
         <name>.text:_sl_HandleAsync_Stop</name>
         <load_address>0x200099cc</load_address>
         <run_address>0x200099cc</run_address>
         <size>0x58</size>
         <input_file_ref idref="fl-166"/>
      </object_component>
      <object_component id="oc-48d">
         <name>.text:IntPrioritySet</name>
         <load_address>0x20009a24</load_address>
         <run_address>0x20009a24</run_address>
         <size>0x54</size>
         <input_file_ref idref="fl-170"/>
      </object_component>
      <object_component id="oc-69f">
         <name>.text:sl_NetAppSendTokenValue</name>
         <load_address>0x20009a78</load_address>
         <run_address>0x20009a78</run_address>
         <size>0x54</size>
         <input_file_ref idref="fl-169"/>
      </object_component>
      <object_component id="oc-493">
         <name>.text:SPIIntEnable</name>
         <load_address>0x20009acc</load_address>
         <run_address>0x20009acc</run_address>
         <size>0x4c</size>
         <input_file_ref idref="fl-173"/>
      </object_component>
      <object_component id="oc-59f">
         <name>.text:SPIIntNumberGet</name>
         <load_address>0x20009b18</load_address>
         <run_address>0x20009b18</run_address>
         <size>0x4c</size>
         <input_file_ref idref="fl-173"/>
      </object_component>
      <object_component id="oc-2cf">
         <name>.text</name>
         <load_address>0x20009b64</load_address>
         <run_address>0x20009b64</run_address>
         <size>0x4c</size>
         <input_file_ref idref="fl-145"/>
      </object_component>
      <object_component id="oc-469">
         <name>.text:uDMAChannelAssign</name>
         <load_address>0x20009bb0</load_address>
         <run_address>0x20009bb0</run_address>
         <size>0x4c</size>
         <input_file_ref idref="fl-175"/>
      </object_component>
      <object_component id="oc-354">
         <name>.text:_sl_GetStartResponseConvert</name>
         <load_address>0x20009bfc</load_address>
         <run_address>0x20009bfc</run_address>
         <size>0x4a</size>
         <input_file_ref idref="fl-166"/>
      </object_component>
      <object_component id="oc-571">
         <name>.text:SPIIntClear</name>
         <load_address>0x20009c48</load_address>
         <run_address>0x20009c48</run_address>
         <size>0x48</size>
         <input_file_ref idref="fl-173"/>
      </object_component>
      <object_component id="oc-11">
         <name>.text</name>
         <load_address>0x20009c90</load_address>
         <run_address>0x20009c90</run_address>
         <size>0x48</size>
         <input_file_ref idref="fl-135"/>
      </object_component>
      <object_component id="oc-2ae">
         <name>.text</name>
         <load_address>0x20009cd8</load_address>
         <run_address>0x20009cd8</run_address>
         <size>0x48</size>
         <input_file_ref idref="fl-14e"/>
      </object_component>
      <object_component id="oc-236">
         <name>.text:sl_NetAppSet</name>
         <load_address>0x20009d20</load_address>
         <run_address>0x20009d20</run_address>
         <size>0x48</size>
         <input_file_ref idref="fl-169"/>
      </object_component>
      <object_component id="oc-227">
         <name>.text:sl_WlanSet</name>
         <load_address>0x20009d68</load_address>
         <run_address>0x20009d68</run_address>
         <size>0x48</size>
         <input_file_ref idref="fl-16d"/>
      </object_component>
      <object_component id="oc-568">
         <name>.text:SPIDmaMaskGet</name>
         <load_address>0x20009db0</load_address>
         <run_address>0x20009db0</run_address>
         <size>0x44</size>
         <input_file_ref idref="fl-173"/>
      </object_component>
      <object_component id="oc-1d8">
         <name>.text:TimerConfigure</name>
         <load_address>0x20009df4</load_address>
         <run_address>0x20009df4</run_address>
         <size>0x44</size>
         <input_file_ref idref="fl-174"/>
      </object_component>
      <object_component id="oc-76">
         <name>.text</name>
         <load_address>0x20009e38</load_address>
         <run_address>0x20009e38</run_address>
         <size>0x44</size>
         <input_file_ref idref="fl-147"/>
      </object_component>
      <object_component id="oc-40">
         <name>.text</name>
         <load_address>0x20009e7c</load_address>
         <run_address>0x20009e7c</run_address>
         <size>0x44</size>
         <input_file_ref idref="fl-139"/>
      </object_component>
      <object_component id="oc-417">
         <name>.text</name>
         <load_address>0x20009ec0</load_address>
         <run_address>0x20009ec0</run_address>
         <size>0x44</size>
         <input_file_ref idref="fl-15e"/>
      </object_component>
      <object_component id="oc-221">
         <name>.text:sl_NetCfgSet</name>
         <load_address>0x20009f04</load_address>
         <run_address>0x20009f04</run_address>
         <size>0x44</size>
         <input_file_ref idref="fl-16a"/>
      </object_component>
      <object_component id="oc-301">
         <name>.text:PinModeSet</name>
         <load_address>0x20009f48</load_address>
         <run_address>0x20009f48</run_address>
         <size>0x40</size>
         <input_file_ref idref="fl-171"/>
      </object_component>
      <object_component id="oc-35a">
         <name>.text:_SlDrvRxIrqHandler</name>
         <load_address>0x20009f88</load_address>
         <run_address>0x20009f88</run_address>
         <size>0x40</size>
         <input_file_ref idref="fl-167"/>
      </object_component>
      <object_component id="oc-113">
         <name>.text:_SlNonOsMainLoopTask</name>
         <load_address>0x20009fc8</load_address>
         <run_address>0x20009fc8</run_address>
         <size>0x40</size>
         <input_file_ref idref="fl-16b"/>
      </object_component>
      <object_component id="oc-4c4">
         <name>.text:_SlRemoveFromList</name>
         <load_address>0x2000a008</load_address>
         <run_address>0x2000a008</run_address>
         <size>0x40</size>
         <input_file_ref idref="fl-167"/>
      </object_component>
      <object_component id="oc-33c">
         <name>.text:NwpPowerOff</name>
         <load_address>0x2000a048</load_address>
         <run_address>0x2000a048</run_address>
         <size>0x3c</size>
         <input_file_ref idref="fl-16e"/>
      </object_component>
      <object_component id="oc-19a">
         <name>.text:PRCMPeripheralClkEnable</name>
         <load_address>0x2000a084</load_address>
         <run_address>0x2000a084</run_address>
         <size>0x3c</size>
         <input_file_ref idref="fl-172"/>
      </object_component>
      <object_component id="oc-44a">
         <name>.text:_SlDrvObjInit</name>
         <load_address>0x2000a0c0</load_address>
         <run_address>0x2000a0c0</run_address>
         <size>0x3c</size>
         <input_file_ref idref="fl-167"/>
      </object_component>
      <object_component id="oc-606">
         <name>.text:uDMAChannelControlSet</name>
         <load_address>0x2000a0fc</load_address>
         <run_address>0x2000a0fc</run_address>
         <size>0x3c</size>
         <input_file_ref idref="fl-175"/>
      </object_component>
      <object_component id="oc-342">
         <name>.text:NwpRegisterInterruptHandler</name>
         <load_address>0x2000a138</load_address>
         <run_address>0x2000a138</run_address>
         <size>0x38</size>
         <input_file_ref idref="fl-16e"/>
      </object_component>
      <object_component id="oc-1c5">
         <name>.text:GPIODirModeSet</name>
         <load_address>0x2000a170</load_address>
         <run_address>0x2000a170</run_address>
         <size>0x36</size>
         <input_file_ref idref="fl-16f"/>
      </object_component>
      <object_component id="oc-1e4">
         <name>.text:TimerControlLevel</name>
         <load_address>0x2000a1a6</load_address>
         <run_address>0x2000a1a6</run_address>
         <size>0x36</size>
         <input_file_ref idref="fl-174"/>
      </object_component>
      <object_component id="oc-463">
         <name>.text:PRCMPeripheralStatusGet</name>
         <load_address>0x2000a1dc</load_address>
         <run_address>0x2000a1dc</run_address>
         <size>0x34</size>
         <input_file_ref idref="fl-172"/>
      </object_component>
      <object_component id="oc-481">
         <name>.text:SPIFIFOLevelSet</name>
         <load_address>0x2000a210</load_address>
         <run_address>0x2000a210</run_address>
         <size>0x34</size>
         <input_file_ref idref="fl-173"/>
      </object_component>
      <object_component id="oc-348">
         <name>.text:NwpPowerOn</name>
         <load_address>0x2000a244</load_address>
         <run_address>0x2000a244</run_address>
         <size>0x30</size>
         <input_file_ref idref="fl-16e"/>
      </object_component>
      <object_component id="oc-1bf">
         <name>.text:PinTypeGPIO</name>
         <load_address>0x2000a274</load_address>
         <run_address>0x2000a274</run_address>
         <size>0x30</size>
         <input_file_ref idref="fl-171"/>
      </object_component>
      <object_component id="oc-506">
         <name>.text:_SlDrvFlowContDeinit</name>
         <load_address>0x2000a2a4</load_address>
         <run_address>0x2000a2a4</run_address>
         <size>0x30</size>
         <input_file_ref idref="fl-168"/>
      </object_component>
      <object_component id="oc-450">
         <name>.text:_SlDrvFlowContInit</name>
         <load_address>0x2000a2d4</load_address>
         <run_address>0x2000a2d4</run_address>
         <size>0x30</size>
         <input_file_ref idref="fl-168"/>
      </object_component>
      <object_component id="oc-330">
         <name>.text:_SlNonOsSemGet</name>
         <load_address>0x2000a304</load_address>
         <run_address>0x2000a304</run_address>
         <size>0x30</size>
         <input_file_ref idref="fl-16b"/>
      </object_component>
      <object_component id="oc-3f5">
         <name>.text</name>
         <load_address>0x2000a334</load_address>
         <run_address>0x2000a334</run_address>
         <size>0x30</size>
         <input_file_ref idref="fl-159"/>
      </object_component>
      <object_component id="oc-2b9">
         <name>.text</name>
         <load_address>0x2000a364</load_address>
         <run_address>0x2000a364</run_address>
         <size>0x2e</size>
         <input_file_ref idref="fl-151"/>
      </object_component>
      <object_component id="oc-1ac">
         <name>.text:PRCMSysResetCauseGet</name>
         <load_address>0x2000a394</load_address>
         <run_address>0x2000a394</run_address>
         <size>0x2c</size>
         <input_file_ref idref="fl-172"/>
      </object_component>
      <object_component id="oc-1ea">
         <name>.text:TimerLoadSet</name>
         <load_address>0x2000a3c0</load_address>
         <run_address>0x2000a3c0</run_address>
         <size>0x2a</size>
         <input_file_ref idref="fl-174"/>
      </object_component>
      <object_component id="oc-1d2">
         <name>.text:TimerMatchSet</name>
         <load_address>0x2000a3ea</load_address>
         <run_address>0x2000a3ea</run_address>
         <size>0x2a</size>
         <input_file_ref idref="fl-174"/>
      </object_component>
      <object_component id="oc-1de">
         <name>.text:TimerPrescaleSet</name>
         <load_address>0x2000a414</load_address>
         <run_address>0x2000a414</run_address>
         <size>0x2a</size>
         <input_file_ref idref="fl-174"/>
      </object_component>
      <object_component id="oc-1a6">
         <name>.text:PRCMPeripheralClkDisable</name>
         <load_address>0x2000a440</load_address>
         <run_address>0x2000a440</run_address>
         <size>0x28</size>
         <input_file_ref idref="fl-172"/>
      </object_component>
      <object_component id="oc-215">
         <name>.text:sl_WlanSetMode</name>
         <load_address>0x2000a468</load_address>
         <run_address>0x2000a468</run_address>
         <size>0x28</size>
         <input_file_ref idref="fl-16d"/>
      </object_component>
      <object_component id="oc-49c">
         <name>.text:DmaSpiSwIntHandler</name>
         <load_address>0x2000a490</load_address>
         <run_address>0x2000a490</run_address>
         <size>0x24</size>
         <input_file_ref idref="fl-16e"/>
      </object_component>
      <object_component id="oc-4b6">
         <name>.text:IntUnregister</name>
         <load_address>0x2000a4b4</load_address>
         <run_address>0x2000a4b4</run_address>
         <size>0x24</size>
         <input_file_ref idref="fl-170"/>
      </object_component>
      <object_component id="oc-23c">
         <name>.text:sl_NetAppStart</name>
         <load_address>0x2000a4d8</load_address>
         <run_address>0x2000a4d8</run_address>
         <size>0x24</size>
         <input_file_ref idref="fl-169"/>
      </object_component>
      <object_component id="oc-230">
         <name>.text:sl_NetAppStop</name>
         <load_address>0x2000a4fc</load_address>
         <run_address>0x2000a4fc</run_address>
         <size>0x24</size>
         <input_file_ref idref="fl-169"/>
      </object_component>
      <object_component id="oc-ba">
         <name>.text:SPIReset</name>
         <load_address>0x2000a520</load_address>
         <run_address>0x2000a520</run_address>
         <size>0x22</size>
         <input_file_ref idref="fl-173"/>
      </object_component>
      <object_component id="oc-61e">
         <name>.text:SPIWordCountSet</name>
         <load_address>0x2000a542</load_address>
         <run_address>0x2000a542</run_address>
         <size>0x22</size>
         <input_file_ref idref="fl-173"/>
      </object_component>
      <object_component id="oc-203">
         <name>.text</name>
         <load_address>0x2000a564</load_address>
         <run_address>0x2000a564</run_address>
         <size>0x22</size>
         <input_file_ref idref="fl-13a"/>
      </object_component>
      <object_component id="oc-ae">
         <name>.text:GPIOPinWrite</name>
         <load_address>0x2000a586</load_address>
         <run_address>0x2000a586</run_address>
         <size>0x20</size>
         <input_file_ref idref="fl-16f"/>
      </object_component>
      <object_component id="oc-487">
         <name>.text:IntRegister</name>
         <load_address>0x2000a5a8</load_address>
         <run_address>0x2000a5a8</run_address>
         <size>0x20</size>
         <input_file_ref idref="fl-170"/>
      </object_component>
      <object_component id="oc-6b8">
         <name>.text:_SlDrvCmdSend</name>
         <load_address>0x2000a5c8</load_address>
         <run_address>0x2000a5c8</run_address>
         <size>0x20</size>
         <input_file_ref idref="fl-167"/>
      </object_component>
      <object_component id="oc-4d2">
         <name>.text:_SlNonOsSpawn</name>
         <load_address>0x2000a5e8</load_address>
         <run_address>0x2000a5e8</run_address>
         <size>0x20</size>
         <input_file_ref idref="fl-16b"/>
      </object_component>
      <object_component id="oc-1f6">
         <name>.text:TimerDisable</name>
         <load_address>0x2000a608</load_address>
         <run_address>0x2000a608</run_address>
         <size>0x1e</size>
         <input_file_ref idref="fl-174"/>
      </object_component>
      <object_component id="oc-1f0">
         <name>.text:TimerEnable</name>
         <load_address>0x2000a626</load_address>
         <run_address>0x2000a626</run_address>
         <size>0x1e</size>
         <input_file_ref idref="fl-174"/>
      </object_component>
      <object_component id="oc-50c">
         <name>.text:_SlDrvObjDeInit</name>
         <load_address>0x2000a644</load_address>
         <run_address>0x2000a644</run_address>
         <size>0x1c</size>
         <input_file_ref idref="fl-167"/>
      </object_component>
      <object_component id="oc-2c9">
         <name>.text</name>
         <load_address>0x2000a660</load_address>
         <run_address>0x2000a660</run_address>
         <size>0x1c</size>
         <input_file_ref idref="fl-155"/>
      </object_component>
      <object_component id="oc-618">
         <name>.text:uDMAChannelEnable</name>
         <load_address>0x2000a67c</load_address>
         <run_address>0x2000a67c</run_address>
         <size>0x1c</size>
         <input_file_ref idref="fl-175"/>
      </object_component>
      <object_component id="oc-67e">
         <name>.text:CopyPingResultsToReport</name>
         <load_address>0x2000a698</load_address>
         <run_address>0x2000a698</run_address>
         <size>0x1a</size>
         <input_file_ref idref="fl-169"/>
      </object_component>
      <object_component id="oc-1b9">
         <name>.text:PinTypeSPI</name>
         <load_address>0x2000a6b2</load_address>
         <run_address>0x2000a6b2</run_address>
         <size>0x1a</size>
         <input_file_ref idref="fl-171"/>
      </object_component>
      <object_component id="oc-1cb">
         <name>.text:PinTypeTimer</name>
         <load_address>0x2000a6cc</load_address>
         <run_address>0x2000a6cc</run_address>
         <size>0x1a</size>
         <input_file_ref idref="fl-171"/>
      </object_component>
      <object_component id="oc-4fe">
         <name>.text:SPIDmaDisable</name>
         <load_address>0x2000a6e6</load_address>
         <run_address>0x2000a6e6</run_address>
         <size>0x1a</size>
         <input_file_ref idref="fl-173"/>
      </object_component>
      <object_component id="oc-47b">
         <name>.text:SPIDmaEnable</name>
         <load_address>0x2000a700</load_address>
         <run_address>0x2000a700</run_address>
         <size>0x1a</size>
         <input_file_ref idref="fl-173"/>
      </object_component>
      <object_component id="oc-4f8">
         <name>.text:SPIFIFODisable</name>
         <load_address>0x2000a71a</load_address>
         <run_address>0x2000a71a</run_address>
         <size>0x1a</size>
         <input_file_ref idref="fl-173"/>
      </object_component>
      <object_component id="oc-475">
         <name>.text:SPIFIFOEnable</name>
         <load_address>0x2000a734</load_address>
         <run_address>0x2000a734</run_address>
         <size>0x1a</size>
         <input_file_ref idref="fl-173"/>
      </object_component>
      <object_component id="oc-4f2">
         <name>.text:SPIIntUnregister</name>
         <load_address>0x2000a74e</load_address>
         <run_address>0x2000a74e</run_address>
         <size>0x1a</size>
         <input_file_ref idref="fl-173"/>
      </object_component>
      <object_component id="oc-66d">
         <name>.text:_SlDrvDeviceEventHandler</name>
         <load_address>0x2000a768</load_address>
         <run_address>0x2000a768</run_address>
         <size>0x1a</size>
         <input_file_ref idref="fl-166"/>
      </object_component>
      <object_component id="oc-457">
         <name>.text:SPICSDisable</name>
         <load_address>0x2000a782</load_address>
         <run_address>0x2000a782</run_address>
         <size>0x18</size>
         <input_file_ref idref="fl-173"/>
      </object_component>
      <object_component id="oc-600">
         <name>.text:SPICSEnable</name>
         <load_address>0x2000a79a</load_address>
         <run_address>0x2000a79a</run_address>
         <size>0x18</size>
         <input_file_ref idref="fl-173"/>
      </object_component>
      <object_component id="oc-45d">
         <name>.text:SPIDisable</name>
         <load_address>0x2000a7b2</load_address>
         <run_address>0x2000a7b2</run_address>
         <size>0x18</size>
         <input_file_ref idref="fl-173"/>
      </object_component>
      <object_component id="oc-cc">
         <name>.text:SPIEnable</name>
         <load_address>0x2000a7ca</load_address>
         <run_address>0x2000a7ca</run_address>
         <size>0x18</size>
         <input_file_ref idref="fl-173"/>
      </object_component>
      <object_component id="oc-3a">
         <name>.text</name>
         <load_address>0x2000a7e4</load_address>
         <run_address>0x2000a7e4</run_address>
         <size>0x18</size>
         <input_file_ref idref="fl-144"/>
      </object_component>
      <object_component id="oc-295">
         <name>.text</name>
         <load_address>0x2000a7fc</load_address>
         <run_address>0x2000a7fc</run_address>
         <size>0x18</size>
         <input_file_ref idref="fl-152"/>
      </object_component>
      <object_component id="oc-3e9">
         <name>.text</name>
         <load_address>0x2000a814</load_address>
         <run_address>0x2000a814</run_address>
         <size>0x18</size>
         <input_file_ref idref="fl-158"/>
      </object_component>
      <object_component id="oc-18e">
         <name>.text:PRCMHIBRegRead</name>
         <load_address>0x2000a82c</load_address>
         <run_address>0x2000a82c</run_address>
         <size>0x16</size>
         <input_file_ref idref="fl-172"/>
      </object_component>
      <object_component id="oc-194">
         <name>.text:PRCMHIBRegWrite</name>
         <load_address>0x2000a842</load_address>
         <run_address>0x2000a842</run_address>
         <size>0x16</size>
         <input_file_ref idref="fl-172"/>
      </object_component>
      <object_component id="oc-288">
         <name>.text</name>
         <load_address>0x2000a858</load_address>
         <run_address>0x2000a858</run_address>
         <size>0x16</size>
         <input_file_ref idref="fl-156"/>
      </object_component>
      <object_component id="oc-3ef">
         <name>.text</name>
         <load_address>0x2000a86e</load_address>
         <run_address>0x2000a86e</run_address>
         <size>0x16</size>
         <input_file_ref idref="fl-157"/>
      </object_component>
      <object_component id="oc-17e">
         <name>.text:CPUcpsie</name>
         <load_address>0x2000a884</load_address>
         <run_address>0x2000a884</run_address>
         <size>0x14</size>
         <input_file_ref idref="fl-177"/>
      </object_component>
      <object_component id="oc-e9">
         <name>.text:IntVTableBaseSet</name>
         <load_address>0x2000a898</load_address>
         <run_address>0x2000a898</run_address>
         <size>0x14</size>
         <input_file_ref idref="fl-170"/>
      </object_component>
      <object_component id="oc-1b3">
         <name>.text:PinTypeADC</name>
         <load_address>0x2000a8ac</load_address>
         <run_address>0x2000a8ac</run_address>
         <size>0x14</size>
         <input_file_ref idref="fl-171"/>
      </object_component>
      <object_component id="oc-660">
         <name>.text:_SlDrvShiftDWord</name>
         <load_address>0x2000a8c0</load_address>
         <run_address>0x2000a8c0</run_address>
         <size>0x14</size>
         <input_file_ref idref="fl-167"/>
      </object_component>
      <object_component id="oc-12a">
         <name>.text</name>
         <load_address>0x2000a8d4</load_address>
         <run_address>0x2000a8d4</run_address>
         <size>0x14</size>
         <input_file_ref idref="fl-142"/>
      </object_component>
      <object_component id="oc-1fd">
         <name>.text</name>
         <load_address>0x2000a8e8</load_address>
         <run_address>0x2000a8e8</run_address>
         <size>0x14</size>
         <input_file_ref idref="fl-141"/>
      </object_component>
      <object_component id="oc-1c">
         <name>.text:decompress:ZI</name>
         <load_address>0x2000a8fc</load_address>
         <run_address>0x2000a8fc</run_address>
         <size>0x12</size>
         <input_file_ref idref="fl-138"/>
      </object_component>
      <object_component id="oc-2c3">
         <name>.text</name>
         <load_address>0x2000a90e</load_address>
         <run_address>0x2000a90e</run_address>
         <size>0x12</size>
         <input_file_ref idref="fl-15d"/>
      </object_component>
      <object_component id="oc-4cc">
         <name>.text:NwpMaskInterrupt</name>
         <load_address>0x2000a920</load_address>
         <run_address>0x2000a920</run_address>
         <size>0x10</size>
         <input_file_ref idref="fl-16e"/>
      </object_component>
      <object_component id="oc-209">
         <name>.text</name>
         <load_address>0x2000a930</load_address>
         <run_address>0x2000a930</run_address>
         <size>0x10</size>
         <input_file_ref idref="fl-140"/>
      </object_component>
      <object_component id="oc-16">
         <name>.text:decompress:none</name>
         <load_address>0x2000a940</load_address>
         <run_address>0x2000a940</run_address>
         <size>0xe</size>
         <input_file_ref idref="fl-136"/>
      </object_component>
      <object_component id="oc-2c">
         <name>.text</name>
         <load_address>0x2000a94e</load_address>
         <run_address>0x2000a94e</run_address>
         <size>0xe</size>
         <input_file_ref idref="fl-6"/>
      </object_component>
      <object_component id="oc-5f2">
         <name>.text:NwpUnMaskInterrupt</name>
         <load_address>0x2000a95c</load_address>
         <run_address>0x2000a95c</run_address>
         <size>0xc</size>
         <input_file_ref idref="fl-16e"/>
      </object_component>
      <object_component id="oc-ef">
         <name>.text:IntMasterEnable</name>
         <load_address>0x2000a968</load_address>
         <run_address>0x2000a968</run_address>
         <size>0xa</size>
         <input_file_ref idref="fl-170"/>
      </object_component>
      <object_component id="oc-336">
         <name>.text:_SlNonOsSemSet</name>
         <load_address>0x2000a972</load_address>
         <run_address>0x2000a972</run_address>
         <size>0x8</size>
         <input_file_ref idref="fl-16b"/>
      </object_component>
      <object_component id="oc-2ef">
         <name>.text:UtilsDelay</name>
         <load_address>0x2000a97a</load_address>
         <run_address>0x2000a97a</run_address>
         <size>0x6</size>
         <input_file_ref idref="fl-176"/>
      </object_component>
      <object_component id="oc-22">
         <name>.text:decompress:rle24</name>
         <load_address>0x2000a980</load_address>
         <run_address>0x2000a980</run_address>
         <size>0x6</size>
         <input_file_ref idref="fl-137"/>
      </object_component>
      <object_component id="oc-420">
         <name>.const:.string:_ctypes_</name>
         <load_address>0x2000a988</load_address>
         <run_address>0x2000a988</run_address>
         <size>0x102</size>
         <input_file_ref idref="fl-148"/>
      </object_component>
      <object_component id="oc-43e">
         <name>.const:g_ulPinToPadMap</name>
         <load_address>0x2000aa8c</load_address>
         <run_address>0x2000aa8c</run_address>
         <size>0x100</size>
         <input_file_ref idref="fl-171"/>
      </object_component>
      <object_component id="oc-36e">
         <name>.const</name>
         <load_address>0x2000ab8c</load_address>
         <run_address>0x2000ab8c</run_address>
         <size>0xec</size>
         <input_file_ref idref="fl-16d"/>
      </object_component>
      <object_component id="oc-564">
         <name>.const:g_pulRegs</name>
         <load_address>0x2000ac78</load_address>
         <run_address>0x2000ac78</run_address>
         <size>0xd4</size>
         <input_file_ref idref="fl-170"/>
      </object_component>
      <object_component id="oc-2f2">
         <name>.const:PRCM_PeriphRegsList</name>
         <load_address>0x2000ad4c</load_address>
         <run_address>0x2000ad4c</run_address>
         <size>0xa8</size>
         <input_file_ref idref="fl-172"/>
      </object_component>
      <object_component id="oc-18a">
         <name>.const</name>
         <load_address>0x2000adf4</load_address>
         <run_address>0x2000adf4</run_address>
         <size>0x80</size>
         <input_file_ref idref="fl-170"/>
      </object_component>
      <object_component id="oc-59a">
         <name>.const</name>
         <load_address>0x2000ae74</load_address>
         <run_address>0x2000ae74</run_address>
         <size>0x4c</size>
         <input_file_ref idref="fl-167"/>
      </object_component>
      <object_component id="oc-3a1">
         <name>.const</name>
         <load_address>0x2000aec0</load_address>
         <run_address>0x2000aec0</run_address>
         <size>0x28</size>
         <input_file_ref idref="fl-169"/>
      </object_component>
      <object_component id="oc-242">
         <name>.const:.string</name>
         <load_address>0x2000aee8</load_address>
         <run_address>0x2000aee8</run_address>
         <size>0x27</size>
         <input_file_ref idref="fl-3"/>
      </object_component>
      <object_component id="oc-64c">
         <name>.const:g_ppulSPIIntMap</name>
         <load_address>0x2000af10</load_address>
         <run_address>0x2000af10</run_address>
         <size>0x24</size>
         <input_file_ref idref="fl-173"/>
      </object_component>
      <object_component id="oc-5d4">
         <name>.const</name>
         <load_address>0x2000af34</load_address>
         <run_address>0x2000af34</run_address>
         <size>0x18</size>
         <input_file_ref idref="fl-173"/>
      </object_component>
      <object_component id="oc-385">
         <name>.const</name>
         <load_address>0x2000af4c</load_address>
         <run_address>0x2000af4c</run_address>
         <size>0x14</size>
         <input_file_ref idref="fl-166"/>
      </object_component>
      <object_component id="oc-38e">
         <name>.const</name>
         <load_address>0x2000af60</load_address>
         <run_address>0x2000af60</run_address>
         <size>0x8</size>
         <input_file_ref idref="fl-16a"/>
      </object_component>
      <object_component id="oc-6df">
         <name>.cinit..data.load</name>
         <load_address>0x2000af68</load_address>
         <run_address>0x2000af68</run_address>
         <size>0xc4</size>
      </object_component>
      <object_component id="oc-6dd">
         <name>__TI_handler_table</name>
         <load_address>0x2000b02c</load_address>
         <run_address>0x2000b02c</run_address>
         <size>0xc</size>
      </object_component>
      <object_component id="oc-6e0">
         <name>.cinit..bss.load</name>
         <load_address>0x2000b038</load_address>
         <run_address>0x2000b038</run_address>
         <size>0x8</size>
      </object_component>
      <object_component id="oc-6de">
         <name>__TI_cinit_table</name>
         <load_address>0x2000b040</load_address>
         <run_address>0x2000b040</run_address>
         <size>0x10</size>
      </object_component>
      <object_component id="oc-46">
         <name>.data</name>
         <load_address>0x2001f440</load_address>
         <run_address>0x2001f440</run_address>
         <size>0x4</size>
         <input_file_ref idref="fl-13f"/>
      </object_component>
      <object_component id="oc-85">
         <name>.data</name>
         <load_address>0x2001f42c</load_address>
         <run_address>0x2001f42c</run_address>
         <size>0x8</size>
         <input_file_ref idref="fl-142"/>
      </object_component>
      <object_component id="oc-88">
         <name>.data</name>
         <load_address>0x2001f434</load_address>
         <run_address>0x2001f434</run_address>
         <size>0x8</size>
         <input_file_ref idref="fl-139"/>
      </object_component>
      <object_component id="oc-e3">
         <name>.data</name>
         <load_address>0x2001f424</load_address>
         <run_address>0x2001f424</run_address>
         <size>0x8</size>
         <input_file_ref idref="fl-2"/>
      </object_component>
      <object_component id="oc-158">
         <name>.data</name>
         <load_address>0x2001f418</load_address>
         <run_address>0x2001f418</run_address>
         <size>0xc</size>
         <input_file_ref idref="fl-13c"/>
      </object_component>
      <object_component id="oc-16f">
         <name>.data:_ftable</name>
         <load_address>0x2001f170</load_address>
         <run_address>0x2001f170</run_address>
         <size>0xf0</size>
         <input_file_ref idref="fl-149"/>
      </object_component>
      <object_component id="oc-22d">
         <name>.data</name>
         <load_address>0x2001f330</load_address>
         <run_address>0x2001f330</run_address>
         <size>0x7c</size>
         <input_file_ref idref="fl-3"/>
      </object_component>
      <object_component id="oc-245">
         <name>.data</name>
         <load_address>0x2001f000</load_address>
         <run_address>0x2001f000</run_address>
         <size>0x170</size>
         <input_file_ref idref="fl-167"/>
      </object_component>
      <object_component id="oc-3e4">
         <name>.data</name>
         <load_address>0x2001f408</load_address>
         <run_address>0x2001f408</run_address>
         <size>0x10</size>
         <input_file_ref idref="fl-149"/>
      </object_component>
      <object_component id="oc-3fb">
         <name>.data</name>
         <load_address>0x2001f260</load_address>
         <run_address>0x2001f260</run_address>
         <size>0xd0</size>
         <input_file_ref idref="fl-153"/>
      </object_component>
      <object_component id="oc-499">
         <name>.data</name>
         <load_address>0x2001f3ac</load_address>
         <run_address>0x2001f3ac</run_address>
         <size>0x5c</size>
         <input_file_ref idref="fl-16e"/>
      </object_component>
      <object_component id="oc-5b2">
         <name>.data</name>
         <load_address>0x2001f43c</load_address>
         <run_address>0x2001f43c</run_address>
         <size>0x4</size>
         <input_file_ref idref="fl-163"/>
      </object_component>
      <object_component id="oc-e6">
         <name>.bss:g_outBuf</name>
         <uninitialized>true</uninitialized>
         <run_address>0x2001f604</run_address>
         <size>0x40</size>
         <input_file_ref idref="fl-2"/>
      </object_component>
      <object_component id="oc-248">
         <name>.bss:g__SlNonOsCB</name>
         <uninitialized>true</uninitialized>
         <run_address>0x2001f644</run_address>
         <size>0x28</size>
         <input_file_ref idref="fl-16b"/>
      </object_component>
      <object_component id="oc-650">
         <name>.bss:__TI_tmpnams</name>
         <uninitialized>true</uninitialized>
         <run_address>0x2001f564</run_address>
         <size>0xa0</size>
         <input_file_ref idref="fl-149"/>
      </object_component>
      <object_component id="oc-657">
         <name>.bss:__CIOBUF_</name>
         <uninitialized>true</uninitialized>
         <run_address>0x2001f444</run_address>
         <size>0x120</size>
         <input_file_ref idref="fl-15b"/>
      </object_component>
      <object_component id="oc-11c">
         <name>.common:g_blockType</name>
         <uninitialized>true</uninitialized>
         <run_address>0x2001f678</run_address>
         <size>0x1</size>
      </object_component>
      <object_component id="oc-119">
         <name>.common:g_blocks</name>
         <uninitialized>true</uninitialized>
         <run_address>0x2001f674</run_address>
         <size>0x4</size>
      </object_component>
      <object_component id="oc-5c3">
         <name>.common:parmbuf</name>
         <uninitialized>true</uninitialized>
         <run_address>0x2001f66c</run_address>
         <size>0x8</size>
      </object_component>
      <object_component id="oc-67a">
         <name>.common:g_cDummy</name>
         <uninitialized>true</uninitialized>
         <run_address>0x2001f679</run_address>
         <size>0x1</size>
      </object_component>
      <object_component id="oc-29">
         <name>.sysmem</name>
         <uninitialized>true</uninitialized>
         <run_address>0x20017000</run_address>
         <size>0x8</size>
         <input_file_ref idref="fl-13c"/>
      </object_component>
      <object_component id="oc-6e2">
         <name>.sysmem</name>
         <uninitialized>true</uninitialized>
         <run_address>0x20017000</run_address>
         <size>0x0</size>
      </object_component>
      <object_component id="oc-28">
         <name>.stack</name>
         <uninitialized>true</uninitialized>
         <run_address>0x2002f800</run_address>
         <size>0x0</size>
         <input_file_ref idref="fl-135"/>
      </object_component>
      <object_component id="oc-6e1">
         <name>.stack</name>
         <uninitialized>true</uninitialized>
         <run_address>0x2002f800</run_address>
         <size>0x0</size>
      </object_component>
      <object_component id="oc-f">
         <name>.debug_info</name>
         <load_address>0x0</load_address>
         <run_address>0x0</run_address>
         <size>0x102</size>
         <input_file_ref idref="fl-6"/>
      </object_component>
      <object_component id="oc-12">
         <name>.debug_info</name>
         <load_address>0x102</load_address>
         <run_address>0x102</run_address>
         <size>0xf2</size>
         <input_file_ref idref="fl-135"/>
      </object_component>
      <object_component id="oc-18">
         <name>.debug_info</name>
         <load_address>0x1f4</load_address>
         <run_address>0x1f4</run_address>
         <size>0x180</size>
         <input_file_ref idref="fl-136"/>
      </object_component>
      <object_component id="oc-1f">
         <name>.debug_info</name>
         <load_address>0x374</load_address>
         <run_address>0x374</run_address>
         <size>0x16b</size>
         <input_file_ref idref="fl-138"/>
      </object_component>
      <object_component id="oc-26">
         <name>.debug_info</name>
         <load_address>0x4df</load_address>
         <run_address>0x4df</run_address>
         <size>0x167</size>
         <input_file_ref idref="fl-137"/>
      </object_component>
      <object_component id="oc-2a">
         <name>.debug_info</name>
         <load_address>0x646</load_address>
         <run_address>0x646</run_address>
         <size>0xb7</size>
         <input_file_ref idref="fl-13c"/>
      </object_component>
      <object_component id="oc-2d">
         <name>.debug_info</name>
         <load_address>0x6fd</load_address>
         <run_address>0x6fd</run_address>
         <size>0x423</size>
         <input_file_ref idref="fl-6"/>
      </object_component>
      <object_component id="oc-34">
         <name>.debug_info</name>
         <load_address>0xb20</load_address>
         <run_address>0xb20</run_address>
         <size>0x117</size>
         <input_file_ref idref="fl-6"/>
      </object_component>
      <object_component id="oc-37">
         <name>.debug_info</name>
         <load_address>0xc37</load_address>
         <run_address>0xc37</run_address>
         <size>0x13a</size>
         <input_file_ref idref="fl-146"/>
      </object_component>
      <object_component id="oc-3b">
         <name>.debug_info</name>
         <load_address>0xd71</load_address>
         <run_address>0xd71</run_address>
         <size>0x11d</size>
         <input_file_ref idref="fl-144"/>
      </object_component>
      <object_component id="oc-41">
         <name>.debug_info</name>
         <load_address>0xe8e</load_address>
         <run_address>0xe8e</run_address>
         <size>0x1ae</size>
         <input_file_ref idref="fl-139"/>
      </object_component>
      <object_component id="oc-47">
         <name>.debug_info</name>
         <load_address>0x103c</load_address>
         <run_address>0x103c</run_address>
         <size>0xbf</size>
         <input_file_ref idref="fl-13f"/>
      </object_component>
      <object_component id="oc-4c">
         <name>.debug_info</name>
         <load_address>0x10fb</load_address>
         <run_address>0x10fb</run_address>
         <size>0xcb</size>
         <input_file_ref idref="fl-13b"/>
      </object_component>
      <object_component id="oc-50">
         <name>.debug_info</name>
         <load_address>0x11c6</load_address>
         <run_address>0x11c6</run_address>
         <size>0x46</size>
         <input_file_ref idref="fl-136"/>
      </object_component>
      <object_component id="oc-55">
         <name>.debug_info</name>
         <load_address>0x120c</load_address>
         <run_address>0x120c</run_address>
         <size>0xee</size>
         <input_file_ref idref="fl-136"/>
      </object_component>
      <object_component id="oc-57">
         <name>.debug_info</name>
         <load_address>0x12fa</load_address>
         <run_address>0x12fa</run_address>
         <size>0x46</size>
         <input_file_ref idref="fl-138"/>
      </object_component>
      <object_component id="oc-5c">
         <name>.debug_info</name>
         <load_address>0x1340</load_address>
         <run_address>0x1340</run_address>
         <size>0xae</size>
         <input_file_ref idref="fl-138"/>
      </object_component>
      <object_component id="oc-60">
         <name>.debug_info</name>
         <load_address>0x13ee</load_address>
         <run_address>0x13ee</run_address>
         <size>0x1f0</size>
         <input_file_ref idref="fl-137"/>
      </object_component>
      <object_component id="oc-64">
         <name>.debug_info</name>
         <load_address>0x15de</load_address>
         <run_address>0x15de</run_address>
         <size>0xb8</size>
         <input_file_ref idref="fl-137"/>
      </object_component>
      <object_component id="oc-65">
         <name>.debug_info</name>
         <load_address>0x1696</load_address>
         <run_address>0x1696</run_address>
         <size>0x39</size>
         <input_file_ref idref="fl-137"/>
      </object_component>
      <object_component id="oc-6c">
         <name>.debug_info</name>
         <load_address>0x16cf</load_address>
         <run_address>0x16cf</run_address>
         <size>0x1d8</size>
         <input_file_ref idref="fl-13c"/>
      </object_component>
      <object_component id="oc-71">
         <name>.debug_info</name>
         <load_address>0x18a7</load_address>
         <run_address>0x18a7</run_address>
         <size>0x84</size>
         <input_file_ref idref="fl-2"/>
      </object_component>
      <object_component id="oc-77">
         <name>.debug_info</name>
         <load_address>0x192b</load_address>
         <run_address>0x192b</run_address>
         <size>0x14c</size>
         <input_file_ref idref="fl-147"/>
      </object_component>
      <object_component id="oc-7e">
         <name>.debug_info</name>
         <load_address>0x1a77</load_address>
         <run_address>0x1a77</run_address>
         <size>0xb19</size>
         <input_file_ref idref="fl-2"/>
      </object_component>
      <object_component id="oc-84">
         <name>.debug_info</name>
[...]
         <object_component_ref idref="oc-59a"/>
      </symbol>
      <symbol id="sm-9a7">
         <name>_SlDrvFlowContDeinit</name>
         <value>0x2000a2a5</value>
         <object_component_ref idref="oc-506"/>
      </symbol>
      <symbol id="sm-9a8">
         <name>_SlDrvFlowContInit</name>
         <value>0x2000a2d5</value>
         <object_component_ref idref="oc-450"/>
      </symbol>
      <symbol id="sm-a30">
         <name>sl_NetAppSet</name>
         <value>0x20009d21</value>
         <object_component_ref idref="oc-236"/>
      </symbol>
      <symbol id="sm-a31">
         <name>_SlNetAppSendTokenValueCmdCtrl</name>
         <value>0x2000aee0</value>
         <object_component_ref idref="oc-3a1"/>
      </symbol>
      <symbol id="sm-a32">
         <name>sl_NetAppStop</name>
         <value>0x2000a4fd</value>
         <object_component_ref idref="oc-230"/>
      </symbol>
      <symbol id="sm-a33">
         <name>_SlGetServiceListeCtrl</name>
         <value>0x2000aecc</value>
         <object_component_ref idref="oc-3a1"/>
      </symbol>
      <symbol id="sm-a34">
         <name>_SlNetAppStopCtrl</name>
         <value>0x2000aec8</value>
         <object_component_ref idref="oc-3a1"/>
      </symbol>
      <symbol id="sm-a35">
         <name>_SlNetAppSetCmdCtrl</name>
         <value>0x2000aedc</value>
         <object_component_ref idref="oc-3a1"/>
      </symbol>
      <symbol id="sm-a36">
         <name>_SlNetAppGetCmdCtrl</name>
         <value>0x2000aee4</value>
         <object_component_ref idref="oc-3a1"/>
      </symbol>
      <symbol id="sm-a37">
         <name>_sl_HandleAsync_DnsGetHostByName</name>
         <value>0x20009111</value>
         <object_component_ref idref="oc-638"/>
      </symbol>
      <symbol id="sm-a38">
         <name>_SlRegisterServiceCtrl</name>
         <value>0x2000aed0</value>
         <object_component_ref idref="oc-3a1"/>
      </symbol>
      <symbol id="sm-a39">
         <name>_sl_HandleAsync_PingResponse</name>
         <value>0x20009381</value>
         <object_component_ref idref="oc-5f9"/>
      </symbol>
      <symbol id="sm-a3a">
         <name>_SlNetAppStartCtrl</name>
         <value>0x2000aec4</value>
         <object_component_ref idref="oc-3a1"/>
      </symbol>
      <symbol id="sm-a3b">
         <name>_SlDrvNetAppEventHandler</name>
         <value>0x20008541</value>
         <object_component_ref idref="oc-667"/>
      </symbol>
      <symbol id="sm-a3c">
         <name>_sl_HandleAsync_DnsGetHostByService</name>
         <value>0x200095b1</value>
         <object_component_ref idref="oc-63e"/>
      </symbol>
      <symbol id="sm-a3d">
         <name>sl_NetAppStart</name>
         <value>0x2000a4d9</value>
         <object_component_ref idref="oc-23c"/>
      </symbol>
      <symbol id="sm-a3e">
         <name>sl_NetAppSendTokenValue</name>
         <value>0x20009a79</value>
         <object_component_ref idref="oc-69f"/>
      </symbol>
      <symbol id="sm-a3f">
         <name>CopyPingResultsToReport</name>
         <value>0x2000a699</value>
         <object_component_ref idref="oc-67e"/>
      </symbol>
      <symbol id="sm-a40">
         <name>_SlGetHostByNameCtrl</name>
         <value>0x2000aed8</value>
         <object_component_ref idref="oc-3a1"/>
      </symbol>
      <symbol id="sm-a41">
         <name>_SlGetHostByServiceCtrl</name>
         <value>0x2000aed4</value>
         <object_component_ref idref="oc-3a1"/>
      </symbol>
      <symbol id="sm-a5f">
         <name>_SlNetCfgSetCmdCtrl</name>
         <value>0x2000af60</value>
         <object_component_ref idref="oc-38e"/>
      </symbol>
      <symbol id="sm-a60">
         <name>_SlNetCfgGetCmdCtrl</name>
         <value>0x2000af64</value>
         <object_component_ref idref="oc-38e"/>
      </symbol>
      <symbol id="sm-a61">
         <name>sl_NetCfgSet</name>
         <value>0x20009f05</value>
         <object_component_ref idref="oc-221"/>
      </symbol>
      <symbol id="sm-a9f">
         <name>_SlNonOsSemSet</name>
         <value>0x2000a973</value>
         <object_component_ref idref="oc-336"/>
      </symbol>
      <symbol id="sm-aa0">
         <name>_SlNonOsSpawn</name>
         <value>0x2000a5e9</value>
         <object_component_ref idref="oc-4d2"/>
      </symbol>
      <symbol id="sm-aa1">
         <name>_SlNonOsSemGet</name>
         <value>0x2000a305</value>
         <object_component_ref idref="oc-330"/>
      </symbol>
      <symbol id="sm-aa2">
         <name>_SlNonOsMainLoopTask</name>
         <value>0x20009fc9</value>
         <object_component_ref idref="oc-113"/>
      </symbol>
      <symbol id="sm-aa3">
         <name>g__SlNonOsCB</name>
         <value>0x2001f644</value>
         <object_component_ref idref="oc-248"/>
      </symbol>
      <symbol id="sm-ad5">
         <name>_sl_HandleAsync_Connect</name>
         <value>0x200094dd</value>
         <object_component_ref idref="oc-62c"/>
      </symbol>
      <symbol id="sm-ad6">
         <name>_sl_HandleAsync_Select</name>
         <value>0x20009865</value>
         <object_component_ref idref="oc-632"/>
      </symbol>
      <symbol id="sm-ad7">
         <name>_sl_HandleAsync_Accept</name>
         <value>0x20009549</value>
         <object_component_ref idref="oc-626"/>
      </symbol>
      <symbol id="sm-b03">
         <name>_SlPolicyGetCmdCtrl</name>
         <value>0x2000ab94</value>
         <object_component_ref idref="oc-36e"/>
      </symbol>
      <symbol id="sm-b04">
         <name>_SlPolicySetCmdCtrl</name>
         <value>0x2000ab90</value>
         <object_component_ref idref="oc-36e"/>
      </symbol>
      <symbol id="sm-b05">
         <name>_SlRxFilterGetCmdCtrl</name>
         <value>0x2000abac</value>
         <object_component_ref idref="oc-36e"/>
      </symbol>
      <symbol id="sm-b06">
         <name>_SlRxFilterSetCmdCtrl</name>
         <value>0x2000aba8</value>
         <object_component_ref idref="oc-36e"/>
      </symbol>
      <symbol id="sm-b07">
         <name>_SlProfileGetCmdCtrl</name>
         <value>0x2000ab98</value>
         <object_component_ref idref="oc-36e"/>
      </symbol>
      <symbol id="sm-b08">
         <name>_SlWlanGetNetworkListCtrl</name>
         <value>0x2000aba0</value>
         <object_component_ref idref="oc-36e"/>
      </symbol>
      <symbol id="sm-b09">
         <name>_SlProfileDelCmdCtrl</name>
         <value>0x2000ab9c</value>
         <object_component_ref idref="oc-36e"/>
      </symbol>
      <symbol id="sm-b0a">
         <name>_SlWlanSetModeCmdCtrl</name>
         <value>0x2000abb4</value>
         <object_component_ref idref="oc-36e"/>
      </symbol>
      <symbol id="sm-b0b">
         <name>_SlWlanCfgSetCmdCtrl</name>
         <value>0x2000abb8</value>
         <object_component_ref idref="oc-36e"/>
      </symbol>
      <symbol id="sm-b0c">
         <name>_SlWlanCfgGetCmdCtrl</name>
         <value>0x2000abbc</value>
         <object_component_ref idref="oc-36e"/>
      </symbol>
      <symbol id="sm-b0d">
         <name>_SlRxFilterAddtCmdCtrl</name>
         <value>0x2000aba4</value>
         <object_component_ref idref="oc-36e"/>
      </symbol>
      <symbol id="sm-b0e">
         <name>sl_WlanSet</name>
         <value>0x20009d69</value>
         <object_component_ref idref="oc-227"/>
      </symbol>
      <symbol id="sm-b0f">
         <name>_SlSmartConfigStartCmdCtrl</name>
         <value>0x2000abb0</value>
         <object_component_ref idref="oc-36e"/>
      </symbol>
      <symbol id="sm-b10">
         <name>sl_WlanSetMode</name>
         <value>0x2000a469</value>
         <object_component_ref idref="oc-215"/>
      </symbol>
      <symbol id="sm-bda">
         <name>g_cDummy</name>
         <value>0x2001f679</value>
      </symbol>
      <symbol id="sm-bdb">
         <name>NwpMaskInterrupt</name>
         <value>0x2000a921</value>
         <object_component_ref idref="oc-4cc"/>
      </symbol>
      <symbol id="sm-bdc">
         <name>NwpRegisterInterruptHandler</name>
         <value>0x2000a139</value>
         <object_component_ref idref="oc-342"/>
      </symbol>
      <symbol id="sm-bdd">
         <name>NwpPowerOnPreamble</name>
         <value>0x20009195</value>
         <object_component_ref idref="oc-318"/>
      </symbol>
      <symbol id="sm-bde">
         <name>g_pHostIntHdl</name>
         <value>0x2001f3b0</value>
         <object_component_ref idref="oc-499"/>
      </symbol>
      <symbol id="sm-bdf">
         <name>NwpUnMaskInterrupt</name>
         <value>0x2000a95d</value>
         <object_component_ref idref="oc-5f2"/>
      </symbol>
      <symbol id="sm-be0">
         <name>g_ucDinDout</name>
         <value>0x2001f3b8</value>
         <object_component_ref idref="oc-499"/>
      </symbol>
      <symbol id="sm-be1">
         <name>NwpPowerOff</name>
         <value>0x2000a049</value>
         <object_component_ref idref="oc-33c"/>
      </symbol>
      <symbol id="sm-be2">
         <name>spi_Read</name>
         <value>0x20008179</value>
         <object_component_ref idref="oc-5e6"/>
      </symbol>
      <symbol id="sm-be3">
         <name>DmaSpiSwIntHandler</name>
         <value>0x2000a491</value>
         <object_component_ref idref="oc-49c"/>
      </symbol>
      <symbol id="sm-be4">
         <name>NwpPowerOn</name>
         <value>0x2000a245</value>
         <object_component_ref idref="oc-348"/>
      </symbol>
      <symbol id="sm-be5">
         <name>spi_Close</name>
         <value>0x200093f9</value>
         <object_component_ref idref="oc-379"/>
      </symbol>
      <symbol id="sm-be6">
         <name>spi_Write</name>
         <value>0x20007d45</value>
         <object_component_ref idref="oc-594"/>
      </symbol>
      <symbol id="sm-be7">
         <name>spi_Open</name>
         <value>0x200075f9</value>
         <object_component_ref idref="oc-324"/>
      </symbol>
      <symbol id="sm-be8">
         <name>g_ucDMAEnabled</name>
         <value>0x2001f3b4</value>
         <object_component_ref idref="oc-499"/>
      </symbol>
      <symbol id="sm-be9">
         <name>g_SpiFd</name>
         <value>0x2001f3ac</value>
         <object_component_ref idref="oc-499"/>
      </symbol>
      <symbol id="sm-bfd">
         <name>GPIODirModeSet</name>
         <value>0x2000a171</value>
         <object_component_ref idref="oc-1c5"/>
      </symbol>
      <symbol id="sm-bfe">
         <name>GPIOPinWrite</name>
         <value>0x2000a587</value>
         <object_component_ref idref="oc-ae"/>
      </symbol>
      <symbol id="sm-c84">
         <name>IntPendClear</name>
         <value>0x2000991d</value>
         <object_component_ref idref="oc-4bc"/>
      </symbol>
      <symbol id="sm-c85">
         <name>IntPrioritySet</name>
         <value>0x20009a25</value>
         <object_component_ref idref="oc-48d"/>
      </symbol>
      <symbol id="sm-c86">
         <name>IntVTableBaseSet</name>
         <value>0x2000a899</value>
         <object_component_ref idref="oc-e9"/>
      </symbol>
      <symbol id="sm-c87">
         <name>IntEnable</name>
         <value>0x20008749</value>
         <object_component_ref idref="oc-f5"/>
      </symbol>
      <symbol id="sm-c88">
         <name>IntDisable</name>
         <value>0x200086a1</value>
         <object_component_ref idref="oc-4b0"/>
      </symbol>
      <symbol id="sm-c89">
         <name>IntRegister</name>
         <value>0x2000a5a9</value>
         <object_component_ref idref="oc-487"/>
      </symbol>
      <symbol id="sm-c8a">
         <name>IntUnregister</name>
         <value>0x2000a4b5</value>
         <object_component_ref idref="oc-4b6"/>
      </symbol>
      <symbol id="sm-c8b">
         <name>IntMasterEnable</name>
         <value>0x2000a969</value>
         <object_component_ref idref="oc-ef"/>
      </symbol>
      <symbol id="sm-cd2">
         <name>PinTypeADC</name>
         <value>0x2000a8ad</value>
         <object_component_ref idref="oc-1b3"/>
      </symbol>
      <symbol id="sm-cd3">
         <name>PinTypeTimer</name>
         <value>0x2000a6cd</value>
         <object_component_ref idref="oc-1cb"/>
      </symbol>
      <symbol id="sm-cd4">
         <name>PinTypeGPIO</name>
         <value>0x2000a275</value>
         <object_component_ref idref="oc-1bf"/>
      </symbol>
      <symbol id="sm-cd5">
         <name>PinConfigSet</name>
         <value>0x20008e6d</value>
         <object_component_ref idref="oc-2fa"/>
      </symbol>
      <symbol id="sm-cd6">
         <name>PinTypeSPI</name>
         <value>0x2000a6b3</value>
         <object_component_ref idref="oc-1b9"/>
      </symbol>
      <symbol id="sm-cd7">
         <name>PinModeSet</name>
         <value>0x20009f49</value>
         <object_component_ref idref="oc-301"/>
      </symbol>
      <symbol id="sm-d66">
         <name>PRCMPeripheralReset</name>
         <value>0x20009975</value>
         <object_component_ref idref="oc-1a0"/>
      </symbol>
      <symbol id="sm-d67">
         <name>PRCMPeripheralClkEnable</name>
         <value>0x2000a085</value>
         <object_component_ref idref="oc-19a"/>
      </symbol>
      <symbol id="sm-d68">
         <name>PRCMPeripheralClockGet</name>
         <value>0x20008af9</value>
         <object_component_ref idref="oc-c0"/>
      </symbol>
      <symbol id="sm-d69">
         <name>PRCMCC3200MCUInit</name>
         <value>0x20007391</value>
         <object_component_ref idref="oc-fb"/>
      </symbol>
      <symbol id="sm-d6a">
         <name>PRCMHIBRegWrite</name>
         <value>0x2000a843</value>
         <object_component_ref idref="oc-194"/>
      </symbol>
      <symbol id="sm-d6b">
         <name>PRCMSysResetCauseGet</name>
         <value>0x2000a395</value>
         <object_component_ref idref="oc-1ac"/>
      </symbol>
      <symbol id="sm-d6c">
         <name>PRCMPeripheralStatusGet</name>
         <value>0x2000a1dd</value>
         <object_component_ref idref="oc-463"/>
      </symbol>
      <symbol id="sm-d6d">
         <name>PRCMPeripheralClkDisable</name>
         <value>0x2000a441</value>
         <object_component_ref idref="oc-1a6"/>
      </symbol>
      <symbol id="sm-d6e">
         <name>PRCMHIBRegRead</name>
         <value>0x2000a82d</value>
         <object_component_ref idref="oc-18e"/>
      </symbol>
      <symbol id="sm-e6a">
         <name>SPIFIFODisable</name>
         <value>0x2000a71b</value>
         <object_component_ref idref="oc-4f8"/>
      </symbol>
      <symbol id="sm-e6b">
         <name>SPITransfer</name>
         <value>0x20008ef5</value>
         <object_component_ref idref="oc-b4"/>
      </symbol>
      <symbol id="sm-e6c">
         <name>SPICSEnable</name>
         <value>0x2000a79b</value>
         <object_component_ref idref="oc-600"/>
      </symbol>
      <symbol id="sm-e6d">
         <name>SPIDisable</name>
         <value>0x2000a7b3</value>
         <object_component_ref idref="oc-45d"/>
      </symbol>
      <symbol id="sm-e6e">
         <name>SPIFIFOEnable</name>
         <value>0x2000a735</value>
         <object_component_ref idref="oc-475"/>
      </symbol>
      <symbol id="sm-e6f">
         <name>SPIWordCountSet</name>
         <value>0x2000a543</value>
         <object_component_ref idref="oc-61e"/>
      </symbol>
      <symbol id="sm-e70">
         <name>SPIEnable</name>
         <value>0x2000a7cb</value>
         <object_component_ref idref="oc-cc"/>
      </symbol>
      <symbol id="sm-e71">
         <name>SPIDmaEnable</name>
         <value>0x2000a701</value>
         <object_component_ref idref="oc-47b"/>
      </symbol>
      <symbol id="sm-e72">
         <name>SPIConfigSetExpClk</name>
         <value>0x200087f1</value>
         <object_component_ref idref="oc-c6"/>
      </symbol>
      <symbol id="sm-e73">
         <name>SPIIntUnregister</name>
         <value>0x2000a74f</value>
         <object_component_ref idref="oc-4f2"/>
      </symbol>
      <symbol id="sm-e74">
         <name>SPIFIFOLevelSet</name>
         <value>0x2000a211</value>
         <object_component_ref idref="oc-481"/>
      </symbol>
      <symbol id="sm-e75">
         <name>SPIDmaDisable</name>
         <value>0x2000a6e7</value>
         <object_component_ref idref="oc-4fe"/>
      </symbol>
      <symbol id="sm-e76">
         <name>SPIReset</name>
         <value>0x2000a521</value>
         <object_component_ref idref="oc-ba"/>
      </symbol>
      <symbol id="sm-e77">
         <name>SPIIntEnable</name>
         <value>0x20009acd</value>
         <object_component_ref idref="oc-493"/>
      </symbol>
      <symbol id="sm-e78">
         <name>SPIIntClear</name>
         <value>0x20009c49</value>
         <object_component_ref idref="oc-571"/>
      </symbol>
      <symbol id="sm-e79">
         <name>SPICSDisable</name>
         <value>0x2000a783</value>
         <object_component_ref idref="oc-457"/>
      </symbol>
      <symbol id="sm-ebe">
         <name>TimerMatchSet</name>
         <value>0x2000a3eb</value>
         <object_component_ref idref="oc-1d2"/>
      </symbol>
      <symbol id="sm-ebf">
         <name>TimerLoadSet</name>
         <value>0x2000a3c1</value>
         <object_component_ref idref="oc-1ea"/>
      </symbol>
      <symbol id="sm-ec0">
         <name>TimerControlLevel</name>
         <value>0x2000a1a7</value>
         <object_component_ref idref="oc-1e4"/>
      </symbol>
      <symbol id="sm-ec1">
         <name>TimerDisable</name>
         <value>0x2000a609</value>
         <object_component_ref idref="oc-1f6"/>
      </symbol>
      <symbol id="sm-ec2">
         <name>TimerEnable</name>
         <value>0x2000a627</value>
         <object_component_ref idref="oc-1f0"/>
      </symbol>
      <symbol id="sm-ec3">
         <name>TimerPrescaleSet</name>
         <value>0x2000a415</value>
         <object_component_ref idref="oc-1de"/>
      </symbol>
      <symbol id="sm-ec4">
         <name>TimerConfigure</name>
         <value>0x20009df5</value>
         <object_component_ref idref="oc-1d8"/>
      </symbol>
      <symbol id="sm-f1b">
         <name>uDMAChannelControlSet</name>
         <value>0x2000a0fd</value>
         <object_component_ref idref="oc-606"/>
      </symbol>
      <symbol id="sm-f1c">
         <name>uDMAChannelAttributeEnable</name>
         <value>0x200096e1</value>
         <object_component_ref idref="oc-60c"/>
      </symbol>
      <symbol id="sm-f1d">
         <name>uDMAChannelTransferSet</name>
         <value>0x20007c55</value>
         <object_component_ref idref="oc-612"/>
      </symbol>
      <symbol id="sm-f1e">
         <name>uDMAChannelAssign</name>
         <value>0x20009bb1</value>
         <object_component_ref idref="oc-469"/>
      </symbol>
      <symbol id="sm-f1f">
         <name>uDMAChannelAttributeDisable</name>
         <value>0x2000967d</value>
         <object_component_ref idref="oc-46f"/>
      </symbol>
      <symbol id="sm-f20">
         <name>uDMAChannelEnable</name>
         <value>0x2000a67d</value>
         <object_component_ref idref="oc-618"/>
      </symbol>
      <symbol id="sm-f24">
         <name>UtilsDelay</name>
         <value>0x2000a97b</value>
         <object_component_ref idref="oc-2ef"/>
      </symbol>
      <symbol id="sm-f2e">
         <name>CPUcpsie</name>
         <value>0x2000a885</value>
         <object_component_ref idref="oc-17e"/>
      </symbol>
      <symbol id="sm-f31">
         <name>__TI_static_base__</name>
         <value>0x2000af68</value>
      </symbol>
      <symbol id="sm-f32">
         <name>__TI_args_main</name>
         <value>0x1</value>
      </symbol>
      <symbol id="sm-f33">
         <name>SHT$$INIT_ARRAY$$Limit</name>
         <value>0x0</value>
      </symbol>
      <symbol id="sm-f34">
         <name>SHT$$INIT_ARRAY$$Base</name>
         <value>0x0</value>
      </symbol>
      <symbol id="sm-f38">
         <name>remove</name>
         <value>0x20006659</value>
      </symbol>
   </symbol_table>
   <title>Link successful</title>
</link_info>
