<?xml version="1.0"?>
<link_info>
   <banner>TI ARM Linker PC v5.1.10</banner>
   <copyright>Copyright (c) 1996-2015 Texas Instruments Incorporated</copyright>
   <link_time>0x54ff0c61</link_time>
   <link_errors>0x0</link_errors>
   <output_file>airstrike.out</output_file>
   <entry_point>
      <name>_c_int00</name>
      <address>0x20009405</address>
   </entry_point>
   <input_file_list>
      <input_file id="fl-2">
         <path>.\</path>
         <kind>object</kind>
         <file>main.obj</file>
         <name>main.obj</name>
      </input_file>
      <input_file id="fl-3">
         <path>.\</path>
         <kind>object</kind>
         <file>network.obj</file>
         <name>network.obj</name>
      </input_file>
      <input_file id="fl-4">
         <path>.\</path>
         <kind>object</kind>
         <file>pwm.obj</file>
         <name>pwm.obj</name>
      </input_file>
      <input_file id="fl-5">
         <path>.\</path>
         <kind>object</kind>
         <file>rom_pin_mux_config.obj</file>
         <name>rom_pin_mux_config.obj</name>
      </input_file>
      <input_file id="fl-6">
         <path>.\</path>
         <kind>object</kind>
         <file>startup_ccs.obj</file>
         <name>startup_ccs.obj</name>
      </input_file>
      <input_file id="fl-135">
         <path>c:\ti\ccsv6\tools\compiler\arm_5.1.10\lib\</path>
         <kind>archive</kind>
         <file>rtsv7M4_T_le_v4SPD16_eabi.lib</file>
         <name>boot.obj</name>
      </input_file>
      <input_file id="fl-136">
         <path>c:\ti\ccsv6\tools\compiler\arm_5.1.10\lib\</path>
         <kind>archive</kind>
         <file>rtsv7M4_T_le_v4SPD16_eabi.lib</file>
         <name>copy_decompress_none.obj</name>
      </input_file>
      <input_file id="fl-137">
         <path>c:\ti\ccsv6\tools\compiler\arm_5.1.10\lib\</path>
         <kind>archive</kind>
         <file>rtsv7M4_T_le_v4SPD16_eabi.lib</file>
         <name>copy_decompress_rle.obj</name>
      </input_file>
      <input_file id="fl-138">
         <path>c:\ti\ccsv6\tools\compiler\arm_5.1.10\lib\</path>
         <kind>archive</kind>
         <file>rtsv7M4_T_le_v4SPD16_eabi.lib</file>
         <name>copy_zero_init.obj</name>
      </input_file>
      <input_file id="fl-139">
         <path>c:\ti\ccsv6\tools\compiler\arm_5.1.10\lib\</path>
         <kind>archive</kind>
         <file>rtsv7M4_T_le_v4SPD16_eabi.lib</file>
         <name>exit.obj</name>
      </input_file>
      <input_file id="fl-13a">
         <path>c:\ti\ccsv6\tools\compiler\arm_5.1.10\lib\</path>
         <kind>archive</kind>
         <file>rtsv7M4_T_le_v4SPD16_eabi.lib</file>
         <name>memcmp.obj</name>
      </input_file>
      <input_file id="fl-13b">
         <path>c:\ti\ccsv6\tools\compiler\arm_5.1.10\lib\</path>
         <kind>archive</kind>
         <file>rtsv7M4_T_le_v4SPD16_eabi.lib</file>
         <name>memcpy_t2.obj</name>
      </input_file>
      <input_file id="fl-13c">
         <path>c:\ti\ccsv6\tools\compiler\arm_5.1.10\lib\</path>
         <kind>archive</kind>
         <file>rtsv7M4_T_le_v4SPD16_eabi.lib</file>
         <name>printf.obj</name>
      </input_file>
      <input_file id="fl-13d">
         <path>c:\ti\ccsv6\tools\compiler\arm_5.1.10\lib\</path>
         <kind>archive</kind>
         <file>rtsv7M4_T_le_v4SPD16_eabi.lib</file>
         <name>stkdepth_vars.obj</name>
      </input_file>
      <input_file id="fl-13e">
         <path>c:\ti\ccsv6\tools\compiler\arm_5.1.10\lib\</path>
         <kind>archive</kind>
         <file>rtsv7M4_T_le_v4SPD16_eabi.lib</file>
         <name>strlen.obj</name>
      </input_file>
      <input_file id="fl-13f">
         <path>c:\ti\ccsv6\tools\compiler\arm_5.1.10\lib\</path>
         <kind>archive</kind>
         <file>rtsv7M4_T_le_v4SPD16_eabi.lib</file>
         <name>_lock.obj</name>
      </input_file>
      <input_file id="fl-140">
         <path>c:\ti\ccsv6\tools\compiler\arm_5.1.10\lib\</path>
         <kind>archive</kind>
         <file>rtsv7M4_T_le_v4SPD16_eabi.lib</file>
         <name>_printfi.obj</name>
      </input_file>
      <input_file id="fl-141">
         <path>c:\ti\ccsv6\tools\compiler\arm_5.1.10\lib\</path>
         <kind>archive</kind>
         <file>rtsv7M4_T_le_v4SPD16_eabi.lib</file>
         <name>args_main.obj</name>
      </input_file>
      <input_file id="fl-142">
         <path>c:\ti\ccsv6\tools\compiler\arm_5.1.10\lib\</path>
         <kind>archive</kind>
         <file>rtsv7M4_T_le_v4SPD16_eabi.lib</file>
         <name>atoi.obj</name>
      </input_file>
      <input_file id="fl-143">
         <path>c:\ti\ccsv6\tools\compiler\arm_5.1.10\lib\</path>
         <kind>archive</kind>
         <file>rtsv7M4_T_le_v4SPD16_eabi.lib</file>
         <name>auto_init.obj</name>
      </input_file>
      <input_file id="fl-144">
         <path>c:\ti\ccsv6\tools\compiler\arm_5.1.10\lib\</path>
         <kind>archive</kind>
         <file>rtsv7M4_T_le_v4SPD16_eabi.lib</file>
         <name>cpy_tbl.obj</name>
      </input_file>
      <input_file id="fl-145">
         <path>c:\ti\ccsv6\tools\compiler\arm_5.1.10\lib\</path>
         <kind>archive</kind>
         <file>rtsv7M4_T_le_v4SPD16_eabi.lib</file>
         <name>ctype.obj</name>
      </input_file>
      <input_file id="fl-146">
         <path>c:\ti\ccsv6\tools\compiler\arm_5.1.10\lib\</path>
         <kind>archive</kind>
         <file>rtsv7M4_T_le_v4SPD16_eabi.lib</file>
         <name>defs.obj</name>
      </input_file>
      <input_file id="fl-147">
         <path>c:\ti\ccsv6\tools\compiler\arm_5.1.10\lib\</path>
         <kind>archive</kind>
         <file>rtsv7M4_T_le_v4SPD16_eabi.lib</file>
         <name>fd_add_t2.obj</name>
      </input_file>
      <input_file id="fl-148">
         <path>c:\ti\ccsv6\tools\compiler\arm_5.1.10\lib\</path>
         <kind>archive</kind>
         <file>rtsv7M4_T_le_v4SPD16_eabi.lib</file>
         <name>fd_cmp_t2.obj</name>
      </input_file>
      <input_file id="fl-149">
         <path>c:\ti\ccsv6\tools\compiler\arm_5.1.10\lib\</path>
         <kind>archive</kind>
         <file>rtsv7M4_T_le_v4SPD16_eabi.lib</file>
         <name>fd_div_t2.obj</name>
      </input_file>
      <input_file id="fl-14a">
         <path>c:\ti\ccsv6\tools\compiler\arm_5.1.10\lib\</path>
         <kind>archive</kind>
         <file>rtsv7M4_T_le_v4SPD16_eabi.lib</file>
         <name>fd_mul_t2.obj</name>
      </input_file>
      <input_file id="fl-14b">
         <path>c:\ti\ccsv6\tools\compiler\arm_5.1.10\lib\</path>
         <kind>archive</kind>
         <file>rtsv7M4_T_le_v4SPD16_eabi.lib</file>
         <name>fd_toi_t2.obj</name>
      </input_file>
      <input_file id="fl-14c">
         <path>c:\ti\ccsv6\tools\compiler\arm_5.1.10\lib\</path>
         <kind>archive</kind>
         <file>rtsv7M4_T_le_v4SPD16_eabi.lib</file>
         <name>fputc.obj</name>
      </input_file>
      <input_file id="fl-14d">
         <path>c:\ti\ccsv6\tools\compiler\arm_5.1.10\lib\</path>
         <kind>archive</kind>
         <file>rtsv7M4_T_le_v4SPD16_eabi.lib</file>
         <name>fputs.obj</name>
      </input_file>
      <input_file id="fl-14e">
         <path>c:\ti\ccsv6\tools\compiler\arm_5.1.10\lib\</path>
         <kind>archive</kind>
         <file>rtsv7M4_T_le_v4SPD16_eabi.lib</file>
         <name>i_tofd_t2.obj</name>
      </input_file>
      <input_file id="fl-14f">
         <path>c:\ti\ccsv6\tools\compiler\arm_5.1.10\lib\</path>
         <kind>archive</kind>
         <file>rtsv7M4_T_le_v4SPD16_eabi.lib</file>
         <name>ll_mul_t2.obj</name>
      </input_file>
      <input_file id="fl-150">
         <path>c:\ti\ccsv6\tools\compiler\arm_5.1.10\lib\</path>
         <kind>archive</kind>
         <file>rtsv7M4_T_le_v4SPD16_eabi.lib</file>
         <name>lowlev.obj</name>
      </input_file>
      <input_file id="fl-151">
         <path>c:\ti\ccsv6\tools\compiler\arm_5.1.10\lib\</path>
         <kind>archive</kind>
         <file>rtsv7M4_T_le_v4SPD16_eabi.lib</file>
         <name>ltoa.obj</name>
      </input_file>
      <input_file id="fl-152">
         <path>c:\ti\ccsv6\tools\compiler\arm_5.1.10\lib\</path>
         <kind>archive</kind>
         <file>rtsv7M4_T_le_v4SPD16_eabi.lib</file>
         <name>memccpy.obj</name>
      </input_file>
      <input_file id="fl-153">
         <path>c:\ti\ccsv6\tools\compiler\arm_5.1.10\lib\</path>
         <kind>archive</kind>
         <file>rtsv7M4_T_le_v4SPD16_eabi.lib</file>
         <name>memchr.obj</name>
      </input_file>
      <input_file id="fl-154">
         <path>c:\ti\ccsv6\tools\compiler\arm_5.1.10\lib\</path>
         <kind>archive</kind>
         <file>rtsv7M4_T_le_v4SPD16_eabi.lib</file>
         <name>memset_t2.obj</name>
      </input_file>
      <input_file id="fl-155">
         <path>c:\ti\ccsv6\tools\compiler\arm_5.1.10\lib\</path>
         <kind>archive</kind>
         <file>rtsv7M4_T_le_v4SPD16_eabi.lib</file>
         <name>strchr.obj</name>
      </input_file>
      <input_file id="fl-156">
         <path>c:\ti\ccsv6\tools\compiler\arm_5.1.10\lib\</path>
         <kind>archive</kind>
         <file>rtsv7M4_T_le_v4SPD16_eabi.lib</file>
         <name>strcmp.obj</name>
      </input_file>
      <input_file id="fl-157">
         <path>c:\ti\ccsv6\tools\compiler\arm_5.1.10\lib\</path>
         <kind>archive</kind>
         <file>rtsv7M4_T_le_v4SPD16_eabi.lib</file>
         <name>strncpy.obj</name>
      </input_file>
      <input_file id="fl-158">
         <path>c:\ti\ccsv6\tools\compiler\arm_5.1.10\lib\</path>
         <kind>archive</kind>
         <file>rtsv7M4_T_le_v4SPD16_eabi.lib</file>
         <name>trgdrv.obj</name>
      </input_file>
      <input_file id="fl-159">
         <path>c:\ti\ccsv6\tools\compiler\arm_5.1.10\lib\</path>
         <kind>archive</kind>
         <file>rtsv7M4_T_le_v4SPD16_eabi.lib</file>
         <name>trgmsg.obj</name>
      </input_file>
      <input_file id="fl-15a">
         <path>c:\ti\ccsv6\tools\compiler\arm_5.1.10\lib\</path>
         <kind>archive</kind>
         <file>rtsv7M4_T_le_v4SPD16_eabi.lib</file>
         <name>ull_div_t2.obj</name>
      </input_file>
      <input_file id="fl-15b">
         <path>c:\ti\ccsv6\tools\compiler\arm_5.1.10\lib\</path>
         <kind>archive</kind>
         <file>rtsv7M4_T_le_v4SPD16_eabi.lib</file>
         <name>xdclass.obj</name>
      </input_file>
      <input_file id="fl-15c">
         <path>c:\ti\ccsv6\tools\compiler\arm_5.1.10\lib\</path>
         <kind>archive</kind>
         <file>rtsv7M4_T_le_v4SPD16_eabi.lib</file>
         <name>xdtest.obj</name>
      </input_file>
      <input_file id="fl-15d">
         <path>c:\ti\ccsv6\tools\compiler\arm_5.1.10\lib\</path>
         <kind>archive</kind>
         <file>rtsv7M4_T_le_v4SPD16_eabi.lib</file>
         <name>_io_perm.obj</name>
      </input_file>
      <input_file id="fl-15e">
         <path>c:\ti\ccsv6\tools\compiler\arm_5.1.10\lib\</path>
         <kind>archive</kind>
         <file>rtsv7M4_T_le_v4SPD16_eabi.lib</file>
         <name>fflush.obj</name>
      </input_file>
      <input_file id="fl-15f">
         <path>c:\ti\ccsv6\tools\compiler\arm_5.1.10\lib\</path>
         <kind>archive</kind>
         <file>rtsv7M4_T_le_v4SPD16_eabi.lib</file>
         <name>fseek.obj</name>
      </input_file>
      <input_file id="fl-160">
         <path>c:\ti\ccsv6\tools\compiler\arm_5.1.10\lib\</path>
         <kind>archive</kind>
         <file>rtsv7M4_T_le_v4SPD16_eabi.lib</file>
         <name>setvbuf.obj</name>
      </input_file>
      <input_file id="fl-161">
         <path>c:\ti\ccsv6\tools\compiler\arm_5.1.10\lib\</path>
         <kind>archive</kind>
         <file>rtsv7M4_T_le_v4SPD16_eabi.lib</file>
         <name>strcpy.obj</name>
      </input_file>
      <input_file id="fl-162">
         <path>c:\ti\ccsv6\tools\compiler\arm_5.1.10\lib\</path>
         <kind>archive</kind>
         <file>rtsv7M4_T_le_v4SPD16_eabi.lib</file>
         <name>fopen.obj</name>
      </input_file>
      <input_file id="fl-163">
         <path>c:\ti\ccsv6\tools\compiler\arm_5.1.10\lib\</path>
         <kind>archive</kind>
         <file>rtsv7M4_T_le_v4SPD16_eabi.lib</file>
         <name>memory.obj</name>
      </input_file>
      <input_file id="fl-164">
         <path>c:\ti\ccsv6\tools\compiler\arm_5.1.10\lib\</path>
         <kind>archive</kind>
         <file>rtsv7M4_T_le_v4SPD16_eabi.lib</file>
         <name>fclose.obj</name>
      </input_file>
      <input_file id="fl-165">
         <path>c:\ti\ccsv6\tools\compiler\arm_5.1.10\lib\</path>
         <kind>archive</kind>
         <file>rtsv7M4_T_le_v4SPD16_eabi.lib</file>
         <name>remove.obj</name>
      </input_file>
      <input_file id="fl-166">
         <path>C:\ti\CC3200SDK_1.0.0\cc3200-sdk\simplelink\ccs\NON_OS\</path>
         <kind>archive</kind>
         <file>simplelink.a</file>
         <name>device.obj</name>
      </input_file>
      <input_file id="fl-167">
         <path>C:\ti\CC3200SDK_1.0.0\cc3200-sdk\simplelink\ccs\NON_OS\</path>
         <kind>archive</kind>
         <file>simplelink.a</file>
         <name>driver.obj</name>
      </input_file>
      <input_file id="fl-168">
         <path>C:\ti\CC3200SDK_1.0.0\cc3200-sdk\simplelink\ccs\NON_OS\</path>
         <kind>archive</kind>
         <file>simplelink.a</file>
         <name>flowcont.obj</name>
      </input_file>
      <input_file id="fl-169">
         <path>C:\ti\CC3200SDK_1.0.0\cc3200-sdk\simplelink\ccs\NON_OS\</path>
         <kind>archive</kind>
         <file>simplelink.a</file>
         <name>netapp.obj</name>
      </input_file>
      <input_file id="fl-16a">
         <path>C:\ti\CC3200SDK_1.0.0\cc3200-sdk\simplelink\ccs\NON_OS\</path>
         <kind>archive</kind>
         <file>simplelink.a</file>
         <name>netcfg.obj</name>
      </input_file>
      <input_file id="fl-16b">
         <path>C:\ti\CC3200SDK_1.0.0\cc3200-sdk\simplelink\ccs\NON_OS\</path>
         <kind>archive</kind>
         <file>simplelink.a</file>
         <name>nonos.obj</name>
      </input_file>
      <input_file id="fl-16c">
         <path>C:\ti\CC3200SDK_1.0.0\cc3200-sdk\simplelink\ccs\NON_OS\</path>
         <kind>archive</kind>
         <file>simplelink.a</file>
         <name>socket.obj</name>
      </input_file>
      <input_file id="fl-16d">
         <path>C:\ti\CC3200SDK_1.0.0\cc3200-sdk\simplelink\ccs\NON_OS\</path>
         <kind>archive</kind>
         <file>simplelink.a</file>
         <name>wlan.obj</name>
      </input_file>
      <input_file id="fl-16e">
         <path>C:\ti\CC3200SDK_1.0.0\cc3200-sdk\simplelink\ccs\NON_OS\</path>
         <kind>archive</kind>
         <file>simplelink.a</file>
         <name>cc_pal.obj</name>
      </input_file>
      <input_file id="fl-16f">
         <path>C:\ti\CC3200SDK_1.0.0\cc3200-sdk\driverlib\ccs\Release\</path>
         <kind>archive</kind>
         <file>driverlib.a</file>
         <name>gpio.obj</name>
      </input_file>
      <input_file id="fl-170">
         <path>C:\ti\CC3200SDK_1.0.0\cc3200-sdk\driverlib\ccs\Release\</path>
         <kind>archive</kind>
         <file>driverlib.a</file>
         <name>interrupt.obj</name>
      </input_file>
      <input_file id="fl-171">
         <path>C:\ti\CC3200SDK_1.0.0\cc3200-sdk\driverlib\ccs\Release\</path>
         <kind>archive</kind>
         <file>driverlib.a</file>
         <name>pin.obj</name>
      </input_file>
      <input_file id="fl-172">
         <path>C:\ti\CC3200SDK_1.0.0\cc3200-sdk\driverlib\ccs\Release\</path>
         <kind>archive</kind>
         <file>driverlib.a</file>
         <name>prcm.obj</name>
      </input_file>
      <input_file id="fl-173">
         <path>C:\ti\CC3200SDK_1.0.0\cc3200-sdk\driverlib\ccs\Release\</path>
         <kind>archive</kind>
         <file>driverlib.a</file>
         <name>spi.obj</name>
      </input_file>
      <input_file id="fl-174">
         <path>C:\ti\CC3200SDK_1.0.0\cc3200-sdk\driverlib\ccs\Release\</path>
         <kind>archive</kind>
         <file>driverlib.a</file>
         <name>timer.obj</name>
      </input_file>
      <input_file id="fl-175">
         <path>C:\ti\CC3200SDK_1.0.0\cc3200-sdk\driverlib\ccs\Release\</path>
         <kind>archive</kind>
         <file>driverlib.a</file>
         <name>udma.obj</name>
      </input_file>
      <input_file id="fl-176">
         <path>C:\ti\CC3200SDK_1.0.0\cc3200-sdk\driverlib\ccs\Release\</path>
         <kind>archive</kind>
         <file>driverlib.a</file>
         <name>utils.obj</name>
      </input_file>
      <input_file id="fl-177">
         <path>C:\ti\CC3200SDK_1.0.0\cc3200-sdk\driverlib\ccs\Release\</path>
         <kind>archive</kind>
         <file>driverlib.a</file>
         <name>cpu.obj</name>
      </input_file>
      <input_file id="fl-178">
         <path>C:\ti\CC3200SDK_1.0.0\cc3200-sdk\driverlib\ccs\Release\</path>
         <kind>archive</kind>
         <file>driverlib.a</file>
         <name>flash.obj</name>
      </input_file>
      <input_file id="fl-179">
         <path>c:\ti\ccsv6\tools\compiler\arm_5.1.10\lib\</path>
         <kind>archive</kind>
         <file>rtsv7M4_T_le_v4SPD16_eabi.lib</file>
         <name>ll_lsr_t2.obj</name>
      </input_file>
   </input_file_list>
   <object_component_list>
      <object_component id="oc-e">
         <name>.intvecs</name>
         <load_address>0x20004000</load_address>
         <run_address>0x20004000</run_address>
         <size>0x400</size>
         <input_file_ref idref="fl-6"/>
      </object_component>
      <object_component id="oc-18e">
         <name>.text</name>
         <load_address>0x20004400</load_address>
         <run_address>0x20004400</run_address>
         <size>0xec0</size>
         <input_file_ref idref="fl-140"/>
      </object_component>
      <object_component id="oc-4d0">
         <name>.text</name>
         <load_address>0x200052c0</load_address>
         <run_address>0x200052c0</run_address>
         <size>0x3dc</size>
         <input_file_ref idref="fl-163"/>
      </object_component>
      <object_component id="oc-53d">
         <name>.text:_SlDrvMsgRead</name>
         <load_address>0x2000569c</load_address>
         <run_address>0x2000569c</run_address>
         <size>0x3b4</size>
         <input_file_ref idref="fl-167"/>
      </object_component>
      <object_component id="oc-543">
         <name>.text:_SlAsyncEventGenericHandler</name>
         <load_address>0x20005a50</load_address>
         <run_address>0x20005a50</run_address>
         <size>0x34c</size>
         <input_file_ref idref="fl-167"/>
      </object_component>
      <object_component id="oc-227">
         <name>.text</name>
         <load_address>0x20005d9c</load_address>
         <run_address>0x20005d9c</run_address>
         <size>0x310</size>
         <input_file_ref idref="fl-150"/>
      </object_component>
      <object_component id="oc-4ef">
         <name>.text</name>
         <load_address>0x200060ac</load_address>
         <run_address>0x200060ac</run_address>
         <size>0x2d4</size>
         <input_file_ref idref="fl-158"/>
      </object_component>
      <object_component id="oc-d8">
         <name>.text</name>
         <load_address>0x20006380</load_address>
         <run_address>0x20006380</run_address>
         <size>0x248</size>
         <input_file_ref idref="fl-3"/>
      </object_component>
      <object_component id="oc-237">
         <name>.text</name>
         <load_address>0x200065c8</load_address>
         <run_address>0x200065c8</run_address>
         <size>0x1f4</size>
         <input_file_ref idref="fl-15a"/>
      </object_component>
      <object_component id="oc-4d6">
         <name>.text</name>
         <load_address>0x200067bc</load_address>
         <run_address>0x200067bc</run_address>
         <size>0x1c0</size>
         <input_file_ref idref="fl-162"/>
      </object_component>
      <object_component id="oc-265">
         <name>.text</name>
         <load_address>0x2000697c</load_address>
         <run_address>0x2000697c</run_address>
         <size>0x1b6</size>
         <input_file_ref idref="fl-147"/>
      </object_component>
      <object_component id="oc-532">
         <name>.text:IntDefaultHandler</name>
         <load_address>0x20006b32</load_address>
         <run_address>0x20006b32</run_address>
         <size>0x2</size>
         <input_file_ref idref="fl-170"/>
      </object_component>
      <object_component id="oc-59a">
         <name>.text:_SlDrvRxHdrRead</name>
         <load_address>0x20006b34</load_address>
         <run_address>0x20006b34</run_address>
         <size>0x140</size>
         <input_file_ref idref="fl-167"/>
      </object_component>
      <object_component id="oc-24b">
         <name>.text</name>
         <load_address>0x20006c74</load_address>
         <run_address>0x20006c74</run_address>
         <size>0x136</size>
         <input_file_ref idref="fl-149"/>
      </object_component>
      <object_component id="oc-c0">
         <name>.text:PRCMCC3200MCUInit</name>
         <load_address>0x20006dac</load_address>
         <run_address>0x20006dac</run_address>
         <size>0x134</size>
         <input_file_ref idref="fl-172"/>
      </object_component>
      <object_component id="oc-188">
         <name>.text</name>
         <load_address>0x20006ee0</load_address>
         <run_address>0x20006ee0</run_address>
         <size>0x134</size>
         <input_file_ref idref="fl-14d"/>
      </object_component>
      <object_component id="oc-2a8">
         <name>.text:spi_Open</name>
         <load_address>0x20007014</load_address>
         <run_address>0x20007014</run_address>
         <size>0x128</size>
         <input_file_ref idref="fl-16e"/>
      </object_component>
      <object_component id="oc-2ae">
         <name>.text:_SlDrvWaitForPoolObj</name>
         <load_address>0x2000713c</load_address>
         <run_address>0x2000713c</run_address>
         <size>0x118</size>
         <input_file_ref idref="fl-167"/>
      </object_component>
      <object_component id="oc-48d">
         <name>.text:_SlDrvMsgWrite</name>
         <load_address>0x20007254</load_address>
         <run_address>0x20007254</run_address>
         <size>0x114</size>
         <input_file_ref idref="fl-167"/>
      </object_component>
      <object_component id="oc-2d2">
         <name>.text:_SlDrvReleasePoolObj</name>
         <load_address>0x20007368</load_address>
         <run_address>0x20007368</run_address>
         <size>0x10c</size>
         <input_file_ref idref="fl-167"/>
      </object_component>
      <object_component id="oc-246">
         <name>.text</name>
         <load_address>0x20007474</load_address>
         <run_address>0x20007474</run_address>
         <size>0xfc</size>
         <input_file_ref idref="fl-14a"/>
      </object_component>
      <object_component id="oc-5d2">
         <name>.text:uDMAChannelTransferSet</name>
         <load_address>0x20007570</load_address>
         <run_address>0x20007570</run_address>
         <size>0xf0</size>
         <input_file_ref idref="fl-175"/>
      </object_component>
      <object_component id="oc-54a">
         <name>.text:spi_Write</name>
         <load_address>0x20007660</load_address>
         <run_address>0x20007660</run_address>
         <size>0xec</size>
         <input_file_ref idref="fl-16e"/>
      </object_component>
      <object_component id="oc-cc">
         <name>.text</name>
         <load_address>0x2000774c</load_address>
         <run_address>0x2000774c</run_address>
         <size>0xe4</size>
         <input_file_ref idref="fl-4"/>
      </object_component>
      <object_component id="oc-37f">
         <name>.text</name>
         <load_address>0x20007830</load_address>
         <run_address>0x20007830</run_address>
         <size>0xdc</size>
         <input_file_ref idref="fl-160"/>
      </object_component>
      <object_component id="oc-1b6">
         <name>.text:sl_Stop</name>
         <load_address>0x2000790c</load_address>
         <run_address>0x2000790c</run_address>
         <size>0xcc</size>
         <input_file_ref idref="fl-166"/>
      </object_component>
      <object_component id="oc-5a6">
         <name>.text:spi_Read</name>
         <load_address>0x200079d8</load_address>
         <run_address>0x200079d8</run_address>
         <size>0xcc</size>
         <input_file_ref idref="fl-16e"/>
      </object_component>
      <object_component id="oc-1aa">
         <name>.text:sl_Start</name>
         <load_address>0x20007aa4</load_address>
         <run_address>0x20007aa4</run_address>
         <size>0xc8</size>
         <input_file_ref idref="fl-166"/>
      </object_component>
      <object_component id="oc-221">
         <name>.text</name>
         <load_address>0x20007b6c</load_address>
         <run_address>0x20007b6c</run_address>
         <size>0xc0</size>
         <input_file_ref idref="fl-15e"/>
      </object_component>
      <object_component id="oc-493">
         <name>.text:_SlDrvMsgReadCmdCtx</name>
         <load_address>0x20007c2c</load_address>
         <run_address>0x20007c2c</run_address>
         <size>0xbc</size>
         <input_file_ref idref="fl-167"/>
      </object_component>
      <object_component id="oc-62c">
         <name>.text:_SlDrvNetAppEventHandler</name>
         <load_address>0x20007ce8</load_address>
         <run_address>0x20007ce8</run_address>
         <size>0xb2</size>
         <input_file_ref idref="fl-169"/>
      </object_component>
      <object_component id="oc-21b">
         <name>.text</name>
         <load_address>0x20007d9a</load_address>
         <run_address>0x20007d9a</run_address>
         <size>0xac</size>
         <input_file_ref idref="fl-15d"/>
      </object_component>
      <object_component id="oc-45c">
         <name>.text:IntDisable</name>
         <load_address>0x20007e48</load_address>
         <run_address>0x20007e48</run_address>
         <size>0xa8</size>
         <input_file_ref idref="fl-170"/>
      </object_component>
      <object_component id="oc-ba">
         <name>.text:IntEnable</name>
         <load_address>0x20007ef0</load_address>
         <run_address>0x20007ef0</run_address>
         <size>0xa8</size>
         <input_file_ref idref="fl-170"/>
      </object_component>
      <object_component id="oc-403">
         <name>.text:SPIConfigSetExpClk</name>
         <load_address>0x20007f98</load_address>
         <run_address>0x20007f98</run_address>
         <size>0xa0</size>
         <input_file_ref idref="fl-173"/>
      </object_component>
      <object_component id="oc-182">
         <name>.text</name>
         <load_address>0x20008038</load_address>
         <run_address>0x20008038</run_address>
         <size>0x9c</size>
         <input_file_ref idref="fl-14c"/>
      </object_component>
      <object_component id="oc-4a">
         <name>.text</name>
         <load_address>0x200080d4</load_address>
         <run_address>0x200080d4</run_address>
         <size>0x9c</size>
         <input_file_ref idref="fl-13b"/>
      </object_component>
      <object_component id="oc-5ac">
         <name>.text:_SlFindAndSetActiveObj</name>
         <load_address>0x20008170</load_address>
         <run_address>0x20008170</run_address>
         <size>0x98</size>
         <input_file_ref idref="fl-167"/>
      </object_component>
      <object_component id="oc-568">
         <name>.text</name>
         <load_address>0x20008208</load_address>
         <run_address>0x20008208</run_address>
         <size>0x98</size>
         <input_file_ref idref="fl-164"/>
      </object_component>
      <object_component id="oc-3fd">
         <name>.text:PRCMPeripheralClockGet</name>
         <load_address>0x200082a0</load_address>
         <run_address>0x200082a0</run_address>
         <size>0x94</size>
         <input_file_ref idref="fl-172"/>
      </object_component>
      <object_component id="oc-5a0">
         <name>.text:_SlDrvClassifyRxMsg</name>
         <load_address>0x20008334</load_address>
         <run_address>0x20008334</run_address>
         <size>0x94</size>
         <input_file_ref idref="fl-167"/>
      </object_component>
      <object_component id="oc-484">
         <name>.text:_SlDrvMsgReadSpawnCtx</name>
         <load_address>0x200083c8</load_address>
         <run_address>0x200083c8</run_address>
         <size>0x94</size>
         <input_file_ref idref="fl-167"/>
      </object_component>
      <object_component id="oc-35">
         <name>.text</name>
         <load_address>0x2000845c</load_address>
         <run_address>0x2000845c</run_address>
         <size>0x94</size>
         <input_file_ref idref="fl-143"/>
      </object_component>
      <object_component id="oc-2a2">
         <name>.text:_SlDrvDriverCBInit</name>
         <load_address>0x200084f0</load_address>
         <run_address>0x200084f0</run_address>
         <size>0x90</size>
         <input_file_ref idref="fl-167"/>
      </object_component>
      <object_component id="oc-c6">
         <name>.text</name>
         <load_address>0x20008580</load_address>
         <run_address>0x20008580</run_address>
         <size>0x8c</size>
         <input_file_ref idref="fl-5"/>
      </object_component>
      <object_component id="oc-201">
         <name>.text:PinConfigSet</name>
         <load_address>0x2000860c</load_address>
         <run_address>0x2000860c</run_address>
         <size>0x88</size>
         <input_file_ref idref="fl-171"/>
      </object_component>
      <object_component id="oc-2ec">
         <name>.text:_SlDrvCmdOp</name>
         <load_address>0x20008694</load_address>
         <run_address>0x20008694</run_address>
         <size>0x88</size>
         <input_file_ref idref="fl-167"/>
      </object_component>
      <object_component id="oc-241">
         <name>.text:__aeabi_cdcmple</name>
         <load_address>0x2000871c</load_address>
         <run_address>0x2000871c</run_address>
         <size>0x86</size>
         <input_file_ref idref="fl-148"/>
      </object_component>
      <object_component id="oc-250">
         <name>.text:__aeabi_cdrcmple</name>
         <load_address>0x200087a2</load_address>
         <run_address>0x200087a2</run_address>
         <size>0x86</size>
         <input_file_ref idref="fl-148"/>
      </object_component>
      <object_component id="oc-5f8">
         <name>.text:_sl_HandleAsync_DnsGetHostByName</name>
         <load_address>0x20008828</load_address>
         <run_address>0x20008828</run_address>
         <size>0x84</size>
         <input_file_ref idref="fl-169"/>
      </object_component>
      <object_component id="oc-29c">
         <name>.text:NwpPowerOnPreamble</name>
         <load_address>0x200088ac</load_address>
         <run_address>0x200088ac</run_address>
         <size>0x80</size>
         <input_file_ref idref="fl-16e"/>
      </object_component>
      <object_component id="oc-26a">
         <name>.text</name>
         <load_address>0x2000892c</load_address>
         <run_address>0x2000892c</run_address>
         <size>0x7a</size>
         <input_file_ref idref="fl-154"/>
      </object_component>
      <object_component id="oc-639">
         <name>.text:SetupDMAReceive</name>
         <load_address>0x200089a8</load_address>
         <run_address>0x200089a8</run_address>
         <size>0x78</size>
         <input_file_ref idref="fl-16e"/>
      </object_component>
      <object_component id="oc-66f">
         <name>.text:_sl_HandleAsync_InitComplete</name>
         <load_address>0x20008a20</load_address>
         <run_address>0x20008a20</run_address>
         <size>0x78</size>
         <input_file_ref idref="fl-166"/>
      </object_component>
      <object_component id="oc-5b9">
         <name>.text:_sl_HandleAsync_PingResponse</name>
         <load_address>0x20008a98</load_address>
         <run_address>0x20008a98</run_address>
         <size>0x78</size>
         <input_file_ref idref="fl-169"/>
      </object_component>
      <object_component id="oc-2fd">
         <name>.text:spi_Close</name>
         <load_address>0x20008b10</load_address>
         <run_address>0x20008b10</run_address>
         <size>0x74</size>
         <input_file_ref idref="fl-16e"/>
      </object_component>
      <object_component id="oc-d2">
         <name>.text</name>
         <load_address>0x20008b84</load_address>
         <run_address>0x20008b84</run_address>
         <size>0x70</size>
         <input_file_ref idref="fl-13c"/>
      </object_component>
      <object_component id="oc-5ec">
         <name>.text:_sl_HandleAsync_Connect</name>
         <load_address>0x20008bf4</load_address>
         <run_address>0x20008bf4</run_address>
         <size>0x6c</size>
         <input_file_ref idref="fl-16c"/>
      </object_component>
      <object_component id="oc-5e6">
         <name>.text:_sl_HandleAsync_Accept</name>
         <load_address>0x20008c60</load_address>
         <run_address>0x20008c60</run_address>
         <size>0x68</size>
         <input_file_ref idref="fl-16c"/>
      </object_component>
      <object_component id="oc-5fe">
         <name>.text:_sl_HandleAsync_DnsGetHostByService</name>
         <load_address>0x20008cc8</load_address>
         <run_address>0x20008cc8</run_address>
         <size>0x68</size>
         <input_file_ref idref="fl-169"/>
      </object_component>
      <object_component id="oc-379">
         <name>.text</name>
         <load_address>0x20008d30</load_address>
         <run_address>0x20008d30</run_address>
         <size>0x64</size>
         <input_file_ref idref="fl-15f"/>
      </object_component>
      <object_component id="oc-415">
         <name>.text:uDMAChannelAttributeDisable</name>
         <load_address>0x20008d94</load_address>
         <run_address>0x20008d94</run_address>
         <size>0x64</size>
         <input_file_ref idref="fl-175"/>
      </object_component>
      <object_component id="oc-5cc">
         <name>.text:uDMAChannelAttributeEnable</name>
         <load_address>0x20008df8</load_address>
         <run_address>0x20008df8</run_address>
         <size>0x64</size>
         <input_file_ref idref="fl-175"/>
      </object_component>
      <object_component id="oc-303">
         <name>.text:_SlDrvDriverCBDeinit</name>
         <load_address>0x20008e5c</load_address>
         <run_address>0x20008e5c</run_address>
         <size>0x60</size>
         <input_file_ref idref="fl-167"/>
      </object_component>
      <object_component id="oc-579">
         <name>.text</name>
         <load_address>0x20008ebc</load_address>
         <run_address>0x20008ebc</run_address>
         <size>0x60</size>
         <input_file_ref idref="fl-159"/>
      </object_component>
      <object_component id="oc-5d">
         <name>.text</name>
         <load_address>0x20008f1c</load_address>
         <run_address>0x20008f1c</run_address>
         <size>0x5e</size>
         <input_file_ref idref="fl-137"/>
      </object_component>
      <object_component id="oc-5f2">
         <name>.text:_sl_HandleAsync_Select</name>
         <load_address>0x20008f7c</load_address>
         <run_address>0x20008f7c</run_address>
         <size>0x5c</size>
         <input_file_ref idref="fl-16c"/>
      </object_component>
      <object_component id="oc-7d">
         <name>.text</name>
         <load_address>0x20008fd8</load_address>
         <run_address>0x20008fd8</run_address>
         <size>0x5c</size>
         <input_file_ref idref="fl-2"/>
      </object_component>
      <object_component id="oc-25a">
         <name>.text</name>
         <load_address>0x20009034</load_address>
         <run_address>0x20009034</run_address>
         <size>0x5a</size>
         <input_file_ref idref="fl-151"/>
      </object_component>
      <object_component id="oc-468">
         <name>.text:IntPendClear</name>
         <load_address>0x20009090</load_address>
         <run_address>0x20009090</run_address>
         <size>0x58</size>
         <input_file_ref idref="fl-170"/>
      </object_component>
      <object_component id="oc-124">
         <name>.text:PRCMPeripheralReset</name>
         <load_address>0x200090e8</load_address>
         <run_address>0x200090e8</run_address>
         <size>0x58</size>
         <input_file_ref idref="fl-172"/>
      </object_component>
      <object_component id="oc-604">
         <name>.text:_sl_HandleAsync_Stop</name>
         <load_address>0x20009140</load_address>
         <run_address>0x20009140</run_address>
         <size>0x58</size>
         <input_file_ref idref="fl-166"/>
      </object_component>
      <object_component id="oc-433">
         <name>.text:IntPrioritySet</name>
         <load_address>0x20009198</load_address>
         <run_address>0x20009198</run_address>
         <size>0x54</size>
         <input_file_ref idref="fl-170"/>
      </object_component>
      <object_component id="oc-668">
         <name>.text:sl_NetAppSendTokenValue</name>
         <load_address>0x200091ec</load_address>
         <run_address>0x200091ec</run_address>
         <size>0x54</size>
         <input_file_ref idref="fl-169"/>
      </object_component>
      <object_component id="oc-439">
         <name>.text:SPIIntEnable</name>
         <load_address>0x20009240</load_address>
         <run_address>0x20009240</run_address>
         <size>0x4c</size>
         <input_file_ref idref="fl-173"/>
      </object_component>
      <object_component id="oc-555">
         <name>.text:SPIIntNumberGet</name>
         <load_address>0x2000928c</load_address>
         <run_address>0x2000928c</run_address>
         <size>0x4c</size>
         <input_file_ref idref="fl-173"/>
      </object_component>
      <object_component id="oc-27b">
         <name>.text</name>
         <load_address>0x200092d8</load_address>
         <run_address>0x200092d8</run_address>
         <size>0x4c</size>
         <input_file_ref idref="fl-142"/>
      </object_component>
      <object_component id="oc-40f">
         <name>.text:uDMAChannelAssign</name>
         <load_address>0x20009324</load_address>
         <run_address>0x20009324</run_address>
         <size>0x4c</size>
         <input_file_ref idref="fl-175"/>
      </object_component>
      <object_component id="oc-2d8">
         <name>.text:_sl_GetStartResponseConvert</name>
         <load_address>0x20009370</load_address>
         <run_address>0x20009370</run_address>
         <size>0x4a</size>
         <input_file_ref idref="fl-166"/>
      </object_component>
      <object_component id="oc-527">
         <name>.text:SPIIntClear</name>
         <load_address>0x200093bc</load_address>
         <run_address>0x200093bc</run_address>
         <size>0x48</size>
         <input_file_ref idref="fl-173"/>
      </object_component>
      <object_component id="oc-11">
         <name>.text</name>
         <load_address>0x20009404</load_address>
         <run_address>0x20009404</run_address>
         <size>0x48</size>
         <input_file_ref idref="fl-135"/>
      </object_component>
      <object_component id="oc-255">
         <name>.text</name>
         <load_address>0x2000944c</load_address>
         <run_address>0x2000944c</run_address>
         <size>0x48</size>
         <input_file_ref idref="fl-14b"/>
      </object_component>
      <object_component id="oc-1ce">
         <name>.text:sl_NetAppSet</name>
         <load_address>0x20009494</load_address>
         <run_address>0x20009494</run_address>
         <size>0x48</size>
         <input_file_ref idref="fl-169"/>
      </object_component>
      <object_component id="oc-1c2">
         <name>.text:sl_WlanSet</name>
         <load_address>0x200094dc</load_address>
         <run_address>0x200094dc</run_address>
         <size>0x48</size>
         <input_file_ref idref="fl-16d"/>
      </object_component>
      <object_component id="oc-51d">
         <name>.text:SPIDmaMaskGet</name>
         <load_address>0x20009524</load_address>
         <run_address>0x20009524</run_address>
         <size>0x44</size>
         <input_file_ref idref="fl-173"/>
      </object_component>
      <object_component id="oc-15c">
         <name>.text:TimerConfigure</name>
         <load_address>0x20009568</load_address>
         <run_address>0x20009568</run_address>
         <size>0x44</size>
         <input_file_ref idref="fl-174"/>
      </object_component>
      <object_component id="oc-76">
         <name>.text</name>
         <load_address>0x200095ac</load_address>
         <run_address>0x200095ac</run_address>
         <size>0x44</size>
         <input_file_ref idref="fl-144"/>
      </object_component>
      <object_component id="oc-40">
         <name>.text</name>
         <load_address>0x200095f0</load_address>
         <run_address>0x200095f0</run_address>
         <size>0x44</size>
         <input_file_ref idref="fl-139"/>
      </object_component>
      <object_component id="oc-3bb">
         <name>.text</name>
         <load_address>0x20009634</load_address>
         <run_address>0x20009634</run_address>
         <size>0x44</size>
         <input_file_ref idref="fl-15c"/>
      </object_component>
      <object_component id="oc-1bc">
         <name>.text:sl_NetCfgSet</name>
         <load_address>0x20009678</load_address>
         <run_address>0x20009678</run_address>
         <size>0x44</size>
         <input_file_ref idref="fl-16a"/>
      </object_component>
      <object_component id="oc-208">
         <name>.text:PinModeSet</name>
         <load_address>0x200096bc</load_address>
         <run_address>0x200096bc</run_address>
         <size>0x40</size>
         <input_file_ref idref="fl-171"/>
      </object_component>
      <object_component id="oc-2de">
         <name>.text:_SlDrvRxIrqHandler</name>
         <load_address>0x200096fc</load_address>
         <run_address>0x200096fc</run_address>
         <size>0x40</size>
         <input_file_ref idref="fl-167"/>
      </object_component>
      <object_component id="oc-de">
         <name>.text:_SlNonOsMainLoopTask</name>
         <load_address>0x2000973c</load_address>
         <run_address>0x2000973c</run_address>
         <size>0x40</size>
         <input_file_ref idref="fl-16b"/>
      </object_component>
      <object_component id="oc-470">
         <name>.text:_SlRemoveFromList</name>
         <load_address>0x2000977c</load_address>
         <run_address>0x2000977c</run_address>
         <size>0x40</size>
         <input_file_ref idref="fl-167"/>
      </object_component>
      <object_component id="oc-2c0">
         <name>.text:NwpPowerOff</name>
         <load_address>0x200097bc</load_address>
         <run_address>0x200097bc</run_address>
         <size>0x3c</size>
         <input_file_ref idref="fl-16e"/>
      </object_component>
      <object_component id="oc-11e">
         <name>.text:PRCMPeripheralClkEnable</name>
         <load_address>0x200097f8</load_address>
         <run_address>0x200097f8</run_address>
         <size>0x3c</size>
         <input_file_ref idref="fl-172"/>
      </object_component>
      <object_component id="oc-3de">
         <name>.text:_SlDrvObjInit</name>
         <load_address>0x20009834</load_address>
         <run_address>0x20009834</run_address>
         <size>0x3c</size>
         <input_file_ref idref="fl-167"/>
      </object_component>
      <object_component id="oc-5c6">
         <name>.text:uDMAChannelControlSet</name>
         <load_address>0x20009870</load_address>
         <run_address>0x20009870</run_address>
         <size>0x3c</size>
         <input_file_ref idref="fl-175"/>
      </object_component>
      <object_component id="oc-2c6">
         <name>.text:NwpRegisterInterruptHandler</name>
         <load_address>0x200098ac</load_address>
         <run_address>0x200098ac</run_address>
         <size>0x38</size>
         <input_file_ref idref="fl-16e"/>
      </object_component>
      <object_component id="oc-149">
         <name>.text:GPIODirModeSet</name>
         <load_address>0x200098e4</load_address>
         <run_address>0x200098e4</run_address>
         <size>0x36</size>
         <input_file_ref idref="fl-16f"/>
      </object_component>
      <object_component id="oc-168">
         <name>.text:TimerControlLevel</name>
         <load_address>0x2000991a</load_address>
         <run_address>0x2000991a</run_address>
         <size>0x36</size>
         <input_file_ref idref="fl-174"/>
      </object_component>
      <object_component id="oc-409">
         <name>.text:PRCMPeripheralStatusGet</name>
         <load_address>0x20009950</load_address>
         <run_address>0x20009950</run_address>
         <size>0x34</size>
         <input_file_ref idref="fl-172"/>
      </object_component>
      <object_component id="oc-427">
         <name>.text:SPIFIFOLevelSet</name>
         <load_address>0x20009984</load_address>
         <run_address>0x20009984</run_address>
         <size>0x34</size>
         <input_file_ref idref="fl-173"/>
      </object_component>
      <object_component id="oc-2cc">
         <name>.text:NwpPowerOn</name>
         <load_address>0x200099b8</load_address>
         <run_address>0x200099b8</run_address>
         <size>0x30</size>
         <input_file_ref idref="fl-16e"/>
      </object_component>
      <object_component id="oc-143">
         <name>.text:PinTypeGPIO</name>
         <load_address>0x200099e8</load_address>
         <run_address>0x200099e8</run_address>
         <size>0x30</size>
         <input_file_ref idref="fl-171"/>
      </object_component>
      <object_component id="oc-4b2">
         <name>.text:_SlDrvFlowContDeinit</name>
         <load_address>0x20009a18</load_address>
         <run_address>0x20009a18</run_address>
         <size>0x30</size>
         <input_file_ref idref="fl-168"/>
      </object_component>
      <object_component id="oc-3e4">
         <name>.text:_SlDrvFlowContInit</name>
         <load_address>0x20009a48</load_address>
         <run_address>0x20009a48</run_address>
         <size>0x30</size>
         <input_file_ref idref="fl-168"/>
      </object_component>
      <object_component id="oc-2b4">
         <name>.text:_SlNonOsSemGet</name>
         <load_address>0x20009a78</load_address>
         <run_address>0x20009a78</run_address>
         <size>0x30</size>
         <input_file_ref idref="fl-16b"/>
      </object_component>
      <object_component id="oc-398">
         <name>.text</name>
         <load_address>0x20009aa8</load_address>
         <run_address>0x20009aa8</run_address>
         <size>0x30</size>
         <input_file_ref idref="fl-157"/>
      </object_component>
      <object_component id="oc-260">
         <name>.text</name>
         <load_address>0x20009ad8</load_address>
         <run_address>0x20009ad8</run_address>
         <size>0x2e</size>
         <input_file_ref idref="fl-14e"/>
      </object_component>
      <object_component id="oc-130">
         <name>.text:PRCMSysResetCauseGet</name>
         <load_address>0x20009b08</load_address>
         <run_address>0x20009b08</run_address>
         <size>0x2c</size>
         <input_file_ref idref="fl-172"/>
      </object_component>
      <object_component id="oc-16e">
         <name>.text:TimerLoadSet</name>
         <load_address>0x20009b34</load_address>
         <run_address>0x20009b34</run_address>
         <size>0x2a</size>
         <input_file_ref idref="fl-174"/>
      </object_component>
      <object_component id="oc-156">
         <name>.text:TimerMatchSet</name>
         <load_address>0x20009b5e</load_address>
         <run_address>0x20009b5e</run_address>
         <size>0x2a</size>
         <input_file_ref idref="fl-174"/>
      </object_component>
      <object_component id="oc-162">
         <name>.text:TimerPrescaleSet</name>
         <load_address>0x20009b88</load_address>
         <run_address>0x20009b88</run_address>
         <size>0x2a</size>
         <input_file_ref idref="fl-174"/>
      </object_component>
      <object_component id="oc-12a">
         <name>.text:PRCMPeripheralClkDisable</name>
         <load_address>0x20009bb4</load_address>
         <run_address>0x20009bb4</run_address>
         <size>0x28</size>
         <input_file_ref idref="fl-172"/>
      </object_component>
      <object_component id="oc-1b0">
         <name>.text:sl_WlanSetMode</name>
         <load_address>0x20009bdc</load_address>
         <run_address>0x20009bdc</run_address>
         <size>0x28</size>
         <input_file_ref idref="fl-16d"/>
      </object_component>
      <object_component id="oc-448">
         <name>.text:DmaSpiSwIntHandler</name>
         <load_address>0x20009c04</load_address>
         <run_address>0x20009c04</run_address>
         <size>0x24</size>
         <input_file_ref idref="fl-16e"/>
      </object_component>
      <object_component id="oc-462">
         <name>.text:IntUnregister</name>
         <load_address>0x20009c28</load_address>
         <run_address>0x20009c28</run_address>
         <size>0x24</size>
         <input_file_ref idref="fl-170"/>
      </object_component>
      <object_component id="oc-1d4">
         <name>.text:sl_NetAppStart</name>
         <load_address>0x20009c4c</load_address>
         <run_address>0x20009c4c</run_address>
         <size>0x24</size>
         <input_file_ref idref="fl-169"/>
      </object_component>
      <object_component id="oc-1c8">
         <name>.text:sl_NetAppStop</name>
         <load_address>0x20009c70</load_address>
         <run_address>0x20009c70</run_address>
         <size>0x24</size>
         <input_file_ref idref="fl-169"/>
      </object_component>
      <object_component id="oc-3f7">
         <name>.text:SPIReset</name>
         <load_address>0x20009c94</load_address>
         <run_address>0x20009c94</run_address>
         <size>0x22</size>
         <input_file_ref idref="fl-173"/>
      </object_component>
      <object_component id="oc-5de">
         <name>.text:SPIWordCountSet</name>
         <load_address>0x20009cb6</load_address>
         <run_address>0x20009cb6</run_address>
         <size>0x22</size>
         <input_file_ref idref="fl-173"/>
      </object_component>
      <object_component id="oc-1a4">
         <name>.text</name>
         <load_address>0x20009cd8</load_address>
         <run_address>0x20009cd8</run_address>
         <size>0x22</size>
         <input_file_ref idref="fl-13a"/>
      </object_component>
      <object_component id="oc-42d">
         <name>.text:IntRegister</name>
         <load_address>0x20009cfc</load_address>
         <run_address>0x20009cfc</run_address>
         <size>0x20</size>
         <input_file_ref idref="fl-170"/>
      </object_component>
      <object_component id="oc-681">
         <name>.text:_SlDrvCmdSend</name>
         <load_address>0x20009d1c</load_address>
         <run_address>0x20009d1c</run_address>
         <size>0x20</size>
         <input_file_ref idref="fl-167"/>
      </object_component>
      <object_component id="oc-47e">
         <name>.text:_SlNonOsSpawn</name>
         <load_address>0x20009d3c</load_address>
         <run_address>0x20009d3c</run_address>
         <size>0x20</size>
         <input_file_ref idref="fl-16b"/>
      </object_component>
      <object_component id="oc-17a">
         <name>.text:TimerDisable</name>
         <load_address>0x20009d5c</load_address>
         <run_address>0x20009d5c</run_address>
         <size>0x1e</size>
         <input_file_ref idref="fl-174"/>
      </object_component>
      <object_component id="oc-174">
         <name>.text:TimerEnable</name>
         <load_address>0x20009d7a</load_address>
         <run_address>0x20009d7a</run_address>
         <size>0x1e</size>
         <input_file_ref idref="fl-174"/>
      </object_component>
      <object_component id="oc-4b8">
         <name>.text:_SlDrvObjDeInit</name>
         <load_address>0x20009d98</load_address>
         <run_address>0x20009d98</run_address>
         <size>0x1c</size>
         <input_file_ref idref="fl-167"/>
      </object_component>
      <object_component id="oc-275">
         <name>.text</name>
         <load_address>0x20009db4</load_address>
         <run_address>0x20009db4</run_address>
         <size>0x1c</size>
         <input_file_ref idref="fl-152"/>
      </object_component>
      <object_component id="oc-5d8">
         <name>.text:uDMAChannelEnable</name>
         <load_address>0x20009dd0</load_address>
         <run_address>0x20009dd0</run_address>
         <size>0x1c</size>
         <input_file_ref idref="fl-175"/>
      </object_component>
      <object_component id="oc-643">
         <name>.text:CopyPingResultsToReport</name>
         <load_address>0x20009dec</load_address>
         <run_address>0x20009dec</run_address>
         <size>0x1a</size>
         <input_file_ref idref="fl-169"/>
      </object_component>
      <object_component id="oc-13d">
         <name>.text:PinTypeSPI</name>
         <load_address>0x20009e06</load_address>
         <run_address>0x20009e06</run_address>
         <size>0x1a</size>
         <input_file_ref idref="fl-171"/>
      </object_component>
      <object_component id="oc-14f">
         <name>.text:PinTypeTimer</name>
         <load_address>0x20009e20</load_address>
         <run_address>0x20009e20</run_address>
         <size>0x1a</size>
         <input_file_ref idref="fl-171"/>
      </object_component>
      <object_component id="oc-4aa">
         <name>.text:SPIDmaDisable</name>
         <load_address>0x20009e3a</load_address>
         <run_address>0x20009e3a</run_address>
         <size>0x1a</size>
         <input_file_ref idref="fl-173"/>
      </object_component>
      <object_component id="oc-421">
         <name>.text:SPIDmaEnable</name>
         <load_address>0x20009e54</load_address>
         <run_address>0x20009e54</run_address>
         <size>0x1a</size>
         <input_file_ref idref="fl-173"/>
      </object_component>
      <object_component id="oc-4a4">
         <name>.text:SPIFIFODisable</name>
         <load_address>0x20009e6e</load_address>
         <run_address>0x20009e6e</run_address>
         <size>0x1a</size>
         <input_file_ref idref="fl-173"/>
      </object_component>
      <object_component id="oc-41b">
         <name>.text:SPIFIFOEnable</name>
         <load_address>0x20009e88</load_address>
         <run_address>0x20009e88</run_address>
         <size>0x1a</size>
         <input_file_ref idref="fl-173"/>
      </object_component>
      <object_component id="oc-49e">
         <name>.text:SPIIntUnregister</name>
         <load_address>0x20009ea2</load_address>
         <run_address>0x20009ea2</run_address>
         <size>0x1a</size>
         <input_file_ref idref="fl-173"/>
      </object_component>
      <object_component id="oc-632">
         <name>.text:_SlDrvDeviceEventHandler</name>
         <load_address>0x20009ebc</load_address>
         <run_address>0x20009ebc</run_address>
         <size>0x1a</size>
         <input_file_ref idref="fl-166"/>
      </object_component>
      <object_component id="oc-3eb">
         <name>.text:SPICSDisable</name>
         <load_address>0x20009ed6</load_address>
         <run_address>0x20009ed6</run_address>
         <size>0x18</size>
         <input_file_ref idref="fl-173"/>
      </object_component>
      <object_component id="oc-5c0">
         <name>.text:SPICSEnable</name>
         <load_address>0x20009eee</load_address>
         <run_address>0x20009eee</run_address>
         <size>0x18</size>
         <input_file_ref idref="fl-173"/>
      </object_component>
      <object_component id="oc-3f1">
         <name>.text:SPIDisable</name>
         <load_address>0x20009f06</load_address>
         <run_address>0x20009f06</run_address>
         <size>0x18</size>
         <input_file_ref idref="fl-173"/>
      </object_component>
      <object_component id="oc-43f">
         <name>.text:SPIEnable</name>
         <load_address>0x20009f1e</load_address>
         <run_address>0x20009f1e</run_address>
         <size>0x18</size>
         <input_file_ref idref="fl-173"/>
      </object_component>
      <object_component id="oc-3a">
         <name>.text</name>
         <load_address>0x20009f38</load_address>
         <run_address>0x20009f38</run_address>
         <size>0x18</size>
         <input_file_ref idref="fl-141"/>
      </object_component>
      <object_component id="oc-23c">
         <name>.text</name>
         <load_address>0x20009f50</load_address>
         <run_address>0x20009f50</run_address>
         <size>0x18</size>
         <input_file_ref idref="fl-14f"/>
      </object_component>
      <object_component id="oc-38c">
         <name>.text</name>
         <load_address>0x20009f68</load_address>
         <run_address>0x20009f68</run_address>
         <size>0x18</size>
         <input_file_ref idref="fl-156"/>
      </object_component>
      <object_component id="oc-112">
         <name>.text:PRCMHIBRegRead</name>
         <load_address>0x20009f80</load_address>
         <run_address>0x20009f80</run_address>
         <size>0x16</size>
         <input_file_ref idref="fl-172"/>
      </object_component>
      <object_component id="oc-118">
         <name>.text:PRCMHIBRegWrite</name>
         <load_address>0x20009f96</load_address>
         <run_address>0x20009f96</run_address>
         <size>0x16</size>
         <input_file_ref idref="fl-172"/>
      </object_component>
      <object_component id="oc-22f">
         <name>.text</name>
         <load_address>0x20009fac</load_address>
         <run_address>0x20009fac</run_address>
         <size>0x16</size>
         <input_file_ref idref="fl-153"/>
      </object_component>
      <object_component id="oc-392">
         <name>.text</name>
         <load_address>0x20009fc2</load_address>
         <run_address>0x20009fc2</run_address>
         <size>0x16</size>
         <input_file_ref idref="fl-155"/>
      </object_component>
      <object_component id="oc-102">
         <name>.text:CPUcpsie</name>
         <load_address>0x20009fd8</load_address>
         <run_address>0x20009fd8</run_address>
         <size>0x14</size>
         <input_file_ref idref="fl-177"/>
      </object_component>
      <object_component id="oc-ae">
         <name>.text:IntVTableBaseSet</name>
         <load_address>0x20009fec</load_address>
         <run_address>0x20009fec</run_address>
         <size>0x14</size>
         <input_file_ref idref="fl-170"/>
      </object_component>
      <object_component id="oc-137">
         <name>.text:PinTypeADC</name>
         <load_address>0x2000a000</load_address>
         <run_address>0x2000a000</run_address>
         <size>0x14</size>
         <input_file_ref idref="fl-171"/>
      </object_component>
      <object_component id="oc-625">
         <name>.text:_SlDrvShiftDWord</name>
         <load_address>0x2000a014</load_address>
         <run_address>0x2000a014</run_address>
         <size>0x14</size>
         <input_file_ref idref="fl-167"/>
      </object_component>
      <object_component id="oc-ec">
         <name>.text</name>
         <load_address>0x2000a028</load_address>
         <run_address>0x2000a028</run_address>
         <size>0x14</size>
         <input_file_ref idref="fl-13f"/>
      </object_component>
      <object_component id="oc-19e">
         <name>.text</name>
         <load_address>0x2000a03c</load_address>
         <run_address>0x2000a03c</run_address>
         <size>0x14</size>
         <input_file_ref idref="fl-13e"/>
      </object_component>
      <object_component id="oc-1c">
         <name>.text:decompress:ZI</name>
         <load_address>0x2000a050</load_address>
         <run_address>0x2000a050</run_address>
         <size>0x12</size>
         <input_file_ref idref="fl-138"/>
      </object_component>
      <object_component id="oc-26f">
         <name>.text</name>
         <load_address>0x2000a062</load_address>
         <run_address>0x2000a062</run_address>
         <size>0x12</size>
         <input_file_ref idref="fl-15b"/>
      </object_component>
      <object_component id="oc-478">
         <name>.text:NwpMaskInterrupt</name>
         <load_address>0x2000a074</load_address>
         <run_address>0x2000a074</run_address>
         <size>0x10</size>
         <input_file_ref idref="fl-16e"/>
      </object_component>
      <object_component id="oc-57f">
         <name>.text</name>
         <load_address>0x2000a084</load_address>
         <run_address>0x2000a084</run_address>
         <size>0x10</size>
         <input_file_ref idref="fl-161"/>
      </object_component>
      <object_component id="oc-16">
         <name>.text:decompress:none</name>
         <load_address>0x2000a094</load_address>
         <run_address>0x2000a094</run_address>
         <size>0xe</size>
         <input_file_ref idref="fl-136"/>
      </object_component>
      <object_component id="oc-2c">
         <name>.text</name>
         <load_address>0x2000a0a2</load_address>
         <run_address>0x2000a0a2</run_address>
         <size>0xe</size>
         <input_file_ref idref="fl-6"/>
      </object_component>
      <object_component id="oc-5b2">
         <name>.text:NwpUnMaskInterrupt</name>
         <load_address>0x2000a0b0</load_address>
         <run_address>0x2000a0b0</run_address>
         <size>0xc</size>
         <input_file_ref idref="fl-16e"/>
      </object_component>
      <object_component id="oc-b4">
         <name>.text:IntMasterEnable</name>
         <load_address>0x2000a0bc</load_address>
         <run_address>0x2000a0bc</run_address>
         <size>0xa</size>
         <input_file_ref idref="fl-170"/>
      </object_component>
      <object_component id="oc-2ba">
         <name>.text:_SlNonOsSemSet</name>
         <load_address>0x2000a0c6</load_address>
         <run_address>0x2000a0c6</run_address>
         <size>0x8</size>
         <input_file_ref idref="fl-16b"/>
      </object_component>
      <object_component id="oc-1f6">
         <name>.text:UtilsDelay</name>
         <load_address>0x2000a0ce</load_address>
         <run_address>0x2000a0ce</run_address>
         <size>0x6</size>
         <input_file_ref idref="fl-176"/>
      </object_component>
      <object_component id="oc-22">
         <name>.text:decompress:rle24</name>
         <load_address>0x2000a0d4</load_address>
         <run_address>0x2000a0d4</run_address>
         <size>0x6</size>
         <input_file_ref idref="fl-137"/>
      </object_component>
      <object_component id="oc-3c4">
         <name>.const:.string:_ctypes_</name>
         <load_address>0x2000a0dc</load_address>
         <run_address>0x2000a0dc</run_address>
         <size>0x102</size>
         <input_file_ref idref="fl-145"/>
      </object_component>
      <object_component id="oc-374">
         <name>.const:g_ulPinToPadMap</name>
         <load_address>0x2000a1e0</load_address>
         <run_address>0x2000a1e0</run_address>
         <size>0x100</size>
         <input_file_ref idref="fl-171"/>
      </object_component>
      <object_component id="oc-2f2">
         <name>.const</name>
         <load_address>0x2000a2e0</load_address>
         <run_address>0x2000a2e0</run_address>
         <size>0xec</size>
         <input_file_ref idref="fl-16d"/>
      </object_component>
      <object_component id="oc-519">
         <name>.const:g_pulRegs</name>
         <load_address>0x2000a3cc</load_address>
         <run_address>0x2000a3cc</run_address>
         <size>0xd4</size>
         <input_file_ref idref="fl-170"/>
      </object_component>
      <object_component id="oc-1f9">
         <name>.const:PRCM_PeriphRegsList</name>
         <load_address>0x2000a4a0</load_address>
         <run_address>0x2000a4a0</run_address>
         <size>0xa8</size>
         <input_file_ref idref="fl-172"/>
      </object_component>
      <object_component id="oc-10e">
         <name>.const</name>
         <load_address>0x2000a548</load_address>
         <run_address>0x2000a548</run_address>
         <size>0x80</size>
         <input_file_ref idref="fl-170"/>
      </object_component>
      <object_component id="oc-550">
         <name>.const</name>
         <load_address>0x2000a5c8</load_address>
         <run_address>0x2000a5c8</run_address>
         <size>0x4c</size>
         <input_file_ref idref="fl-167"/>
      </object_component>
      <object_component id="oc-323">
         <name>.const</name>
         <load_address>0x2000a614</load_address>
         <run_address>0x2000a614</run_address>
         <size>0x28</size>
         <input_file_ref idref="fl-169"/>
      </object_component>
      <object_component id="oc-1dd">
         <name>.const:.string</name>
         <load_address>0x2000a63c</load_address>
         <run_address>0x2000a63c</run_address>
         <size>0x27</size>
         <input_file_ref idref="fl-3"/>
      </object_component>
      <object_component id="oc-60c">
         <name>.const:g_ppulSPIIntMap</name>
         <load_address>0x2000a664</load_address>
         <run_address>0x2000a664</run_address>
         <size>0x24</size>
         <input_file_ref idref="fl-173"/>
      </object_component>
      <object_component id="oc-594">
         <name>.const</name>
         <load_address>0x2000a688</load_address>
         <run_address>0x2000a688</run_address>
         <size>0x18</size>
         <input_file_ref idref="fl-173"/>
      </object_component>
      <object_component id="oc-309">
         <name>.const</name>
         <load_address>0x2000a6a0</load_address>
         <run_address>0x2000a6a0</run_address>
         <size>0x14</size>
         <input_file_ref idref="fl-166"/>
      </object_component>
      <object_component id="oc-312">
         <name>.const</name>
         <load_address>0x2000a6b4</load_address>
         <run_address>0x2000a6b4</run_address>
         <size>0x8</size>
         <input_file_ref idref="fl-16a"/>
      </object_component>
      <object_component id="oc-6a8">
         <name>.cinit..data.load</name>
         <load_address>0x2000a6c0</load_address>
         <run_address>0x2000a6c0</run_address>
         <size>0xc4</size>
      </object_component>
      <object_component id="oc-6a6">
         <name>__TI_handler_table</name>
         <load_address>0x2000a784</load_address>
         <run_address>0x2000a784</run_address>
         <size>0xc</size>
      </object_component>
      <object_component id="oc-6a9">
         <name>.cinit..bss.load</name>
         <load_address>0x2000a790</load_address>
         <run_address>0x2000a790</run_address>
         <size>0x8</size>
      </object_component>
      <object_component id="oc-6a7">
         <name>__TI_cinit_table</name>
         <load_address>0x2000a798</load_address>
         <run_address>0x2000a798</run_address>
         <size>0x10</size>
      </object_component>
      <object_component id="oc-46">
         <name>.data</name>
         <load_address>0x20017438</load_address>
         <run_address>0x20017438</run_address>
         <size>0x4</size>
         <input_file_ref idref="fl-13d"/>
      </object_component>
      <object_component id="oc-85">
         <name>.data</name>
         <load_address>0x20017424</load_address>
         <run_address>0x20017424</run_address>
         <size>0x8</size>
         <input_file_ref idref="fl-13f"/>
      </object_component>
      <object_component id="oc-88">
         <name>.data</name>
         <load_address>0x2001742c</load_address>
         <run_address>0x2001742c</run_address>
         <size>0x8</size>
         <input_file_ref idref="fl-139"/>
      </object_component>
      <object_component id="oc-194">
         <name>.data:_ftable</name>
         <load_address>0x20017170</load_address>
         <run_address>0x20017170</run_address>
         <size>0xf0</size>
         <input_file_ref idref="fl-146"/>
      </object_component>
      <object_component id="oc-1da">
         <name>.data</name>
         <load_address>0x20017330</load_address>
         <run_address>0x20017330</run_address>
         <size>0x7c</size>
         <input_file_ref idref="fl-3"/>
      </object_component>
      <object_component id="oc-1e0">
         <name>.data</name>
         <load_address>0x20017000</load_address>
         <run_address>0x20017000</run_address>
         <size>0x170</size>
         <input_file_ref idref="fl-167"/>
      </object_component>
      <object_component id="oc-387">
         <name>.data</name>
         <load_address>0x20017408</load_address>
         <run_address>0x20017408</run_address>
         <size>0x10</size>
         <input_file_ref idref="fl-146"/>
      </object_component>
      <object_component id="oc-39e">
         <name>.data</name>
         <load_address>0x20017260</load_address>
         <run_address>0x20017260</run_address>
         <size>0xd0</size>
         <input_file_ref idref="fl-150"/>
      </object_component>
      <object_component id="oc-445">
         <name>.data</name>
         <load_address>0x200173ac</load_address>
         <run_address>0x200173ac</run_address>
         <size>0x5c</size>
         <input_file_ref idref="fl-16e"/>
      </object_component>
      <object_component id="oc-564">
         <name>.data</name>
         <load_address>0x20017418</load_address>
         <run_address>0x20017418</run_address>
         <size>0xc</size>
         <input_file_ref idref="fl-163"/>
      </object_component>
      <object_component id="oc-56e">
         <name>.data</name>
         <load_address>0x20017434</load_address>
         <run_address>0x20017434</run_address>
         <size>0x4</size>
         <input_file_ref idref="fl-162"/>
      </object_component>
      <object_component id="oc-1e3">
         <name>.bss:g__SlNonOsCB</name>
         <uninitialized>true</uninitialized>
         <run_address>0x200175fc</run_address>
         <size>0x28</size>
         <input_file_ref idref="fl-16b"/>
      </object_component>
      <object_component id="oc-612">
         <name>.bss:__TI_tmpnams</name>
         <uninitialized>true</uninitialized>
         <run_address>0x2001755c</run_address>
         <size>0xa0</size>
         <input_file_ref idref="fl-146"/>
      </object_component>
      <object_component id="oc-619">
         <name>.bss:__CIOBUF_</name>
         <uninitialized>true</uninitialized>
         <run_address>0x2001743c</run_address>
         <size>0x120</size>
         <input_file_ref idref="fl-159"/>
      </object_component>
      <object_component id="oc-585">
         <name>.common:parmbuf</name>
         <uninitialized>true</uninitialized>
         <run_address>0x20017624</run_address>
         <size>0x8</size>
      </object_component>
      <object_component id="oc-63f">
         <name>.common:g_cDummy</name>
         <uninitialized>true</uninitialized>
         <run_address>0x2001762c</run_address>
         <size>0x1</size>
      </object_component>
      <object_component id="oc-29">
         <name>.sysmem</name>
         <uninitialized>true</uninitialized>
         <run_address>0x20017630</run_address>
         <size>0x8</size>
         <input_file_ref idref="fl-163"/>
      </object_component>
      <object_component id="oc-6ab">
         <name>.sysmem</name>
         <uninitialized>true</uninitialized>
         <run_address>0x20017630</run_address>
         <size>0x0</size>
      </object_component>
      <object_component id="oc-28">
         <name>.stack</name>
         <uninitialized>true</uninitialized>
         <run_address>0x2002faec</run_address>
         <size>0x0</size>
         <input_file_ref idref="fl-135"/>
      </object_component>
      <object_component id="oc-6aa">
         <name>.stack</name>
         <uninitialized>true</uninitialized>
         <run_address>0x2002faec</run_address>
         <size>0x0</size>
      </object_component>
      <object_component id="oc-f">
         <name>.debug_info</name>
         <load_address>0x0</load_address>
         <run_address>0x0</run_address>
         <size>0x104</size>
         <input_file_ref idref="fl-6"/>
      </object_component>
      <object_component id="oc-13">
         <name>.debug_info</name>
         <load_address>0x104</load_address>
         <run_address>0x104</run_address>
         <size>0xf2</size>
         <input_file_ref idref="fl-135"/>
      </object_component>
      <object_component id="oc-18">
         <name>.debug_info</name>
         <load_address>0x1f6</load_address>
         <run_address>0x1f6</run_address>
         <size>0x180</size>
         <input_file_ref idref="fl-136"/>
      </object_component>
      <object_component id="oc-1f">
         <name>.debug_info</name>
         <load_address>0x376</load_address>
         <run_address>0x376</run_address>
         <size>0x16b</size>
         <input_file_ref idref="fl-138"/>
      </object_component>
      <object_component id="oc-26">
         <name>.debug_info</name>
         <load_address>0x4e1</load_address>
         <run_address>0x4e1</run_address>
         <size>0x167</size>
         <input_file_ref idref="fl-137"/>
      </object_component>
      <object_component id="oc-2a">
         <name>.debug_info</name>
         <load_address>0x648</load_address>
         <run_address>0x648</run_address>
         <size>0xb7</size>
         <input_file_ref idref="fl-163"/>
      </object_component>
      <object_component id="oc-2d">
         <name>.debug_info</name>
         <load_address>0x6ff</load_address>
         <run_address>0x6ff</run_address>
         <size>0x425</size>
         <input_file_ref idref="fl-6"/>
      </object_component>
      <object_component id="oc-34">
         <name>.debug_info</name>
         <load_address>0xb24</load_address>
         <run_address>0xb24</run_address>
         <size>0x119</size>
         <input_file_ref idref="fl-6"/>
      </object_component>
      <object_component id="oc-36">
         <name>.debug_info</name>
         <load_address>0xc3d</load_address>
         <run_address>0xc3d</run_address>
         <size>0x13a</size>
         <input_file_ref idref="fl-143"/>
      </object_component>
      <object_component id="oc-3b">
         <name>.debug_info</name>
         <load_address>0xd77</load_address>
         <run_address>0xd77</run_address>
         <size>0x11d</size>
         <input_file_ref idref="fl-141"/>
      </object_component>
      <object_component id="oc-43">
         <name>.debug_info</name>
         <load_address>0xe94</load_address>
         <run_address>0xe94</run_address>
         <size>0x1ae</size>
         <input_file_ref idref="fl-139"/>
      </object_component>
      <object_component id="oc-47">
         <name>.debug_info</name>
         <load_address>0x1042</load_address>
         <run_address>0x1042</run_address>
         <size>0xbf</size>
         <input_file_ref idref="fl-13d"/>
      </object_component>
      <object_component id="oc-4c">
         <name>.debug_info</name>
         <load_address>0x1101</load_address>
         <run_address>0x1101</run_address>
         <size>0xcb</size>
         <input_file_ref idref="fl-13b"/>
      </object_component>
      <object_component id="oc-50">
         <name>.debug_info</name>
         <load_address>0x11cc</load_address>
         <run_address>0x11cc</run_address>
         <size>0x46</size>
         <input_file_ref idref="fl-136"/>
      </object_component>
      <object_component id="oc-55">
         <name>.debug_info</name>
         <load_address>0x1212</load_address>
         <run_address>0x1212</run_address>
         <size>0xee</size>
         <input_file_ref idref="fl-136"/>
      </object_component>
      <object_component id="oc-57">
         <name>.debug_info</name>
         <load_address>0x1300</load_address>
         <run_address>0x1300</run_address>
         <size>0x46</size>
         <input_file_ref idref="fl-138"/>
      </object_component>
      <object_component id="oc-5c">
         <name>.debug_info</name>
         <load_address>0x1346</load_address>
         <run_address>0x1346</run_address>
         <size>0xae</size>
         <input_file_ref idref="fl-138"/>
      </object_component>
      <object_component id="oc-60">
         <name>.debug_info</name>
         <load_address>0x13f4</load_address>
         <run_address>0x13f4</run_address>
         <size>0x1f0</size>
         <input_file_ref idref="fl-137"/>
      </object_component>
      <object_component id="oc-64">
         <name>.debug_info</name>
         <load_address>0x15e4</load_address>
         <run_address>0x15e4</run_address>
         <size>0xb8</size>
         <input_file_ref idref="fl-137"/>
      </object_component>
      <object_component id="oc-65">
         <name>.debug_info</name>
         <load_address>0x169c</load_address>
         <run_address>0x169c</run_address>
         <size>0x39</size>
         <input_file_ref idref="fl-137"/>
      </object_component>
      <object_component id="oc-6c">
         <name>.debug_info</name>
         <load_address>0x16d5</load_address>
         <run_address>0x16d5</run_address>
         <size>0x1d8</size>
         <input_file_ref idref="fl-163"/>
      </object_component>
      <object_component id="oc-71">
         <name>.debug_info</name>
         <load_address>0x18ad</load_address>
         <run_address>0x18ad</run_address>
         <size>0x84</size>
         <input_file_ref idref="fl-2"/>
      </object_component>
      <object_component id="oc-77">
         <name>.debug_info</name>
         <load_address>0x1931</load_address>
         <run_address>0x1931</run_address>
         <size>0x14c</size>
         <input_file_ref idref="fl-144"/>
      </object_component>
      <object_component id="oc-7e">
         <name>.debug_info</name>
         <load_address>0x1a7d</load_address>
         <run_address>0x1a7d</run_address>
         <size>0x203</size>
         <input_file_ref idref="fl-2"/>
      </object_component>
      <object_component id="oc-84">
         <name>.debug_info</name>
         <load_address>0x1c80</load_address>
         <run_address>0x1c80</run_address>
         <size>0x11c</size>
         <input_file_ref idref="fl-141"/>
      </object_component>
      <object_component id="oc-86">
         <name>.debug_info</name>
         <load_address>0x1d9c</load_address>
         <run_address>0x1d9c</run_address>
         <size>0xc9</size>
         <input_file_ref idref="fl-13f"/>
      </object_component>
      <object_component id="oc-89">
         <name>.debug_info</name>
         <load_address>0x1e65</load_address>
         <run_address>0x1e65</run_address>
         <size>0xec</size>
         <input_file_ref idref="fl-139"/>
      </object_component>
      <object_component id="oc-8f">
         <name>.debug_info</name>
         <load_address>0x1f51</load_address>
         <run_address>0x1f51</run_address>
         <size>0x2c</size>
         <input_file_ref idref="fl-136"/>
      </object_component>
      <object_component id="oc-96">
         <name>.debug_info</name>
         <load_address>0x1f7d</load_address>
         <run_address>0x1f7d</run_address>
         <size>0x2c</size>
         <input_file_ref idref="fl-138"/>
      </object_component>
      <object_component id="oc-a2">
         <name>.debug_info</name>
         <load_address>0x1fa9</load_address>
         <run_address>0x1fa9</run_address>
         <size>0x2c</size>
         <input_file_ref idref="fl-162"/>
      </object_component>
      <object_component id="oc-a7">
         <name>.debug_info</name>
         <load_address>0x1fd5</load_address>
         <run_address>0x1fd5</run_address>
         <size>0x62</size>
         <input_file_ref idref="fl-163"/>
      </object_component>
      <object_component id="oc-ad">
         <name>.debug_info</name>
         <load_address>0x2037</load_address>
         <run_address>0x2037</run_address>
         <size>0x149</size>
         <input_file_ref idref="fl-144"/>
      </object_component>
      <object_component id="oc-af">
         <name>.debug_info</name>
         <load_address>0x2180</load_address>
         <run_address>0x2180</run_address>
         <size>0x1b2</size>
         <input_file_ref idref="fl-170"/>
      </object_component>
      <object_component id="oc-b5">
         <name>.debug_info</name>
         <load_address>0x2332</load_address>
[...]
      </symbol>
      <symbol id="sm-90f">
         <name>_SlDrvCmdSend</name>
         <value>0x20009d1d</value>
         <object_component_ref idref="oc-681"/>
      </symbol>
      <symbol id="sm-910">
         <name>_SlActionLookupTable</name>
         <value>0x2000a5dc</value>
         <object_component_ref idref="oc-550"/>
      </symbol>
      <symbol id="sm-92c">
         <name>_SlDrvFlowContDeinit</name>
         <value>0x20009a19</value>
         <object_component_ref idref="oc-4b2"/>
      </symbol>
      <symbol id="sm-92d">
         <name>_SlDrvFlowContInit</name>
         <value>0x20009a49</value>
         <object_component_ref idref="oc-3e4"/>
      </symbol>
      <symbol id="sm-9b5">
         <name>sl_NetAppSet</name>
         <value>0x20009495</value>
         <object_component_ref idref="oc-1ce"/>
      </symbol>
      <symbol id="sm-9b6">
         <name>_SlNetAppSendTokenValueCmdCtrl</name>
         <value>0x2000a634</value>
         <object_component_ref idref="oc-323"/>
      </symbol>
      <symbol id="sm-9b7">
         <name>sl_NetAppStop</name>
         <value>0x20009c71</value>
         <object_component_ref idref="oc-1c8"/>
      </symbol>
      <symbol id="sm-9b8">
         <name>_SlGetServiceListeCtrl</name>
         <value>0x2000a620</value>
         <object_component_ref idref="oc-323"/>
      </symbol>
      <symbol id="sm-9b9">
         <name>_SlNetAppStopCtrl</name>
         <value>0x2000a61c</value>
         <object_component_ref idref="oc-323"/>
      </symbol>
      <symbol id="sm-9ba">
         <name>_SlNetAppSetCmdCtrl</name>
         <value>0x2000a630</value>
         <object_component_ref idref="oc-323"/>
      </symbol>
      <symbol id="sm-9bb">
         <name>_SlNetAppGetCmdCtrl</name>
         <value>0x2000a638</value>
         <object_component_ref idref="oc-323"/>
      </symbol>
      <symbol id="sm-9bc">
         <name>_sl_HandleAsync_DnsGetHostByName</name>
         <value>0x20008829</value>
         <object_component_ref idref="oc-5f8"/>
      </symbol>
      <symbol id="sm-9bd">
         <name>_SlRegisterServiceCtrl</name>
         <value>0x2000a624</value>
         <object_component_ref idref="oc-323"/>
      </symbol>
      <symbol id="sm-9be">
         <name>_sl_HandleAsync_PingResponse</name>
         <value>0x20008a99</value>
         <object_component_ref idref="oc-5b9"/>
      </symbol>
      <symbol id="sm-9bf">
         <name>_SlNetAppStartCtrl</name>
         <value>0x2000a618</value>
         <object_component_ref idref="oc-323"/>
      </symbol>
      <symbol id="sm-9c0">
         <name>_SlDrvNetAppEventHandler</name>
         <value>0x20007ce9</value>
         <object_component_ref idref="oc-62c"/>
      </symbol>
      <symbol id="sm-9c1">
         <name>_sl_HandleAsync_DnsGetHostByService</name>
         <value>0x20008cc9</value>
         <object_component_ref idref="oc-5fe"/>
      </symbol>
      <symbol id="sm-9c2">
         <name>sl_NetAppStart</name>
         <value>0x20009c4d</value>
         <object_component_ref idref="oc-1d4"/>
      </symbol>
      <symbol id="sm-9c3">
         <name>sl_NetAppSendTokenValue</name>
         <value>0x200091ed</value>
         <object_component_ref idref="oc-668"/>
      </symbol>
      <symbol id="sm-9c4">
         <name>CopyPingResultsToReport</name>
         <value>0x20009ded</value>
         <object_component_ref idref="oc-643"/>
      </symbol>
      <symbol id="sm-9c5">
         <name>_SlGetHostByNameCtrl</name>
         <value>0x2000a62c</value>
         <object_component_ref idref="oc-323"/>
      </symbol>
      <symbol id="sm-9c6">
         <name>_SlGetHostByServiceCtrl</name>
         <value>0x2000a628</value>
         <object_component_ref idref="oc-323"/>
      </symbol>
      <symbol id="sm-9e4">
         <name>_SlNetCfgSetCmdCtrl</name>
         <value>0x2000a6b4</value>
         <object_component_ref idref="oc-312"/>
      </symbol>
      <symbol id="sm-9e5">
         <name>_SlNetCfgGetCmdCtrl</name>
         <value>0x2000a6b8</value>
         <object_component_ref idref="oc-312"/>
      </symbol>
      <symbol id="sm-9e6">
         <name>sl_NetCfgSet</name>
         <value>0x20009679</value>
         <object_component_ref idref="oc-1bc"/>
      </symbol>
      <symbol id="sm-a24">
         <name>_SlNonOsSemSet</name>
         <value>0x2000a0c7</value>
         <object_component_ref idref="oc-2ba"/>
      </symbol>
      <symbol id="sm-a25">
         <name>_SlNonOsSpawn</name>
         <value>0x20009d3d</value>
         <object_component_ref idref="oc-47e"/>
      </symbol>
      <symbol id="sm-a26">
         <name>_SlNonOsSemGet</name>
         <value>0x20009a79</value>
         <object_component_ref idref="oc-2b4"/>
      </symbol>
      <symbol id="sm-a27">
         <name>_SlNonOsMainLoopTask</name>
         <value>0x2000973d</value>
         <object_component_ref idref="oc-de"/>
      </symbol>
      <symbol id="sm-a28">
         <name>g__SlNonOsCB</name>
         <value>0x200175fc</value>
         <object_component_ref idref="oc-1e3"/>
      </symbol>
      <symbol id="sm-a5a">
         <name>_sl_HandleAsync_Connect</name>
         <value>0x20008bf5</value>
         <object_component_ref idref="oc-5ec"/>
      </symbol>
      <symbol id="sm-a5b">
         <name>_sl_HandleAsync_Select</name>
         <value>0x20008f7d</value>
         <object_component_ref idref="oc-5f2"/>
      </symbol>
      <symbol id="sm-a5c">
         <name>_sl_HandleAsync_Accept</name>
         <value>0x20008c61</value>
         <object_component_ref idref="oc-5e6"/>
      </symbol>
      <symbol id="sm-a88">
         <name>_SlPolicyGetCmdCtrl</name>
         <value>0x2000a2e8</value>
         <object_component_ref idref="oc-2f2"/>
      </symbol>
      <symbol id="sm-a89">
         <name>_SlPolicySetCmdCtrl</name>
         <value>0x2000a2e4</value>
         <object_component_ref idref="oc-2f2"/>
      </symbol>
      <symbol id="sm-a8a">
         <name>_SlRxFilterGetCmdCtrl</name>
         <value>0x2000a300</value>
         <object_component_ref idref="oc-2f2"/>
      </symbol>
      <symbol id="sm-a8b">
         <name>_SlRxFilterSetCmdCtrl</name>
         <value>0x2000a2fc</value>
         <object_component_ref idref="oc-2f2"/>
      </symbol>
      <symbol id="sm-a8c">
         <name>_SlProfileGetCmdCtrl</name>
         <value>0x2000a2ec</value>
         <object_component_ref idref="oc-2f2"/>
      </symbol>
      <symbol id="sm-a8d">
         <name>_SlWlanGetNetworkListCtrl</name>
         <value>0x2000a2f4</value>
         <object_component_ref idref="oc-2f2"/>
      </symbol>
      <symbol id="sm-a8e">
         <name>_SlProfileDelCmdCtrl</name>
         <value>0x2000a2f0</value>
         <object_component_ref idref="oc-2f2"/>
      </symbol>
      <symbol id="sm-a8f">
         <name>_SlWlanSetModeCmdCtrl</name>
         <value>0x2000a308</value>
         <object_component_ref idref="oc-2f2"/>
      </symbol>
      <symbol id="sm-a90">
         <name>_SlWlanCfgSetCmdCtrl</name>
         <value>0x2000a30c</value>
         <object_component_ref idref="oc-2f2"/>
      </symbol>
      <symbol id="sm-a91">
         <name>_SlWlanCfgGetCmdCtrl</name>
         <value>0x2000a310</value>
         <object_component_ref idref="oc-2f2"/>
      </symbol>
      <symbol id="sm-a92">
         <name>_SlRxFilterAddtCmdCtrl</name>
         <value>0x2000a2f8</value>
         <object_component_ref idref="oc-2f2"/>
      </symbol>
      <symbol id="sm-a93">
         <name>sl_WlanSet</name>
         <value>0x200094dd</value>
         <object_component_ref idref="oc-1c2"/>
      </symbol>
      <symbol id="sm-a94">
         <name>_SlSmartConfigStartCmdCtrl</name>
         <value>0x2000a304</value>
         <object_component_ref idref="oc-2f2"/>
      </symbol>
      <symbol id="sm-a95">
         <name>sl_WlanSetMode</name>
         <value>0x20009bdd</value>
         <object_component_ref idref="oc-1b0"/>
      </symbol>
      <symbol id="sm-b5f">
         <name>g_cDummy</name>
         <value>0x2001762c</value>
      </symbol>
      <symbol id="sm-b60">
         <name>NwpMaskInterrupt</name>
         <value>0x2000a075</value>
         <object_component_ref idref="oc-478"/>
      </symbol>
      <symbol id="sm-b61">
         <name>NwpRegisterInterruptHandler</name>
         <value>0x200098ad</value>
         <object_component_ref idref="oc-2c6"/>
      </symbol>
      <symbol id="sm-b62">
         <name>NwpPowerOnPreamble</name>
         <value>0x200088ad</value>
         <object_component_ref idref="oc-29c"/>
      </symbol>
      <symbol id="sm-b63">
         <name>g_pHostIntHdl</name>
         <value>0x200173b0</value>
         <object_component_ref idref="oc-445"/>
      </symbol>
      <symbol id="sm-b64">
         <name>NwpUnMaskInterrupt</name>
         <value>0x2000a0b1</value>
         <object_component_ref idref="oc-5b2"/>
      </symbol>
      <symbol id="sm-b65">
         <name>g_ucDinDout</name>
         <value>0x200173b8</value>
         <object_component_ref idref="oc-445"/>
      </symbol>
      <symbol id="sm-b66">
         <name>NwpPowerOff</name>
         <value>0x200097bd</value>
         <object_component_ref idref="oc-2c0"/>
      </symbol>
      <symbol id="sm-b67">
         <name>spi_Read</name>
         <value>0x200079d9</value>
         <object_component_ref idref="oc-5a6"/>
      </symbol>
      <symbol id="sm-b68">
         <name>DmaSpiSwIntHandler</name>
         <value>0x20009c05</value>
         <object_component_ref idref="oc-448"/>
      </symbol>
      <symbol id="sm-b69">
         <name>NwpPowerOn</name>
         <value>0x200099b9</value>
         <object_component_ref idref="oc-2cc"/>
      </symbol>
      <symbol id="sm-b6a">
         <name>spi_Close</name>
         <value>0x20008b11</value>
         <object_component_ref idref="oc-2fd"/>
      </symbol>
      <symbol id="sm-b6b">
         <name>spi_Write</name>
         <value>0x20007661</value>
         <object_component_ref idref="oc-54a"/>
      </symbol>
      <symbol id="sm-b6c">
         <name>spi_Open</name>
         <value>0x20007015</value>
         <object_component_ref idref="oc-2a8"/>
      </symbol>
      <symbol id="sm-b6d">
         <name>g_ucDMAEnabled</name>
         <value>0x200173b4</value>
         <object_component_ref idref="oc-445"/>
      </symbol>
      <symbol id="sm-b6e">
         <name>g_SpiFd</name>
         <value>0x200173ac</value>
         <object_component_ref idref="oc-445"/>
      </symbol>
      <symbol id="sm-b7a">
         <name>GPIODirModeSet</name>
         <value>0x200098e5</value>
         <object_component_ref idref="oc-149"/>
      </symbol>
      <symbol id="sm-c00">
         <name>IntPendClear</name>
         <value>0x20009091</value>
         <object_component_ref idref="oc-468"/>
      </symbol>
      <symbol id="sm-c01">
         <name>IntPrioritySet</name>
         <value>0x20009199</value>
         <object_component_ref idref="oc-433"/>
      </symbol>
      <symbol id="sm-c02">
         <name>IntVTableBaseSet</name>
         <value>0x20009fed</value>
         <object_component_ref idref="oc-ae"/>
      </symbol>
      <symbol id="sm-c03">
         <name>IntEnable</name>
         <value>0x20007ef1</value>
         <object_component_ref idref="oc-ba"/>
      </symbol>
      <symbol id="sm-c04">
         <name>IntDisable</name>
         <value>0x20007e49</value>
         <object_component_ref idref="oc-45c"/>
      </symbol>
      <symbol id="sm-c05">
         <name>IntRegister</name>
         <value>0x20009cfd</value>
         <object_component_ref idref="oc-42d"/>
      </symbol>
      <symbol id="sm-c06">
         <name>IntUnregister</name>
         <value>0x20009c29</value>
         <object_component_ref idref="oc-462"/>
      </symbol>
      <symbol id="sm-c07">
         <name>IntMasterEnable</name>
         <value>0x2000a0bd</value>
         <object_component_ref idref="oc-b4"/>
      </symbol>
      <symbol id="sm-c4e">
         <name>PinTypeADC</name>
         <value>0x2000a001</value>
         <object_component_ref idref="oc-137"/>
      </symbol>
      <symbol id="sm-c4f">
         <name>PinTypeTimer</name>
         <value>0x20009e21</value>
         <object_component_ref idref="oc-14f"/>
      </symbol>
      <symbol id="sm-c50">
         <name>PinTypeGPIO</name>
         <value>0x200099e9</value>
         <object_component_ref idref="oc-143"/>
      </symbol>
      <symbol id="sm-c51">
         <name>PinConfigSet</name>
         <value>0x2000860d</value>
         <object_component_ref idref="oc-201"/>
      </symbol>
      <symbol id="sm-c52">
         <name>PinTypeSPI</name>
         <value>0x20009e07</value>
         <object_component_ref idref="oc-13d"/>
      </symbol>
      <symbol id="sm-c53">
         <name>PinModeSet</name>
         <value>0x200096bd</value>
         <object_component_ref idref="oc-208"/>
      </symbol>
      <symbol id="sm-ce2">
         <name>PRCMPeripheralReset</name>
         <value>0x200090e9</value>
         <object_component_ref idref="oc-124"/>
      </symbol>
      <symbol id="sm-ce3">
         <name>PRCMPeripheralClkEnable</name>
         <value>0x200097f9</value>
         <object_component_ref idref="oc-11e"/>
      </symbol>
      <symbol id="sm-ce4">
         <name>PRCMPeripheralClockGet</name>
         <value>0x200082a1</value>
         <object_component_ref idref="oc-3fd"/>
      </symbol>
      <symbol id="sm-ce5">
         <name>PRCMCC3200MCUInit</name>
         <value>0x20006dad</value>
         <object_component_ref idref="oc-c0"/>
      </symbol>
      <symbol id="sm-ce6">
         <name>PRCMHIBRegWrite</name>
         <value>0x20009f97</value>
         <object_component_ref idref="oc-118"/>
      </symbol>
      <symbol id="sm-ce7">
         <name>PRCMSysResetCauseGet</name>
         <value>0x20009b09</value>
         <object_component_ref idref="oc-130"/>
      </symbol>
      <symbol id="sm-ce8">
         <name>PRCMPeripheralStatusGet</name>
         <value>0x20009951</value>
         <object_component_ref idref="oc-409"/>
      </symbol>
      <symbol id="sm-ce9">
         <name>PRCMPeripheralClkDisable</name>
         <value>0x20009bb5</value>
         <object_component_ref idref="oc-12a"/>
      </symbol>
      <symbol id="sm-cea">
         <name>PRCMHIBRegRead</name>
         <value>0x20009f81</value>
         <object_component_ref idref="oc-112"/>
      </symbol>
      <symbol id="sm-da5">
         <name>SPIFIFODisable</name>
         <value>0x20009e6f</value>
         <object_component_ref idref="oc-4a4"/>
      </symbol>
      <symbol id="sm-da6">
         <name>SPICSEnable</name>
         <value>0x20009eef</value>
         <object_component_ref idref="oc-5c0"/>
      </symbol>
      <symbol id="sm-da7">
         <name>SPIDisable</name>
         <value>0x20009f07</value>
         <object_component_ref idref="oc-3f1"/>
      </symbol>
      <symbol id="sm-da8">
         <name>SPIFIFOEnable</name>
         <value>0x20009e89</value>
         <object_component_ref idref="oc-41b"/>
      </symbol>
      <symbol id="sm-da9">
         <name>SPIWordCountSet</name>
         <value>0x20009cb7</value>
         <object_component_ref idref="oc-5de"/>
      </symbol>
      <symbol id="sm-daa">
         <name>SPIEnable</name>
         <value>0x20009f1f</value>
         <object_component_ref idref="oc-43f"/>
      </symbol>
      <symbol id="sm-dab">
         <name>SPIDmaEnable</name>
         <value>0x20009e55</value>
         <object_component_ref idref="oc-421"/>
      </symbol>
      <symbol id="sm-dac">
         <name>SPIConfigSetExpClk</name>
         <value>0x20007f99</value>
         <object_component_ref idref="oc-403"/>
      </symbol>
      <symbol id="sm-dad">
         <name>SPIIntUnregister</name>
         <value>0x20009ea3</value>
         <object_component_ref idref="oc-49e"/>
      </symbol>
      <symbol id="sm-dae">
         <name>SPIFIFOLevelSet</name>
         <value>0x20009985</value>
         <object_component_ref idref="oc-427"/>
      </symbol>
      <symbol id="sm-daf">
         <name>SPIDmaDisable</name>
         <value>0x20009e3b</value>
         <object_component_ref idref="oc-4aa"/>
      </symbol>
      <symbol id="sm-db0">
         <name>SPIReset</name>
         <value>0x20009c95</value>
         <object_component_ref idref="oc-3f7"/>
      </symbol>
      <symbol id="sm-db1">
         <name>SPIIntEnable</name>
         <value>0x20009241</value>
         <object_component_ref idref="oc-439"/>
      </symbol>
      <symbol id="sm-db2">
         <name>SPIIntClear</name>
         <value>0x200093bd</value>
         <object_component_ref idref="oc-527"/>
      </symbol>
      <symbol id="sm-db3">
         <name>SPICSDisable</name>
         <value>0x20009ed7</value>
         <object_component_ref idref="oc-3eb"/>
      </symbol>
      <symbol id="sm-df8">
         <name>TimerMatchSet</name>
         <value>0x20009b5f</value>
         <object_component_ref idref="oc-156"/>
      </symbol>
      <symbol id="sm-df9">
         <name>TimerLoadSet</name>
         <value>0x20009b35</value>
         <object_component_ref idref="oc-16e"/>
      </symbol>
      <symbol id="sm-dfa">
         <name>TimerControlLevel</name>
         <value>0x2000991b</value>
         <object_component_ref idref="oc-168"/>
      </symbol>
      <symbol id="sm-dfb">
         <name>TimerDisable</name>
         <value>0x20009d5d</value>
         <object_component_ref idref="oc-17a"/>
      </symbol>
      <symbol id="sm-dfc">
         <name>TimerEnable</name>
         <value>0x20009d7b</value>
         <object_component_ref idref="oc-174"/>
      </symbol>
      <symbol id="sm-dfd">
         <name>TimerPrescaleSet</name>
         <value>0x20009b89</value>
         <object_component_ref idref="oc-162"/>
      </symbol>
      <symbol id="sm-dfe">
         <name>TimerConfigure</name>
         <value>0x20009569</value>
         <object_component_ref idref="oc-15c"/>
      </symbol>
      <symbol id="sm-e55">
         <name>uDMAChannelControlSet</name>
         <value>0x20009871</value>
         <object_component_ref idref="oc-5c6"/>
      </symbol>
      <symbol id="sm-e56">
         <name>uDMAChannelAttributeEnable</name>
         <value>0x20008df9</value>
         <object_component_ref idref="oc-5cc"/>
      </symbol>
      <symbol id="sm-e57">
         <name>uDMAChannelTransferSet</name>
         <value>0x20007571</value>
         <object_component_ref idref="oc-5d2"/>
      </symbol>
      <symbol id="sm-e58">
         <name>uDMAChannelAssign</name>
         <value>0x20009325</value>
         <object_component_ref idref="oc-40f"/>
      </symbol>
      <symbol id="sm-e59">
         <name>uDMAChannelAttributeDisable</name>
         <value>0x20008d95</value>
         <object_component_ref idref="oc-415"/>
      </symbol>
      <symbol id="sm-e5a">
         <name>uDMAChannelEnable</name>
         <value>0x20009dd1</value>
         <object_component_ref idref="oc-5d8"/>
      </symbol>
      <symbol id="sm-e5e">
         <name>UtilsDelay</name>
         <value>0x2000a0cf</value>
         <object_component_ref idref="oc-1f6"/>
      </symbol>
      <symbol id="sm-e68">
         <name>CPUcpsie</name>
         <value>0x20009fd9</value>
         <object_component_ref idref="oc-102"/>
      </symbol>
      <symbol id="sm-e6b">
         <name>__TI_static_base__</name>
         <value>0x2000a6c0</value>
      </symbol>
      <symbol id="sm-e6c">
         <name>__TI_args_main</name>
         <value>0x1</value>
      </symbol>
      <symbol id="sm-e6d">
         <name>SHT$$INIT_ARRAY$$Limit</name>
         <value>0x0</value>
      </symbol>
      <symbol id="sm-e6e">
         <name>SHT$$INIT_ARRAY$$Base</name>
         <value>0x0</value>
      </symbol>
      <symbol id="sm-e72">
         <name>remove</name>
         <value>0x20005e2d</value>
      </symbol>
   </symbol_table>
   <title>Link successful</title>
</link_info>
